Flow report for parallel_dds_test_signal_generation_one_channel_only
Mon Sep 21 17:37:22 2015
Quartus II Version 9.0 Build 235 06/17/2009 Service Pack 2 SJ Web Edition


---------------------
; Table of Contents ;
---------------------
  1. Legal Notice
  2. Flow Summary
  3. Flow Settings
  4. Flow Non-Default Global Settings
  5. Flow Elapsed Time
  6. Flow OS Summary
  7. Flow Log



----------------
; Legal Notice ;
----------------
Copyright (C) 1991-2009 Altera Corporation
Your use of Altera Corporation's design tools, logic functions 
and other software and tools, and its AMPP partner logic 
functions, and any output files from any of the foregoing 
(including device programming or simulation files), and any 
associated documentation or information are expressly subject 
to the terms and conditions of the Altera Program License 
Subscription Agreement, Altera MegaCore Function License 
Agreement, or other applicable license agreement, including, 
without limitation, that your use is for the sole purpose of 
programming logic devices manufactured by Altera and sold by 
Altera or its authorized distributors.  Please refer to the 
applicable agreement for further details.



+-------------------------------------------------------------------------------------------+
; Flow Summary                                                                              ;
+------------------------------------+------------------------------------------------------+
; Flow Status                        ; Successful - Mon Sep 21 17:37:22 2015                ;
; Quartus II Version                 ; 9.0 Build 235 06/17/2009 SP 2 SJ Web Edition         ;
; Revision Name                      ; parallel_dds_test_signal_generation_one_channel_only ;
; Top-level Entity Name              ; parallel_dds_test_signal_generation_one_channel_only ;
; Family                             ; Cyclone III                                          ;
; Met timing requirements            ; N/A                                                  ;
; Total logic elements               ; 3,873                                                ;
;     Total combinational functions  ; 2,793                                                ;
;     Dedicated logic registers      ; 2,094                                                ;
; Total registers                    ; 2094                                                 ;
; Total pins                         ; 516                                                  ;
; Total virtual pins                 ; 0                                                    ;
; Total memory bits                  ; 213,108                                              ;
; Embedded Multiplier 9-bit elements ; 46                                                   ;
; Total PLLs                         ; 0                                                    ;
+------------------------------------+------------------------------------------------------+


+--------------------------------------------------------------------------+
; Flow Settings                                                            ;
+-------------------+------------------------------------------------------+
; Option            ; Setting                                              ;
+-------------------+------------------------------------------------------+
; Start date & time ; 09/21/2015 17:37:09                                  ;
; Main task         ; Compilation                                          ;
; Revision Name     ; parallel_dds_test_signal_generation_one_channel_only ;
+-------------------+------------------------------------------------------+


+---------------------------------------------------------------------------------------------------------------------------------------------------------------------+
; Flow Non-Default Global Settings                                                                                                                                    ;
+------------------------------------+---------------------------------------------------------------------------------+---------------+-------------+----------------+
; Assignment Name                    ; Value                                                                           ; Default Value ; Entity Name ; Section Id     ;
+------------------------------------+---------------------------------------------------------------------------------+---------------+-------------+----------------+
; COMPILER_SIGNATURE_ID              ; 163671701217887.144288222903628                                                 ; --            ; --          ; --             ;
; IP_TOOL_NAME                       ; ROM: 2-PORT                                                                     ; --            ; --          ; --             ;
; IP_TOOL_VERSION                    ; 9.0                                                                             ; --            ; --          ; --             ;
; MISC_FILE                          ; ../rtl/quartus_9_special_rtl/altera_cosrom_generic_megafunction_inst.v          ; --            ; --          ; --             ;
; PARTITION_COLOR                    ; 16764057                                                                        ; --            ; --          ; Top            ;
; PARTITION_NETLIST_TYPE             ; SOURCE                                                                          ; --            ; --          ; Top            ;
; SEARCH_PATH                        ; d:\avsoc\edevel00393_avsoc_hps\tsbs\common_rtl_library\tsb\ip\rtl/              ; --            ; --          ; --             ;
; SEARCH_PATH                        ; d:\avsoc\edevel00393_avsoc_hps\tsbs\common_rtl_library\tsb\ip\rtl\advanced_dds/ ; --            ; --          ; --             ;
; USE_GENERATED_PHYSICAL_CONSTRAINTS ; Off                                                                             ; --            ; --          ; eda_blast_fpga ;
; VERILOG_INPUT_VERSION              ; SystemVerilog_2005                                                              ; Verilog_2001  ; --          ; --             ;
; VERILOG_SHOW_LMF_MAPPING_MESSAGES  ; Off                                                                             ; --            ; --          ; --             ;
+------------------------------------+---------------------------------------------------------------------------------+---------------+-------------+----------------+


+--------------------------------------------------------------------------------------------------------------------------+
; Flow Elapsed Time                                                                                                        ;
+----------------------+--------------+-------------------------+---------------------+------------------------------------+
; Module Name          ; Elapsed Time ; Average Processors Used ; Peak Virtual Memory ; Total CPU Time (on all processors) ;
+----------------------+--------------+-------------------------+---------------------+------------------------------------+
; Analysis & Synthesis ; 00:00:12     ; 1.0                     ; 249 MB              ; 00:00:12                           ;
; Total                ; 00:00:12     ; --                      ; --                  ; 00:00:12                           ;
+----------------------+--------------+-------------------------+---------------------+------------------------------------+


+---------------------------------------------------------------------------------------+
; Flow OS Summary                                                                       ;
+----------------------+------------------+---------------+------------+----------------+
; Module Name          ; Machine Hostname ; OS Name       ; OS Version ; Processor type ;
+----------------------+------------------+---------------+------------+----------------+
; Analysis & Synthesis ; edevel1pc        ; Windows Vista ; 6.1        ; x86_64         ;
+----------------------+------------------+---------------+------------+----------------+


------------
; Flow Log ;
------------
quartus_map --read_settings_files=on --write_settings_files=off parallel_dds_test_signal_generation_one_channel_only -c parallel_dds_test_signal_generation_one_channel_only



