Simulator report for read_ltc2380
Mon Apr 10 16:43:32 2017
Quartus II Version 9.0 Build 235 06/17/2009 Service Pack 2 SJ Web Edition


---------------------
; Table of Contents ;
---------------------
  1. Legal Notice
  2. Simulator Summary
  3. Simulator Settings
  4. Simulation Waveforms
  5. Coverage Summary
  6. Complete 1/0-Value Coverage
  7. Missing 1-Value Coverage
  8. Missing 0-Value Coverage
  9. Simulator INI Usage
 10. Simulator Messages



----------------
; Legal Notice ;
----------------
Copyright (C) 1991-2009 Altera Corporation
Your use of Altera Corporation's design tools, logic functions 
and other software and tools, and its AMPP partner logic 
functions, and any output files from any of the foregoing 
(including device programming or simulation files), and any 
associated documentation or information are expressly subject 
to the terms and conditions of the Altera Program License 
Subscription Agreement, Altera MegaCore Function License 
Agreement, or other applicable license agreement, including, 
without limitation, that your use is for the sole purpose of 
programming logic devices manufactured by Altera and sold by 
Altera or its authorized distributors.  Please refer to the 
applicable agreement for further details.



+--------------------------------------------+
; Simulator Summary                          ;
+-----------------------------+--------------+
; Type                        ; Value        ;
+-----------------------------+--------------+
; Simulation Start Time       ; 0 ps         ;
; Simulation End Time         ; 1.0 us       ;
; Simulation Netlist Size     ; 343 nodes    ;
; Simulation Coverage         ;      65.60 % ;
; Total Number of Transitions ; 15397        ;
; Simulation Breakpoints      ; 0            ;
; Family                      ; Cyclone III  ;
+-----------------------------+--------------+


+-------------------------------------------------------------------------------------------------------------------------+
; Simulator Settings                                                                                                      ;
+--------------------------------------------------------------------------------------------+------------+---------------+
; Option                                                                                     ; Setting    ; Default Value ;
+--------------------------------------------------------------------------------------------+------------+---------------+
; Simulation mode                                                                            ; Functional ; Timing        ;
; Start time                                                                                 ; 0 ns       ; 0 ns          ;
; Simulation results format                                                                  ; CVWF       ;               ;
; Add pins automatically to simulation output waveforms                                      ; On         ; On            ;
; Check outputs                                                                              ; Off        ; Off           ;
; Report simulation coverage                                                                 ; On         ; On            ;
; Display complete 1/0 value coverage report                                                 ; On         ; On            ;
; Display missing 1-value coverage report                                                    ; On         ; On            ;
; Display missing 0-value coverage report                                                    ; On         ; On            ;
; Detect setup and hold time violations                                                      ; Off        ; Off           ;
; Detect glitches                                                                            ; Off        ; Off           ;
; Disable timing delays in Timing Simulation                                                 ; Off        ; Off           ;
; Generate Signal Activity File                                                              ; Off        ; Off           ;
; Generate VCD File for PowerPlay Power Analyzer                                             ; Off        ; Off           ;
; Group bus channels in simulation results                                                   ; Off        ; Off           ;
; Preserve fewer signal transitions to reduce memory requirements                            ; On         ; On            ;
; Trigger vector comparison with the specified mode                                          ; INPUT_EDGE ; INPUT_EDGE    ;
; Disable setup and hold time violations detection in input registers of bi-directional pins ; Off        ; Off           ;
; Overwrite Waveform Inputs With Simulation Outputs                                          ; On         ;               ;
; Perform Glitch Filtering in Timing Simulation                                              ; Auto       ; Auto          ;
; Interconnect Delay Model Type                                                              ; Transport  ; Transport     ;
; Cell Delay Model Type                                                                      ; Transport  ; Transport     ;
+--------------------------------------------------------------------------------------------+------------+---------------+


+----------------------+
; Simulation Waveforms ;
+----------------------+
Waveform report data cannot be output to ASCII.
Please use Quartus II to view the waveform report data.


+--------------------------------------------------------------------+
; Coverage Summary                                                   ;
+-----------------------------------------------------+--------------+
; Type                                                ; Value        ;
+-----------------------------------------------------+--------------+
; Total coverage as a percentage                      ;      65.60 % ;
; Total nodes checked                                 ; 343          ;
; Total output ports checked                          ; 343          ;
; Total output ports with complete 1/0-value coverage ; 225          ;
; Total output ports with no 1/0-value coverage       ; 115          ;
; Total output ports with no 1-value coverage         ; 115          ;
; Total output ports with no 0-value coverage         ; 118          ;
+-----------------------------------------------------+--------------+


The following table displays output ports that toggle between 1 and 0 during simulation.
+--------------------------------------------------------------------------------------------------------------------------------------------------------------------+
; Complete 1/0-Value Coverage                                                                                                                                        ;
+------------------------------------------------------------------------+------------------------------------------------------------------------+------------------+
; Node Name                                                              ; Output Port Name                                                       ; Output Port Type ;
+------------------------------------------------------------------------+------------------------------------------------------------------------+------------------+
; |read_ltc2380|read_data~2                                              ; |read_ltc2380|read_data~2                                              ; out              ;
; |read_ltc2380|read_data~3                                              ; |read_ltc2380|read_data~3                                              ; out              ;
; |read_ltc2380|read_data~4                                              ; |read_ltc2380|read_data~4                                              ; out              ;
; |read_ltc2380|read_data~5                                              ; |read_ltc2380|read_data~5                                              ; out              ;
; |read_ltc2380|read_data~6                                              ; |read_ltc2380|read_data~6                                              ; out              ;
; |read_ltc2380|read_data~7                                              ; |read_ltc2380|read_data~7                                              ; out              ;
; |read_ltc2380|read_data~8                                              ; |read_ltc2380|read_data~8                                              ; out              ;
; |read_ltc2380|read_data~9                                              ; |read_ltc2380|read_data~9                                              ; out              ;
; |read_ltc2380|read_data~10                                             ; |read_ltc2380|read_data~10                                             ; out              ;
; |read_ltc2380|read_data~11                                             ; |read_ltc2380|read_data~11                                             ; out              ;
; |read_ltc2380|read_data~12                                             ; |read_ltc2380|read_data~12                                             ; out              ;
; |read_ltc2380|read_data~13                                             ; |read_ltc2380|read_data~13                                             ; out              ;
; |read_ltc2380|read_data~14                                             ; |read_ltc2380|read_data~14                                             ; out              ;
; |read_ltc2380|read_data~15                                             ; |read_ltc2380|read_data~15                                             ; out              ;
; |read_ltc2380|read_data~16                                             ; |read_ltc2380|read_data~16                                             ; out              ;
; |read_ltc2380|read_data~17                                             ; |read_ltc2380|read_data~17                                             ; out              ;
; |read_ltc2380|read_data~18                                             ; |read_ltc2380|read_data~18                                             ; out              ;
; |read_ltc2380|read_data~19                                             ; |read_ltc2380|read_data~19                                             ; out              ;
; |read_ltc2380|read_data~20                                             ; |read_ltc2380|read_data~20                                             ; out              ;
; |read_ltc2380|read_data~21                                             ; |read_ltc2380|read_data~21                                             ; out              ;
; |read_ltc2380|read_data~22                                             ; |read_ltc2380|read_data~22                                             ; out              ;
; |read_ltc2380|read_data~23                                             ; |read_ltc2380|read_data~23                                             ; out              ;
; |read_ltc2380|read_data~25                                             ; |read_ltc2380|read_data~25                                             ; out              ;
; |read_ltc2380|read_data~26                                             ; |read_ltc2380|read_data~26                                             ; out              ;
; |read_ltc2380|read_data~27                                             ; |read_ltc2380|read_data~27                                             ; out              ;
; |read_ltc2380|read_data~28                                             ; |read_ltc2380|read_data~28                                             ; out              ;
; |read_ltc2380|read_data~29                                             ; |read_ltc2380|read_data~29                                             ; out              ;
; |read_ltc2380|read_data~30                                             ; |read_ltc2380|read_data~30                                             ; out              ;
; |read_ltc2380|read_data~31                                             ; |read_ltc2380|read_data~31                                             ; out              ;
; |read_ltc2380|read_data~32                                             ; |read_ltc2380|read_data~32                                             ; out              ;
; |read_ltc2380|read_data~33                                             ; |read_ltc2380|read_data~33                                             ; out              ;
; |read_ltc2380|read_data~34                                             ; |read_ltc2380|read_data~34                                             ; out              ;
; |read_ltc2380|read_data~35                                             ; |read_ltc2380|read_data~35                                             ; out              ;
; |read_ltc2380|read_data~36                                             ; |read_ltc2380|read_data~36                                             ; out              ;
; |read_ltc2380|read_data~37                                             ; |read_ltc2380|read_data~37                                             ; out              ;
; |read_ltc2380|read_data~38                                             ; |read_ltc2380|read_data~38                                             ; out              ;
; |read_ltc2380|read_data~39                                             ; |read_ltc2380|read_data~39                                             ; out              ;
; |read_ltc2380|read_data~40                                             ; |read_ltc2380|read_data~40                                             ; out              ;
; |read_ltc2380|read_data~41                                             ; |read_ltc2380|read_data~41                                             ; out              ;
; |read_ltc2380|read_data~42                                             ; |read_ltc2380|read_data~42                                             ; out              ;
; |read_ltc2380|read_data~43                                             ; |read_ltc2380|read_data~43                                             ; out              ;
; |read_ltc2380|read_data~44                                             ; |read_ltc2380|read_data~44                                             ; out              ;
; |read_ltc2380|read_data~45                                             ; |read_ltc2380|read_data~45                                             ; out              ;
; |read_ltc2380|read_data~46                                             ; |read_ltc2380|read_data~46                                             ; out              ;
; |read_ltc2380|read_data~47                                             ; |read_ltc2380|read_data~47                                             ; out              ;
; |read_ltc2380|sck_pulse_counter~3                                      ; |read_ltc2380|sck_pulse_counter~3                                      ; out              ;
; |read_ltc2380|sck_pulse_counter~4                                      ; |read_ltc2380|sck_pulse_counter~4                                      ; out              ;
; |read_ltc2380|sck_pulse_counter~5                                      ; |read_ltc2380|sck_pulse_counter~5                                      ; out              ;
; |read_ltc2380|sck_pulse_counter~6                                      ; |read_ltc2380|sck_pulse_counter~6                                      ; out              ;
; |read_ltc2380|sck_pulse_counter~7                                      ; |read_ltc2380|sck_pulse_counter~7                                      ; out              ;
; |read_ltc2380|sck_pulse_counter~11                                     ; |read_ltc2380|sck_pulse_counter~11                                     ; out              ;
; |read_ltc2380|sck_pulse_counter~12                                     ; |read_ltc2380|sck_pulse_counter~12                                     ; out              ;
; |read_ltc2380|sck_pulse_counter~13                                     ; |read_ltc2380|sck_pulse_counter~13                                     ; out              ;
; |read_ltc2380|sck_pulse_counter~14                                     ; |read_ltc2380|sck_pulse_counter~14                                     ; out              ;
; |read_ltc2380|sck_pulse_counter~15                                     ; |read_ltc2380|sck_pulse_counter~15                                     ; out              ;
; |read_ltc2380|read_data[0]~reg0                                        ; |read_ltc2380|read_data[0]~reg0                                        ; regout           ;
; |read_ltc2380|always2~0                                                ; |read_ltc2380|always2~0                                                ; out0             ;
; |read_ltc2380|state~6                                                  ; |read_ltc2380|state~6                                                  ; out              ;
; |read_ltc2380|state~7                                                  ; |read_ltc2380|state~7                                                  ; out              ;
; |read_ltc2380|state~8                                                  ; |read_ltc2380|state~8                                                  ; out              ;
; |read_ltc2380|state~9                                                  ; |read_ltc2380|state~9                                                  ; out              ;
; |read_ltc2380|state~10                                                 ; |read_ltc2380|state~10                                                 ; out              ;
; |read_ltc2380|state~11                                                 ; |read_ltc2380|state~11                                                 ; out              ;
; |read_ltc2380|state~12                                                 ; |read_ltc2380|state~12                                                 ; out              ;
; |read_ltc2380|state~13                                                 ; |read_ltc2380|state~13                                                 ; out              ;
; |read_ltc2380|state~14                                                 ; |read_ltc2380|state~14                                                 ; out              ;
; |read_ltc2380|state~15                                                 ; |read_ltc2380|state~15                                                 ; out              ;
; |read_ltc2380|state[4]~reg0                                            ; |read_ltc2380|state[4]~reg0                                            ; regout           ;
; |read_ltc2380|state[3]~reg0                                            ; |read_ltc2380|state[3]~reg0                                            ; regout           ;
; |read_ltc2380|state[2]~reg0                                            ; |read_ltc2380|state[2]~reg0                                            ; regout           ;
; |read_ltc2380|state[1]~reg0                                            ; |read_ltc2380|state[1]~reg0                                            ; regout           ;
; |read_ltc2380|state[0]~reg0                                            ; |read_ltc2380|state[0]~reg0                                            ; regout           ;
; |read_ltc2380|WideOr4                                                  ; |read_ltc2380|WideOr4                                                  ; out0             ;
; |read_ltc2380|WideOr6                                                  ; |read_ltc2380|WideOr6                                                  ; out0             ;
; |read_ltc2380|WideOr8                                                  ; |read_ltc2380|WideOr8                                                  ; out0             ;
; |read_ltc2380|WideOr9                                                  ; |read_ltc2380|WideOr9                                                  ; out0             ;
; |read_ltc2380|WideOr12                                                 ; |read_ltc2380|WideOr12                                                 ; out0             ;
; |read_ltc2380|state~38                                                 ; |read_ltc2380|state~38                                                 ; out              ;
; |read_ltc2380|state~39                                                 ; |read_ltc2380|state~39                                                 ; out              ;
; |read_ltc2380|state~40                                                 ; |read_ltc2380|state~40                                                 ; out              ;
; |read_ltc2380|state~41                                                 ; |read_ltc2380|state~41                                                 ; out              ;
; |read_ltc2380|state~42                                                 ; |read_ltc2380|state~42                                                 ; out              ;
; |read_ltc2380|state~43                                                 ; |read_ltc2380|state~43                                                 ; out              ;
; |read_ltc2380|state~44                                                 ; |read_ltc2380|state~44                                                 ; out              ;
; |read_ltc2380|state~45                                                 ; |read_ltc2380|state~45                                                 ; out              ;
; |read_ltc2380|state~46                                                 ; |read_ltc2380|state~46                                                 ; out              ;
; |read_ltc2380|state~47                                                 ; |read_ltc2380|state~47                                                 ; out              ;
; |read_ltc2380|sck_pulse_counter[0]~reg0                                ; |read_ltc2380|sck_pulse_counter[0]~reg0                                ; regout           ;
; |read_ltc2380|state[5]~reg0                                            ; |read_ltc2380|state[5]~reg0                                            ; regout           ;
; |read_ltc2380|state[6]~reg0                                            ; |read_ltc2380|state[6]~reg0                                            ; regout           ;
; |read_ltc2380|state[7]~reg0                                            ; |read_ltc2380|state[7]~reg0                                            ; regout           ;
; |read_ltc2380|state[8]~reg0                                            ; |read_ltc2380|state[8]~reg0                                            ; regout           ;
; |read_ltc2380|state[9]~reg0                                            ; |read_ltc2380|state[9]~reg0                                            ; regout           ;
; |read_ltc2380|sck_pulse_counter[1]~reg0                                ; |read_ltc2380|sck_pulse_counter[1]~reg0                                ; regout           ;
; |read_ltc2380|sck_pulse_counter[2]~reg0                                ; |read_ltc2380|sck_pulse_counter[2]~reg0                                ; regout           ;
; |read_ltc2380|sck_pulse_counter[3]~reg0                                ; |read_ltc2380|sck_pulse_counter[3]~reg0                                ; regout           ;
; |read_ltc2380|sck_pulse_counter[4]~reg0                                ; |read_ltc2380|sck_pulse_counter[4]~reg0                                ; regout           ;
; |read_ltc2380|read_data[1]~reg0                                        ; |read_ltc2380|read_data[1]~reg0                                        ; regout           ;
; |read_ltc2380|read_data[2]~reg0                                        ; |read_ltc2380|read_data[2]~reg0                                        ; regout           ;
; |read_ltc2380|read_data[3]~reg0                                        ; |read_ltc2380|read_data[3]~reg0                                        ; regout           ;
; |read_ltc2380|read_data[4]~reg0                                        ; |read_ltc2380|read_data[4]~reg0                                        ; regout           ;
; |read_ltc2380|read_data[5]~reg0                                        ; |read_ltc2380|read_data[5]~reg0                                        ; regout           ;
; |read_ltc2380|read_data[6]~reg0                                        ; |read_ltc2380|read_data[6]~reg0                                        ; regout           ;
; |read_ltc2380|read_data[7]~reg0                                        ; |read_ltc2380|read_data[7]~reg0                                        ; regout           ;
; |read_ltc2380|read_data[8]~reg0                                        ; |read_ltc2380|read_data[8]~reg0                                        ; regout           ;
; |read_ltc2380|read_data[9]~reg0                                        ; |read_ltc2380|read_data[9]~reg0                                        ; regout           ;
; |read_ltc2380|read_data[10]~reg0                                       ; |read_ltc2380|read_data[10]~reg0                                       ; regout           ;
; |read_ltc2380|read_data[11]~reg0                                       ; |read_ltc2380|read_data[11]~reg0                                       ; regout           ;
; |read_ltc2380|read_data[12]~reg0                                       ; |read_ltc2380|read_data[12]~reg0                                       ; regout           ;
; |read_ltc2380|read_data[13]~reg0                                       ; |read_ltc2380|read_data[13]~reg0                                       ; regout           ;
; |read_ltc2380|read_data[14]~reg0                                       ; |read_ltc2380|read_data[14]~reg0                                       ; regout           ;
; |read_ltc2380|read_data[15]~reg0                                       ; |read_ltc2380|read_data[15]~reg0                                       ; regout           ;
; |read_ltc2380|read_data[16]~reg0                                       ; |read_ltc2380|read_data[16]~reg0                                       ; regout           ;
; |read_ltc2380|read_data[17]~reg0                                       ; |read_ltc2380|read_data[17]~reg0                                       ; regout           ;
; |read_ltc2380|read_data[18]~reg0                                       ; |read_ltc2380|read_data[18]~reg0                                       ; regout           ;
; |read_ltc2380|read_data[19]~reg0                                       ; |read_ltc2380|read_data[19]~reg0                                       ; regout           ;
; |read_ltc2380|read_data[20]~reg0                                       ; |read_ltc2380|read_data[20]~reg0                                       ; regout           ;
; |read_ltc2380|read_data[21]~reg0                                       ; |read_ltc2380|read_data[21]~reg0                                       ; regout           ;
; |read_ltc2380|start                                                    ; |read_ltc2380|start                                                    ; out              ;
; |read_ltc2380|enable                                                   ; |read_ltc2380|enable                                                   ; out              ;
; |read_ltc2380|clk                                                      ; |read_ltc2380|clk                                                      ; out              ;
; |read_ltc2380|finish                                                   ; |read_ltc2380|finish                                                   ; pin_out          ;
; |read_ltc2380|sck_pulse_counter[0]                                     ; |read_ltc2380|sck_pulse_counter[0]                                     ; pin_out          ;
; |read_ltc2380|sck_pulse_counter[1]                                     ; |read_ltc2380|sck_pulse_counter[1]                                     ; pin_out          ;
; |read_ltc2380|sck_pulse_counter[2]                                     ; |read_ltc2380|sck_pulse_counter[2]                                     ; pin_out          ;
; |read_ltc2380|sck_pulse_counter[3]                                     ; |read_ltc2380|sck_pulse_counter[3]                                     ; pin_out          ;
; |read_ltc2380|sck_pulse_counter[4]                                     ; |read_ltc2380|sck_pulse_counter[4]                                     ; pin_out          ;
; |read_ltc2380|read_data[0]                                             ; |read_ltc2380|read_data[0]                                             ; pin_out          ;
; |read_ltc2380|read_data[1]                                             ; |read_ltc2380|read_data[1]                                             ; pin_out          ;
; |read_ltc2380|read_data[2]                                             ; |read_ltc2380|read_data[2]                                             ; pin_out          ;
; |read_ltc2380|read_data[3]                                             ; |read_ltc2380|read_data[3]                                             ; pin_out          ;
; |read_ltc2380|read_data[4]                                             ; |read_ltc2380|read_data[4]                                             ; pin_out          ;
; |read_ltc2380|read_data[5]                                             ; |read_ltc2380|read_data[5]                                             ; pin_out          ;
; |read_ltc2380|read_data[6]                                             ; |read_ltc2380|read_data[6]                                             ; pin_out          ;
; |read_ltc2380|read_data[7]                                             ; |read_ltc2380|read_data[7]                                             ; pin_out          ;
; |read_ltc2380|read_data[8]                                             ; |read_ltc2380|read_data[8]                                             ; pin_out          ;
; |read_ltc2380|read_data[9]                                             ; |read_ltc2380|read_data[9]                                             ; pin_out          ;
; |read_ltc2380|read_data[10]                                            ; |read_ltc2380|read_data[10]                                            ; pin_out          ;
; |read_ltc2380|read_data[11]                                            ; |read_ltc2380|read_data[11]                                            ; pin_out          ;
; |read_ltc2380|read_data[12]                                            ; |read_ltc2380|read_data[12]                                            ; pin_out          ;
; |read_ltc2380|read_data[13]                                            ; |read_ltc2380|read_data[13]                                            ; pin_out          ;
; |read_ltc2380|read_data[14]                                            ; |read_ltc2380|read_data[14]                                            ; pin_out          ;
; |read_ltc2380|read_data[15]                                            ; |read_ltc2380|read_data[15]                                            ; pin_out          ;
; |read_ltc2380|read_data[16]                                            ; |read_ltc2380|read_data[16]                                            ; pin_out          ;
; |read_ltc2380|read_data[17]                                            ; |read_ltc2380|read_data[17]                                            ; pin_out          ;
; |read_ltc2380|read_data[18]                                            ; |read_ltc2380|read_data[18]                                            ; pin_out          ;
; |read_ltc2380|read_data[19]                                            ; |read_ltc2380|read_data[19]                                            ; pin_out          ;
; |read_ltc2380|read_data[20]                                            ; |read_ltc2380|read_data[20]                                            ; pin_out          ;
; |read_ltc2380|read_data[21]                                            ; |read_ltc2380|read_data[21]                                            ; pin_out          ;
; |read_ltc2380|state[0]                                                 ; |read_ltc2380|state[0]                                                 ; pin_out          ;
; |read_ltc2380|state[1]                                                 ; |read_ltc2380|state[1]                                                 ; pin_out          ;
; |read_ltc2380|state[2]                                                 ; |read_ltc2380|state[2]                                                 ; pin_out          ;
; |read_ltc2380|state[3]                                                 ; |read_ltc2380|state[3]                                                 ; pin_out          ;
; |read_ltc2380|state[4]                                                 ; |read_ltc2380|state[4]                                                 ; pin_out          ;
; |read_ltc2380|state[5]                                                 ; |read_ltc2380|state[5]                                                 ; pin_out          ;
; |read_ltc2380|state[6]                                                 ; |read_ltc2380|state[6]                                                 ; pin_out          ;
; |read_ltc2380|state[7]                                                 ; |read_ltc2380|state[7]                                                 ; pin_out          ;
; |read_ltc2380|state[8]                                                 ; |read_ltc2380|state[8]                                                 ; pin_out          ;
; |read_ltc2380|state[9]                                                 ; |read_ltc2380|state[9]                                                 ; pin_out          ;
; |read_ltc2380|spi_clk                                                  ; |read_ltc2380|spi_clk                                                  ; pin_out          ;
; |read_ltc2380|spi_csn                                                  ; |read_ltc2380|spi_csn                                                  ; pin_out          ;
; |read_ltc2380|spi_miso                                                 ; |read_ltc2380|spi_miso                                                 ; out              ;
; |read_ltc2380|spi_miso_synced                                          ; |read_ltc2380|spi_miso_synced                                          ; pin_out          ;
; |read_ltc2380|clear_read_data                                          ; |read_ltc2380|clear_read_data                                          ; pin_out          ;
; |read_ltc2380|insert_miso                                              ; |read_ltc2380|insert_miso                                              ; pin_out          ;
; |read_ltc2380|increase_counter                                         ; |read_ltc2380|increase_counter                                         ; pin_out          ;
; |read_ltc2380|doublesync_no_reset:sync_spi_miso|sync_srl16_inferred[1] ; |read_ltc2380|doublesync_no_reset:sync_spi_miso|sync_srl16_inferred[1] ; regout           ;
; |read_ltc2380|doublesync_no_reset:sync_spi_miso|sync_srl16_inferred[0] ; |read_ltc2380|doublesync_no_reset:sync_spi_miso|sync_srl16_inferred[0] ; regout           ;
; |read_ltc2380|Selector6~0                                              ; |read_ltc2380|Selector6~0                                              ; out0             ;
; |read_ltc2380|Selector6~2                                              ; |read_ltc2380|Selector6~2                                              ; out0             ;
; |read_ltc2380|Selector7~0                                              ; |read_ltc2380|Selector7~0                                              ; out0             ;
; |read_ltc2380|Selector7~2                                              ; |read_ltc2380|Selector7~2                                              ; out0             ;
; |read_ltc2380|Selector8~0                                              ; |read_ltc2380|Selector8~0                                              ; out0             ;
; |read_ltc2380|Selector8~2                                              ; |read_ltc2380|Selector8~2                                              ; out0             ;
; |read_ltc2380|Selector9~0                                              ; |read_ltc2380|Selector9~0                                              ; out0             ;
; |read_ltc2380|Selector9~2                                              ; |read_ltc2380|Selector9~2                                              ; out0             ;
; |read_ltc2380|Selector10~0                                             ; |read_ltc2380|Selector10~0                                             ; out0             ;
; |read_ltc2380|Selector10~3                                             ; |read_ltc2380|Selector10~3                                             ; out0             ;
; |read_ltc2380|Selector11~0                                             ; |read_ltc2380|Selector11~0                                             ; out0             ;
; |read_ltc2380|Selector11~2                                             ; |read_ltc2380|Selector11~2                                             ; out0             ;
; |read_ltc2380|Selector11~3                                             ; |read_ltc2380|Selector11~3                                             ; out0             ;
; |read_ltc2380|Selector11~4                                             ; |read_ltc2380|Selector11~4                                             ; out0             ;
; |read_ltc2380|Selector12~0                                             ; |read_ltc2380|Selector12~0                                             ; out0             ;
; |read_ltc2380|Selector12~2                                             ; |read_ltc2380|Selector12~2                                             ; out0             ;
; |read_ltc2380|Selector13~0                                             ; |read_ltc2380|Selector13~0                                             ; out0             ;
; |read_ltc2380|Selector13~2                                             ; |read_ltc2380|Selector13~2                                             ; out0             ;
; |read_ltc2380|Selector13~3                                             ; |read_ltc2380|Selector13~3                                             ; out0             ;
; |read_ltc2380|Selector14~0                                             ; |read_ltc2380|Selector14~0                                             ; out0             ;
; |read_ltc2380|Selector14~2                                             ; |read_ltc2380|Selector14~2                                             ; out0             ;
; |read_ltc2380|Selector15~0                                             ; |read_ltc2380|Selector15~0                                             ; out0             ;
; |read_ltc2380|Selector15~2                                             ; |read_ltc2380|Selector15~2                                             ; out0             ;
; |read_ltc2380|Selector15~4                                             ; |read_ltc2380|Selector15~4                                             ; out0             ;
; |read_ltc2380|LessThan0~0                                              ; |read_ltc2380|LessThan0~0                                              ; out0             ;
; |read_ltc2380|LessThan0~1                                              ; |read_ltc2380|LessThan0~1                                              ; out0             ;
; |read_ltc2380|LessThan0~2                                              ; |read_ltc2380|LessThan0~2                                              ; out0             ;
; |read_ltc2380|LessThan0~3                                              ; |read_ltc2380|LessThan0~3                                              ; out0             ;
; |read_ltc2380|LessThan0~4                                              ; |read_ltc2380|LessThan0~4                                              ; out0             ;
; |read_ltc2380|LessThan0~5                                              ; |read_ltc2380|LessThan0~5                                              ; out0             ;
; |read_ltc2380|LessThan0~6                                              ; |read_ltc2380|LessThan0~6                                              ; out0             ;
; |read_ltc2380|LessThan0~7                                              ; |read_ltc2380|LessThan0~7                                              ; out0             ;
; |read_ltc2380|LessThan0~8                                              ; |read_ltc2380|LessThan0~8                                              ; out0             ;
; |read_ltc2380|LessThan0~9                                              ; |read_ltc2380|LessThan0~9                                              ; out0             ;
; |read_ltc2380|LessThan0~10                                             ; |read_ltc2380|LessThan0~10                                             ; out0             ;
; |read_ltc2380|Add0~0                                                   ; |read_ltc2380|Add0~0                                                   ; out0             ;
; |read_ltc2380|Add0~1                                                   ; |read_ltc2380|Add0~1                                                   ; out0             ;
; |read_ltc2380|Add0~2                                                   ; |read_ltc2380|Add0~2                                                   ; out0             ;
; |read_ltc2380|Add0~3                                                   ; |read_ltc2380|Add0~3                                                   ; out0             ;
; |read_ltc2380|Add0~4                                                   ; |read_ltc2380|Add0~4                                                   ; out0             ;
; |read_ltc2380|Add0~5                                                   ; |read_ltc2380|Add0~5                                                   ; out0             ;
; |read_ltc2380|Add0~6                                                   ; |read_ltc2380|Add0~6                                                   ; out0             ;
; |read_ltc2380|Equal0~0                                                 ; |read_ltc2380|Equal0~0                                                 ; out0             ;
; |read_ltc2380|Equal1~0                                                 ; |read_ltc2380|Equal1~0                                                 ; out0             ;
; |read_ltc2380|Equal2~0                                                 ; |read_ltc2380|Equal2~0                                                 ; out0             ;
; |read_ltc2380|Equal3~0                                                 ; |read_ltc2380|Equal3~0                                                 ; out0             ;
; |read_ltc2380|Equal4~0                                                 ; |read_ltc2380|Equal4~0                                                 ; out0             ;
; |read_ltc2380|Equal5~0                                                 ; |read_ltc2380|Equal5~0                                                 ; out0             ;
; |read_ltc2380|Equal6~0                                                 ; |read_ltc2380|Equal6~0                                                 ; out0             ;
; |read_ltc2380|Equal7~0                                                 ; |read_ltc2380|Equal7~0                                                 ; out0             ;
; |read_ltc2380|Equal8~0                                                 ; |read_ltc2380|Equal8~0                                                 ; out0             ;
; |read_ltc2380|Equal9~0                                                 ; |read_ltc2380|Equal9~0                                                 ; out0             ;
; |read_ltc2380|Equal10~0                                                ; |read_ltc2380|Equal10~0                                                ; out0             ;
; |read_ltc2380|Equal11~0                                                ; |read_ltc2380|Equal11~0                                                ; out0             ;
; |read_ltc2380|Equal12~0                                                ; |read_ltc2380|Equal12~0                                                ; out0             ;
; |read_ltc2380|Equal13~0                                                ; |read_ltc2380|Equal13~0                                                ; out0             ;
; |read_ltc2380|Equal14~0                                                ; |read_ltc2380|Equal14~0                                                ; out0             ;
+------------------------------------------------------------------------+------------------------------------------------------------------------+------------------+


The following table displays output ports that do not toggle to 1 during simulation.
+------------------------------------------------------------------------------------------------------------------------------------------------------------+
; Missing 1-Value Coverage                                                                                                                                   ;
+--------------------------------------------------------------------+--------------------------------------------------------------------+------------------+
; Node Name                                                          ; Output Port Name                                                   ; Output Port Type ;
+--------------------------------------------------------------------+--------------------------------------------------------------------+------------------+
; |read_ltc2380|read_data~0                                          ; |read_ltc2380|read_data~0                                          ; out              ;
; |read_ltc2380|read_data~24                                         ; |read_ltc2380|read_data~24                                         ; out              ;
; |read_ltc2380|sck_pulse_counter~0                                  ; |read_ltc2380|sck_pulse_counter~0                                  ; out              ;
; |read_ltc2380|sck_pulse_counter~1                                  ; |read_ltc2380|sck_pulse_counter~1                                  ; out              ;
; |read_ltc2380|sck_pulse_counter~2                                  ; |read_ltc2380|sck_pulse_counter~2                                  ; out              ;
; |read_ltc2380|sck_pulse_counter~8                                  ; |read_ltc2380|sck_pulse_counter~8                                  ; out              ;
; |read_ltc2380|sck_pulse_counter~9                                  ; |read_ltc2380|sck_pulse_counter~9                                  ; out              ;
; |read_ltc2380|sck_pulse_counter~10                                 ; |read_ltc2380|sck_pulse_counter~10                                 ; out              ;
; |read_ltc2380|state~0                                              ; |read_ltc2380|state~0                                              ; out              ;
; |read_ltc2380|state~1                                              ; |read_ltc2380|state~1                                              ; out              ;
; |read_ltc2380|state~2                                              ; |read_ltc2380|state~2                                              ; out              ;
; |read_ltc2380|state~3                                              ; |read_ltc2380|state~3                                              ; out              ;
; |read_ltc2380|state~4                                              ; |read_ltc2380|state~4                                              ; out              ;
; |read_ltc2380|state~5                                              ; |read_ltc2380|state~5                                              ; out              ;
; |read_ltc2380|state~16                                             ; |read_ltc2380|state~16                                             ; out              ;
; |read_ltc2380|state~17                                             ; |read_ltc2380|state~17                                             ; out              ;
; |read_ltc2380|state~18                                             ; |read_ltc2380|state~18                                             ; out              ;
; |read_ltc2380|state~19                                             ; |read_ltc2380|state~19                                             ; out              ;
; |read_ltc2380|state~20                                             ; |read_ltc2380|state~20                                             ; out              ;
; |read_ltc2380|state~21                                             ; |read_ltc2380|state~21                                             ; out              ;
; |read_ltc2380|state~22                                             ; |read_ltc2380|state~22                                             ; out              ;
; |read_ltc2380|state~23                                             ; |read_ltc2380|state~23                                             ; out              ;
; |read_ltc2380|state~24                                             ; |read_ltc2380|state~24                                             ; out              ;
; |read_ltc2380|state~25                                             ; |read_ltc2380|state~25                                             ; out              ;
; |read_ltc2380|state~26                                             ; |read_ltc2380|state~26                                             ; out              ;
; |read_ltc2380|state~27                                             ; |read_ltc2380|state~27                                             ; out              ;
; |read_ltc2380|state~28                                             ; |read_ltc2380|state~28                                             ; out              ;
; |read_ltc2380|state~29                                             ; |read_ltc2380|state~29                                             ; out              ;
; |read_ltc2380|state~30                                             ; |read_ltc2380|state~30                                             ; out              ;
; |read_ltc2380|state~31                                             ; |read_ltc2380|state~31                                             ; out              ;
; |read_ltc2380|WideNor0                                             ; |read_ltc2380|WideNor0                                             ; out0             ;
; |read_ltc2380|state~32                                             ; |read_ltc2380|state~32                                             ; out              ;
; |read_ltc2380|state~33                                             ; |read_ltc2380|state~33                                             ; out              ;
; |read_ltc2380|state~34                                             ; |read_ltc2380|state~34                                             ; out              ;
; |read_ltc2380|state~35                                             ; |read_ltc2380|state~35                                             ; out              ;
; |read_ltc2380|state~36                                             ; |read_ltc2380|state~36                                             ; out              ;
; |read_ltc2380|state~37                                             ; |read_ltc2380|state~37                                             ; out              ;
; |read_ltc2380|state[10]~reg0                                       ; |read_ltc2380|state[10]~reg0                                       ; regout           ;
; |read_ltc2380|state[11]~reg0                                       ; |read_ltc2380|state[11]~reg0                                       ; regout           ;
; |read_ltc2380|state[12]~reg0                                       ; |read_ltc2380|state[12]~reg0                                       ; regout           ;
; |read_ltc2380|state[13]~reg0                                       ; |read_ltc2380|state[13]~reg0                                       ; regout           ;
; |read_ltc2380|state[14]~reg0                                       ; |read_ltc2380|state[14]~reg0                                       ; regout           ;
; |read_ltc2380|state[15]~reg0                                       ; |read_ltc2380|state[15]~reg0                                       ; regout           ;
; |read_ltc2380|sck_pulse_counter[5]~reg0                            ; |read_ltc2380|sck_pulse_counter[5]~reg0                            ; regout           ;
; |read_ltc2380|sck_pulse_counter[6]~reg0                            ; |read_ltc2380|sck_pulse_counter[6]~reg0                            ; regout           ;
; |read_ltc2380|sck_pulse_counter[7]~reg0                            ; |read_ltc2380|sck_pulse_counter[7]~reg0                            ; regout           ;
; |read_ltc2380|read_data[23]~reg0                                   ; |read_ltc2380|read_data[23]~reg0                                   ; regout           ;
; |read_ltc2380|reset                                                ; |read_ltc2380|reset                                                ; out              ;
; |read_ltc2380|conv                                                 ; |read_ltc2380|conv                                                 ; pin_out          ;
; |read_ltc2380|busy                                                 ; |read_ltc2380|busy                                                 ; out              ;
; |read_ltc2380|sck_pulse_counter[5]                                 ; |read_ltc2380|sck_pulse_counter[5]                                 ; pin_out          ;
; |read_ltc2380|sck_pulse_counter[6]                                 ; |read_ltc2380|sck_pulse_counter[6]                                 ; pin_out          ;
; |read_ltc2380|sck_pulse_counter[7]                                 ; |read_ltc2380|sck_pulse_counter[7]                                 ; pin_out          ;
; |read_ltc2380|read_data[23]                                        ; |read_ltc2380|read_data[23]                                        ; pin_out          ;
; |read_ltc2380|state[10]                                            ; |read_ltc2380|state[10]                                            ; pin_out          ;
; |read_ltc2380|state[11]                                            ; |read_ltc2380|state[11]                                            ; pin_out          ;
; |read_ltc2380|state[12]                                            ; |read_ltc2380|state[12]                                            ; pin_out          ;
; |read_ltc2380|state[13]                                            ; |read_ltc2380|state[13]                                            ; pin_out          ;
; |read_ltc2380|state[14]                                            ; |read_ltc2380|state[14]                                            ; pin_out          ;
; |read_ltc2380|state[15]                                            ; |read_ltc2380|state[15]                                            ; pin_out          ;
; |read_ltc2380|busy_synced                                          ; |read_ltc2380|busy_synced                                          ; pin_out          ;
; |read_ltc2380|doublesync_no_reset:sync_busy|sync_srl16_inferred[1] ; |read_ltc2380|doublesync_no_reset:sync_busy|sync_srl16_inferred[1] ; regout           ;
; |read_ltc2380|doublesync_no_reset:sync_busy|sync_srl16_inferred[0] ; |read_ltc2380|doublesync_no_reset:sync_busy|sync_srl16_inferred[0] ; regout           ;
; |read_ltc2380|Selector0~0                                          ; |read_ltc2380|Selector0~0                                          ; out0             ;
; |read_ltc2380|Selector0~1                                          ; |read_ltc2380|Selector0~1                                          ; out0             ;
; |read_ltc2380|Selector0~2                                          ; |read_ltc2380|Selector0~2                                          ; out0             ;
; |read_ltc2380|Selector0~3                                          ; |read_ltc2380|Selector0~3                                          ; out0             ;
; |read_ltc2380|Selector1~0                                          ; |read_ltc2380|Selector1~0                                          ; out0             ;
; |read_ltc2380|Selector1~1                                          ; |read_ltc2380|Selector1~1                                          ; out0             ;
; |read_ltc2380|Selector1~2                                          ; |read_ltc2380|Selector1~2                                          ; out0             ;
; |read_ltc2380|Selector1~3                                          ; |read_ltc2380|Selector1~3                                          ; out0             ;
; |read_ltc2380|Selector2~0                                          ; |read_ltc2380|Selector2~0                                          ; out0             ;
; |read_ltc2380|Selector2~1                                          ; |read_ltc2380|Selector2~1                                          ; out0             ;
; |read_ltc2380|Selector2~2                                          ; |read_ltc2380|Selector2~2                                          ; out0             ;
; |read_ltc2380|Selector2~3                                          ; |read_ltc2380|Selector2~3                                          ; out0             ;
; |read_ltc2380|Selector3~0                                          ; |read_ltc2380|Selector3~0                                          ; out0             ;
; |read_ltc2380|Selector3~1                                          ; |read_ltc2380|Selector3~1                                          ; out0             ;
; |read_ltc2380|Selector3~2                                          ; |read_ltc2380|Selector3~2                                          ; out0             ;
; |read_ltc2380|Selector3~3                                          ; |read_ltc2380|Selector3~3                                          ; out0             ;
; |read_ltc2380|Selector4~0                                          ; |read_ltc2380|Selector4~0                                          ; out0             ;
; |read_ltc2380|Selector4~1                                          ; |read_ltc2380|Selector4~1                                          ; out0             ;
; |read_ltc2380|Selector4~2                                          ; |read_ltc2380|Selector4~2                                          ; out0             ;
; |read_ltc2380|Selector4~3                                          ; |read_ltc2380|Selector4~3                                          ; out0             ;
; |read_ltc2380|Selector5~0                                          ; |read_ltc2380|Selector5~0                                          ; out0             ;
; |read_ltc2380|Selector5~1                                          ; |read_ltc2380|Selector5~1                                          ; out0             ;
; |read_ltc2380|Selector5~2                                          ; |read_ltc2380|Selector5~2                                          ; out0             ;
; |read_ltc2380|Selector5~3                                          ; |read_ltc2380|Selector5~3                                          ; out0             ;
; |read_ltc2380|Selector6~1                                          ; |read_ltc2380|Selector6~1                                          ; out0             ;
; |read_ltc2380|Selector6~3                                          ; |read_ltc2380|Selector6~3                                          ; out0             ;
; |read_ltc2380|Selector6~4                                          ; |read_ltc2380|Selector6~4                                          ; out0             ;
; |read_ltc2380|Selector7~1                                          ; |read_ltc2380|Selector7~1                                          ; out0             ;
; |read_ltc2380|Selector7~3                                          ; |read_ltc2380|Selector7~3                                          ; out0             ;
; |read_ltc2380|Selector8~1                                          ; |read_ltc2380|Selector8~1                                          ; out0             ;
; |read_ltc2380|Selector8~3                                          ; |read_ltc2380|Selector8~3                                          ; out0             ;
; |read_ltc2380|Selector8~4                                          ; |read_ltc2380|Selector8~4                                          ; out0             ;
; |read_ltc2380|Selector9~1                                          ; |read_ltc2380|Selector9~1                                          ; out0             ;
; |read_ltc2380|Selector9~3                                          ; |read_ltc2380|Selector9~3                                          ; out0             ;
; |read_ltc2380|Selector9~4                                          ; |read_ltc2380|Selector9~4                                          ; out0             ;
; |read_ltc2380|Selector10~1                                         ; |read_ltc2380|Selector10~1                                         ; out0             ;
; |read_ltc2380|Selector10~2                                         ; |read_ltc2380|Selector10~2                                         ; out0             ;
; |read_ltc2380|Selector11~1                                         ; |read_ltc2380|Selector11~1                                         ; out0             ;
; |read_ltc2380|Selector12~1                                         ; |read_ltc2380|Selector12~1                                         ; out0             ;
; |read_ltc2380|Selector12~3                                         ; |read_ltc2380|Selector12~3                                         ; out0             ;
; |read_ltc2380|Selector13~1                                         ; |read_ltc2380|Selector13~1                                         ; out0             ;
; |read_ltc2380|Selector13~4                                         ; |read_ltc2380|Selector13~4                                         ; out0             ;
; |read_ltc2380|Selector14~1                                         ; |read_ltc2380|Selector14~1                                         ; out0             ;
; |read_ltc2380|Selector14~3                                         ; |read_ltc2380|Selector14~3                                         ; out0             ;
; |read_ltc2380|Selector15~1                                         ; |read_ltc2380|Selector15~1                                         ; out0             ;
; |read_ltc2380|Selector15~3                                         ; |read_ltc2380|Selector15~3                                         ; out0             ;
; |read_ltc2380|Add0~7                                               ; |read_ltc2380|Add0~7                                               ; out0             ;
; |read_ltc2380|Add0~8                                               ; |read_ltc2380|Add0~8                                               ; out0             ;
; |read_ltc2380|Add0~9                                               ; |read_ltc2380|Add0~9                                               ; out0             ;
; |read_ltc2380|Add0~10                                              ; |read_ltc2380|Add0~10                                              ; out0             ;
; |read_ltc2380|Add0~11                                              ; |read_ltc2380|Add0~11                                              ; out0             ;
; |read_ltc2380|Add0~12                                              ; |read_ltc2380|Add0~12                                              ; out0             ;
+--------------------------------------------------------------------+--------------------------------------------------------------------+------------------+


The following table displays output ports that do not toggle to 0 during simulation.
+------------------------------------------------------------------------------------------------------------------------------------------------------------+
; Missing 0-Value Coverage                                                                                                                                   ;
+--------------------------------------------------------------------+--------------------------------------------------------------------+------------------+
; Node Name                                                          ; Output Port Name                                                   ; Output Port Type ;
+--------------------------------------------------------------------+--------------------------------------------------------------------+------------------+
; |read_ltc2380|read_data~0                                          ; |read_ltc2380|read_data~0                                          ; out              ;
; |read_ltc2380|read_data~1                                          ; |read_ltc2380|read_data~1                                          ; out              ;
; |read_ltc2380|read_data~24                                         ; |read_ltc2380|read_data~24                                         ; out              ;
; |read_ltc2380|sck_pulse_counter~0                                  ; |read_ltc2380|sck_pulse_counter~0                                  ; out              ;
; |read_ltc2380|sck_pulse_counter~1                                  ; |read_ltc2380|sck_pulse_counter~1                                  ; out              ;
; |read_ltc2380|sck_pulse_counter~2                                  ; |read_ltc2380|sck_pulse_counter~2                                  ; out              ;
; |read_ltc2380|sck_pulse_counter~8                                  ; |read_ltc2380|sck_pulse_counter~8                                  ; out              ;
; |read_ltc2380|sck_pulse_counter~9                                  ; |read_ltc2380|sck_pulse_counter~9                                  ; out              ;
; |read_ltc2380|sck_pulse_counter~10                                 ; |read_ltc2380|sck_pulse_counter~10                                 ; out              ;
; |read_ltc2380|state~0                                              ; |read_ltc2380|state~0                                              ; out              ;
; |read_ltc2380|state~1                                              ; |read_ltc2380|state~1                                              ; out              ;
; |read_ltc2380|state~2                                              ; |read_ltc2380|state~2                                              ; out              ;
; |read_ltc2380|state~3                                              ; |read_ltc2380|state~3                                              ; out              ;
; |read_ltc2380|state~4                                              ; |read_ltc2380|state~4                                              ; out              ;
; |read_ltc2380|state~5                                              ; |read_ltc2380|state~5                                              ; out              ;
; |read_ltc2380|state~16                                             ; |read_ltc2380|state~16                                             ; out              ;
; |read_ltc2380|state~17                                             ; |read_ltc2380|state~17                                             ; out              ;
; |read_ltc2380|state~18                                             ; |read_ltc2380|state~18                                             ; out              ;
; |read_ltc2380|state~19                                             ; |read_ltc2380|state~19                                             ; out              ;
; |read_ltc2380|state~20                                             ; |read_ltc2380|state~20                                             ; out              ;
; |read_ltc2380|state~21                                             ; |read_ltc2380|state~21                                             ; out              ;
; |read_ltc2380|state~22                                             ; |read_ltc2380|state~22                                             ; out              ;
; |read_ltc2380|state~23                                             ; |read_ltc2380|state~23                                             ; out              ;
; |read_ltc2380|state~24                                             ; |read_ltc2380|state~24                                             ; out              ;
; |read_ltc2380|state~25                                             ; |read_ltc2380|state~25                                             ; out              ;
; |read_ltc2380|state~26                                             ; |read_ltc2380|state~26                                             ; out              ;
; |read_ltc2380|state~27                                             ; |read_ltc2380|state~27                                             ; out              ;
; |read_ltc2380|state~28                                             ; |read_ltc2380|state~28                                             ; out              ;
; |read_ltc2380|state~29                                             ; |read_ltc2380|state~29                                             ; out              ;
; |read_ltc2380|state~30                                             ; |read_ltc2380|state~30                                             ; out              ;
; |read_ltc2380|state~31                                             ; |read_ltc2380|state~31                                             ; out              ;
; |read_ltc2380|WideNor0                                             ; |read_ltc2380|WideNor0                                             ; out0             ;
; |read_ltc2380|state~32                                             ; |read_ltc2380|state~32                                             ; out              ;
; |read_ltc2380|state~33                                             ; |read_ltc2380|state~33                                             ; out              ;
; |read_ltc2380|state~34                                             ; |read_ltc2380|state~34                                             ; out              ;
; |read_ltc2380|state~35                                             ; |read_ltc2380|state~35                                             ; out              ;
; |read_ltc2380|state~36                                             ; |read_ltc2380|state~36                                             ; out              ;
; |read_ltc2380|state~37                                             ; |read_ltc2380|state~37                                             ; out              ;
; |read_ltc2380|state[10]~reg0                                       ; |read_ltc2380|state[10]~reg0                                       ; regout           ;
; |read_ltc2380|state[11]~reg0                                       ; |read_ltc2380|state[11]~reg0                                       ; regout           ;
; |read_ltc2380|state[12]~reg0                                       ; |read_ltc2380|state[12]~reg0                                       ; regout           ;
; |read_ltc2380|state[13]~reg0                                       ; |read_ltc2380|state[13]~reg0                                       ; regout           ;
; |read_ltc2380|state[14]~reg0                                       ; |read_ltc2380|state[14]~reg0                                       ; regout           ;
; |read_ltc2380|state[15]~reg0                                       ; |read_ltc2380|state[15]~reg0                                       ; regout           ;
; |read_ltc2380|sck_pulse_counter[5]~reg0                            ; |read_ltc2380|sck_pulse_counter[5]~reg0                            ; regout           ;
; |read_ltc2380|sck_pulse_counter[6]~reg0                            ; |read_ltc2380|sck_pulse_counter[6]~reg0                            ; regout           ;
; |read_ltc2380|sck_pulse_counter[7]~reg0                            ; |read_ltc2380|sck_pulse_counter[7]~reg0                            ; regout           ;
; |read_ltc2380|read_data[22]~reg0                                   ; |read_ltc2380|read_data[22]~reg0                                   ; regout           ;
; |read_ltc2380|read_data[23]~reg0                                   ; |read_ltc2380|read_data[23]~reg0                                   ; regout           ;
; |read_ltc2380|reset                                                ; |read_ltc2380|reset                                                ; out              ;
; |read_ltc2380|conv                                                 ; |read_ltc2380|conv                                                 ; pin_out          ;
; |read_ltc2380|busy                                                 ; |read_ltc2380|busy                                                 ; out              ;
; |read_ltc2380|sck_pulse_counter[5]                                 ; |read_ltc2380|sck_pulse_counter[5]                                 ; pin_out          ;
; |read_ltc2380|sck_pulse_counter[6]                                 ; |read_ltc2380|sck_pulse_counter[6]                                 ; pin_out          ;
; |read_ltc2380|sck_pulse_counter[7]                                 ; |read_ltc2380|sck_pulse_counter[7]                                 ; pin_out          ;
; |read_ltc2380|read_data[22]                                        ; |read_ltc2380|read_data[22]                                        ; pin_out          ;
; |read_ltc2380|read_data[23]                                        ; |read_ltc2380|read_data[23]                                        ; pin_out          ;
; |read_ltc2380|state[10]                                            ; |read_ltc2380|state[10]                                            ; pin_out          ;
; |read_ltc2380|state[11]                                            ; |read_ltc2380|state[11]                                            ; pin_out          ;
; |read_ltc2380|state[12]                                            ; |read_ltc2380|state[12]                                            ; pin_out          ;
; |read_ltc2380|state[13]                                            ; |read_ltc2380|state[13]                                            ; pin_out          ;
; |read_ltc2380|state[14]                                            ; |read_ltc2380|state[14]                                            ; pin_out          ;
; |read_ltc2380|state[15]                                            ; |read_ltc2380|state[15]                                            ; pin_out          ;
; |read_ltc2380|busy_synced                                          ; |read_ltc2380|busy_synced                                          ; pin_out          ;
; |read_ltc2380|doublesync_no_reset:sync_busy|sync_srl16_inferred[1] ; |read_ltc2380|doublesync_no_reset:sync_busy|sync_srl16_inferred[1] ; regout           ;
; |read_ltc2380|doublesync_no_reset:sync_busy|sync_srl16_inferred[0] ; |read_ltc2380|doublesync_no_reset:sync_busy|sync_srl16_inferred[0] ; regout           ;
; |read_ltc2380|Selector0~0                                          ; |read_ltc2380|Selector0~0                                          ; out0             ;
; |read_ltc2380|Selector0~1                                          ; |read_ltc2380|Selector0~1                                          ; out0             ;
; |read_ltc2380|Selector0~2                                          ; |read_ltc2380|Selector0~2                                          ; out0             ;
; |read_ltc2380|Selector0~3                                          ; |read_ltc2380|Selector0~3                                          ; out0             ;
; |read_ltc2380|Selector1~0                                          ; |read_ltc2380|Selector1~0                                          ; out0             ;
; |read_ltc2380|Selector1~1                                          ; |read_ltc2380|Selector1~1                                          ; out0             ;
; |read_ltc2380|Selector1~2                                          ; |read_ltc2380|Selector1~2                                          ; out0             ;
; |read_ltc2380|Selector1~3                                          ; |read_ltc2380|Selector1~3                                          ; out0             ;
; |read_ltc2380|Selector2~0                                          ; |read_ltc2380|Selector2~0                                          ; out0             ;
; |read_ltc2380|Selector2~1                                          ; |read_ltc2380|Selector2~1                                          ; out0             ;
; |read_ltc2380|Selector2~2                                          ; |read_ltc2380|Selector2~2                                          ; out0             ;
; |read_ltc2380|Selector2~3                                          ; |read_ltc2380|Selector2~3                                          ; out0             ;
; |read_ltc2380|Selector3~0                                          ; |read_ltc2380|Selector3~0                                          ; out0             ;
; |read_ltc2380|Selector3~1                                          ; |read_ltc2380|Selector3~1                                          ; out0             ;
; |read_ltc2380|Selector3~2                                          ; |read_ltc2380|Selector3~2                                          ; out0             ;
; |read_ltc2380|Selector3~3                                          ; |read_ltc2380|Selector3~3                                          ; out0             ;
; |read_ltc2380|Selector4~0                                          ; |read_ltc2380|Selector4~0                                          ; out0             ;
; |read_ltc2380|Selector4~1                                          ; |read_ltc2380|Selector4~1                                          ; out0             ;
; |read_ltc2380|Selector4~2                                          ; |read_ltc2380|Selector4~2                                          ; out0             ;
; |read_ltc2380|Selector4~3                                          ; |read_ltc2380|Selector4~3                                          ; out0             ;
; |read_ltc2380|Selector5~0                                          ; |read_ltc2380|Selector5~0                                          ; out0             ;
; |read_ltc2380|Selector5~1                                          ; |read_ltc2380|Selector5~1                                          ; out0             ;
; |read_ltc2380|Selector5~2                                          ; |read_ltc2380|Selector5~2                                          ; out0             ;
; |read_ltc2380|Selector5~3                                          ; |read_ltc2380|Selector5~3                                          ; out0             ;
; |read_ltc2380|Selector6~1                                          ; |read_ltc2380|Selector6~1                                          ; out0             ;
; |read_ltc2380|Selector6~3                                          ; |read_ltc2380|Selector6~3                                          ; out0             ;
; |read_ltc2380|Selector6~4                                          ; |read_ltc2380|Selector6~4                                          ; out0             ;
; |read_ltc2380|Selector7~1                                          ; |read_ltc2380|Selector7~1                                          ; out0             ;
; |read_ltc2380|Selector7~3                                          ; |read_ltc2380|Selector7~3                                          ; out0             ;
; |read_ltc2380|Selector8~1                                          ; |read_ltc2380|Selector8~1                                          ; out0             ;
; |read_ltc2380|Selector8~3                                          ; |read_ltc2380|Selector8~3                                          ; out0             ;
; |read_ltc2380|Selector8~4                                          ; |read_ltc2380|Selector8~4                                          ; out0             ;
; |read_ltc2380|Selector9~1                                          ; |read_ltc2380|Selector9~1                                          ; out0             ;
; |read_ltc2380|Selector9~3                                          ; |read_ltc2380|Selector9~3                                          ; out0             ;
; |read_ltc2380|Selector9~4                                          ; |read_ltc2380|Selector9~4                                          ; out0             ;
; |read_ltc2380|Selector10~1                                         ; |read_ltc2380|Selector10~1                                         ; out0             ;
; |read_ltc2380|Selector10~2                                         ; |read_ltc2380|Selector10~2                                         ; out0             ;
; |read_ltc2380|Selector11~1                                         ; |read_ltc2380|Selector11~1                                         ; out0             ;
; |read_ltc2380|Selector12~1                                         ; |read_ltc2380|Selector12~1                                         ; out0             ;
; |read_ltc2380|Selector12~3                                         ; |read_ltc2380|Selector12~3                                         ; out0             ;
; |read_ltc2380|Selector13~1                                         ; |read_ltc2380|Selector13~1                                         ; out0             ;
; |read_ltc2380|Selector13~4                                         ; |read_ltc2380|Selector13~4                                         ; out0             ;
; |read_ltc2380|Selector14~1                                         ; |read_ltc2380|Selector14~1                                         ; out0             ;
; |read_ltc2380|Selector14~3                                         ; |read_ltc2380|Selector14~3                                         ; out0             ;
; |read_ltc2380|Selector15~1                                         ; |read_ltc2380|Selector15~1                                         ; out0             ;
; |read_ltc2380|Selector15~3                                         ; |read_ltc2380|Selector15~3                                         ; out0             ;
; |read_ltc2380|Add0~7                                               ; |read_ltc2380|Add0~7                                               ; out0             ;
; |read_ltc2380|Add0~8                                               ; |read_ltc2380|Add0~8                                               ; out0             ;
; |read_ltc2380|Add0~9                                               ; |read_ltc2380|Add0~9                                               ; out0             ;
; |read_ltc2380|Add0~10                                              ; |read_ltc2380|Add0~10                                              ; out0             ;
; |read_ltc2380|Add0~11                                              ; |read_ltc2380|Add0~11                                              ; out0             ;
; |read_ltc2380|Add0~12                                              ; |read_ltc2380|Add0~12                                              ; out0             ;
+--------------------------------------------------------------------+--------------------------------------------------------------------+------------------+


+---------------------+
; Simulator INI Usage ;
+--------+------------+
; Option ; Usage      ;
+--------+------------+


+--------------------+
; Simulator Messages ;
+--------------------+
Info: *******************************************************************
Info: Running Quartus II Simulator
    Info: Version 9.0 Build 235 06/17/2009 Service Pack 2 SJ Web Edition
    Info: Processing started: Mon Apr 10 16:43:32 2017
Info: Command: quartus_sim --read_settings_files=on --write_settings_files=off read_ltc2380 -c read_ltc2380
Info: Using vector source file "D:/beam/edevel00516_max10_devkit/tsbs/common_rtl_library/tsb/ip/sim/read_ltc2380.vwf"
Info: Overwriting simulation input file with simulation results
    Info: A backup of read_ltc2380.vwf called read_ltc2380.sim_ori.vwf has been created in the db folder
Info: Option to preserve fewer signal transitions to reduce memory requirements is enabled
    Info: Simulation has been partitioned into sub-simulations according to the maximum transition count determined by the engine. Transitions from memory will be flushed out to disk at the end of each sub-simulation to reduce memory requirements.
Info: Simulation partitioned into 1 sub-simulations
Info: Simulation coverage is      65.60 %
Info: Number of transitions in simulation is 15397
Info: Vector file read_ltc2380.vwf is saved in VWF text format. You can compress it into CVWF format in order to reduce file size. For more details please refer to the Quartus II Help.
Info: Quartus II Simulator was successful. 0 errors, 0 warnings
    Info: Peak virtual memory: 156 megabytes
    Info: Processing ended: Mon Apr 10 16:43:32 2017
    Info: Elapsed time: 00:00:00
    Info: Total CPU time (on all processors): 00:00:00


