Info: Starting: Create block symbol file (.bsf)
Info: qsys-generate C:\illusense\a10_prototype\tsbs\common_rtl_library\tsb\ip\rtl\fft\scalar_product.qsys --block-symbol-file --output-directory=C:\illusense\a10_prototype\tsbs\common_rtl_library\tsb\ip\rtl\fft\scalar_product --family="Arria 10" --part=10AS066H2F34I1SG
Progress: Loading fft/scalar_product.qsys
Progress: Reading input file
Progress: Adding fp_functions_0 [altera_fp_functions 18.1]
Progress: Parameterizing module fp_functions_0
Progress: Building connections
Progress: Parameterizing connections
Progress: Validating
Progress: Done reading input file
Info: scalar_product.fp_functions_0: J:/intelfpga/18.1/quartus/dspba/backend/windows64/cmdPolyEval -target Arria10 -frequency 320 -name none -noChanValid -enableHardFP 1 -printMachineReadable -noFileGenerate -faithfulRounding -speedgrade 1 FPDotProductIEEE 8 23 2
Info: scalar_product.fp_functions_0: J:/intelfpga/18.1/quartus/dspba/backend/windows64/cmdPolyEval -target Arria10 -frequency 320 -name none -noChanValid -enableHardFP 1 -printMachineReadable -noFileGenerate -faithfulRounding -speedgrade 1 FPDotProductIEEE 8 23 2
Info: qsys-generate succeeded.
Info: Finished: Create block symbol file (.bsf)
Info: 
Info: Starting: Create HDL design files for synthesis
Info: qsys-generate C:\illusense\a10_prototype\tsbs\common_rtl_library\tsb\ip\rtl\fft\scalar_product.qsys --synthesis=VERILOG --output-directory=C:\illusense\a10_prototype\tsbs\common_rtl_library\tsb\ip\rtl\fft\scalar_product --family="Arria 10" --part=10AS066H2F34I1SG
Progress: Loading fft/scalar_product.qsys
Progress: Reading input file
Progress: Adding fp_functions_0 [altera_fp_functions 18.1]
Progress: Parameterizing module fp_functions_0
Progress: Building connections
Progress: Parameterizing connections
Progress: Validating
Progress: Done reading input file
Info: scalar_product.fp_functions_0: J:/intelfpga/18.1/quartus/dspba/backend/windows64/cmdPolyEval -target Arria10 -frequency 320 -name none -noChanValid -enableHardFP 1 -printMachineReadable -noFileGenerate -faithfulRounding -speedgrade 1 FPDotProductIEEE 8 23 2
Info: scalar_product.fp_functions_0: J:/intelfpga/18.1/quartus/dspba/backend/windows64/cmdPolyEval -target Arria10 -frequency 320 -name none -noChanValid -enableHardFP 1 -printMachineReadable -noFileGenerate -faithfulRounding -speedgrade 1 FPDotProductIEEE 8 23 2
Info: scalar_product: "Transforming system: scalar_product"
Info: scalar_product: Running transform generation_view_transform
Info: scalar_product: Running transform generation_view_transform took 0.000s
Info: fp_functions_0: Running transform generation_view_transform
Info: fp_functions_0: Running transform generation_view_transform took 0.000s
Info: scalar_product: Running transform merlin_avalon_transform
Info: scalar_product: Running transform merlin_avalon_transform took 0.008s
Info: scalar_product: "Naming system components in system: scalar_product"
Info: scalar_product: "Processing generation queue"
Info: scalar_product: "Generating: scalar_product"
Info: scalar_product: "Generating: scalar_product_altera_fp_functions_181_nd36kqi"
Info: fp_functions_0: J:/intelfpga/18.1/quartus/dspba/backend/windows64/cmdPolyEval -target Arria10 -frequency 320 -name scalar_product_altera_fp_functions_181_nd36kqi -noChanValid -enableHardFP 1 -printMachineReadable -lang VHDL -faithfulRounding -speedgrade 1 FPDotProductIEEE 8 23 2
Info: fp_functions_0: Latency on Arria 10 is 5 cycles
Info: fp_functions_0: DSP Blocks Used: 4
Info: fp_functions_0: LUTs Used: 32
Info: fp_functions_0: Memory Bits Used: 0
Info: fp_functions_0: Memory Blocks Used: 0
Info: scalar_product: Done "scalar_product" with 2 modules, 5 files
Info: qsys-generate succeeded.
Info: Finished: Create HDL design files for synthesis
