13:56:40 **** Build of configuration Debug for project FlashTest ****
make all 
'Building file: ../src/xqspipsu_generic_flash_interrupt_example.c'
'Invoking: ARM v8 gcc compiler'
aarch64-none-elf-gcc -Wall -O0 -g3 -c -fmessage-length=0 -MT"src/xqspipsu_generic_flash_interrupt_example.o" -I../../standalone_bsp_0/psu_cortexa53_0/include -MMD -MP -MF"src/xqspipsu_generic_flash_interrupt_example.d" -MT"src/xqspipsu_generic_flash_interrupt_example.o" -o "src/xqspipsu_generic_flash_interrupt_example.o" "../src/xqspipsu_generic_flash_interrupt_example.c"
'Finished building: ../src/xqspipsu_generic_flash_interrupt_example.c'
' '
'Building target: FlashTest.elf'
'Invoking: ARM v8 gcc linker'
aarch64-none-elf-gcc -Wl,-T -Wl,../src/lscript.ld -L../../standalone_bsp_0/psu_cortexa53_0/lib -o "FlashTest.elf"  ./src/xqspipsu_generic_flash_interrupt_example.o   -Wl,--start-group,-lxil,-lgcc,-lc,--end-group -Wl,--start-group,-lxilffs,-lxil,-lgcc,-lc,--end-group -Wl,--start-group,-lxilpm,-lxil,-lgcc,-lc,--end-group -Wl,--start-group,-lxilsecure,-lxil,-lgcc,-lc,--end-group
'Finished building target: FlashTest.elf'
' '
'Invoking: ARM v8 Print Size'
aarch64-none-elf-size FlashTest.elf  |tee "FlashTest.elf.size"
   text	   data	    bss	    dec	    hex	filename
  59236	   6384	  86856	 152476	  2539c	FlashTest.elf
'Finished building: FlashTest.elf.size'
' '

13:56:41 Build Finished (took 1s.488ms)

