14:22:27 **** Build of project standalone_bsp_0 ****
make -k all 
"Running Make include in psu_cortexa53_0/libsrc/axipmon_v6_7/src"
make -C psu_cortexa53_0/libsrc/axipmon_v6_7/src -s include  "SHELL=CMD" "COMPILER=aarch64-none-elf-gcc" "ARCHIVER=aarch64-none-elf-ar" "COMPILER_FLAGS=  -O2 -c" "EXTRA_COMPILER_FLAGS=-g -Wall -Wextra"
"Running Make include in psu_cortexa53_0/libsrc/clockps_v1_0/src"
make -C psu_cortexa53_0/libsrc/clockps_v1_0/src -s include  "SHELL=CMD" "COMPILER=aarch64-none-elf-gcc" "ARCHIVER=aarch64-none-elf-ar" "COMPILER_FLAGS=  -O2 -c" "EXTRA_COMPILER_FLAGS=-g -Wall -Wextra"
"Running Make include in psu_cortexa53_0/libsrc/coresightps_dcc_v1_4/src"
make -C psu_cortexa53_0/libsrc/coresightps_dcc_v1_4/src -s include  "SHELL=CMD" "COMPILER=aarch64-none-elf-gcc" "ARCHIVER=aarch64-none-elf-ar" "COMPILER_FLAGS=  -O2 -c" "EXTRA_COMPILER_FLAGS=-g -Wall -Wextra"
"Running Make include in psu_cortexa53_0/libsrc/cpu_cortexa53_v1_5/src"
make -C psu_cortexa53_0/libsrc/cpu_cortexa53_v1_5/src -s include  "SHELL=CMD" "COMPILER=aarch64-none-elf-gcc" "ARCHIVER=aarch64-none-elf-ar" "COMPILER_FLAGS=  -O2 -c" "EXTRA_COMPILER_FLAGS=-g -Wall -Wextra"
"Running Make include in psu_cortexa53_0/libsrc/csudma_v1_3/src"
make -C psu_cortexa53_0/libsrc/csudma_v1_3/src -s include  "SHELL=CMD" "COMPILER=aarch64-none-elf-gcc" "ARCHIVER=aarch64-none-elf-ar" "COMPILER_FLAGS=  -O2 -c" "EXTRA_COMPILER_FLAGS=-g -Wall -Wextra"
"Running Make include in psu_cortexa53_0/libsrc/ddrcpsu_v1_1/src"
make -C psu_cortexa53_0/libsrc/ddrcpsu_v1_1/src -s include  "SHELL=CMD" "COMPILER=aarch64-none-elf-gcc" "ARCHIVER=aarch64-none-elf-ar" "COMPILER_FLAGS=  -O2 -c" "EXTRA_COMPILER_FLAGS=-g -Wall -Wextra"
"Running Make include in psu_cortexa53_0/libsrc/emacps_v3_8/src"
make -C psu_cortexa53_0/libsrc/emacps_v3_8/src -s include  "SHELL=CMD" "COMPILER=aarch64-none-elf-gcc" "ARCHIVER=aarch64-none-elf-ar" "COMPILER_FLAGS=  -O2 -c" "EXTRA_COMPILER_FLAGS=-g -Wall -Wextra"
"Running Make include in psu_cortexa53_0/libsrc/gpiops_v3_4/src"
make -C psu_cortexa53_0/libsrc/gpiops_v3_4/src -s include  "SHELL=CMD" "COMPILER=aarch64-none-elf-gcc" "ARCHIVER=aarch64-none-elf-ar" "COMPILER_FLAGS=  -O2 -c" "EXTRA_COMPILER_FLAGS=-g -Wall -Wextra"
"Running Make include in psu_cortexa53_0/libsrc/gpio_v4_3/src"
make -C psu_cortexa53_0/libsrc/gpio_v4_3/src -s include  "SHELL=CMD" "COMPILER=aarch64-none-elf-gcc" "ARCHIVER=aarch64-none-elf-ar" "COMPILER_FLAGS=  -O2 -c" "EXTRA_COMPILER_FLAGS=-g -Wall -Wextra"
"Running Make include in psu_cortexa53_0/libsrc/iicps_v3_8/src"
make -C psu_cortexa53_0/libsrc/iicps_v3_8/src -s include  "SHELL=CMD" "COMPILER=aarch64-none-elf-gcc" "ARCHIVER=aarch64-none-elf-ar" "COMPILER_FLAGS=  -O2 -c" "EXTRA_COMPILER_FLAGS=-g -Wall -Wextra"
"Running Make include in psu_cortexa53_0/libsrc/ipipsu_v2_4/src"
make -C psu_cortexa53_0/libsrc/ipipsu_v2_4/src -s include  "SHELL=CMD" "COMPILER=aarch64-none-elf-gcc" "ARCHIVER=aarch64-none-elf-ar" "COMPILER_FLAGS=  -O2 -c" "EXTRA_COMPILER_FLAGS=-g -Wall -Wextra"
"Running Make include in psu_cortexa53_0/libsrc/qspipsu_v1_8/src"
make -C psu_cortexa53_0/libsrc/qspipsu_v1_8/src -s include  "SHELL=CMD" "COMPILER=aarch64-none-elf-gcc" "ARCHIVER=aarch64-none-elf-ar" "COMPILER_FLAGS=  -O2 -c" "EXTRA_COMPILER_FLAGS=-g -Wall -Wextra"
"Running Make include in psu_cortexa53_0/libsrc/resetps_v1_2/src"
make -C psu_cortexa53_0/libsrc/resetps_v1_2/src -s include  "SHELL=CMD" "COMPILER=aarch64-none-elf-gcc" "ARCHIVER=aarch64-none-elf-ar" "COMPILER_FLAGS=  -O2 -c" "EXTRA_COMPILER_FLAGS=-g -Wall -Wextra"
"Running Make include in psu_cortexa53_0/libsrc/rtcpsu_v1_6/src"
make -C psu_cortexa53_0/libsrc/rtcpsu_v1_6/src -s include  "SHELL=CMD" "COMPILER=aarch64-none-elf-gcc" "ARCHIVER=aarch64-none-elf-ar" "COMPILER_FLAGS=  -O2 -c" "EXTRA_COMPILER_FLAGS=-g -Wall -Wextra"
"Running Make include in psu_cortexa53_0/libsrc/scugic_v3_10/src"
make -C psu_cortexa53_0/libsrc/scugic_v3_10/src -s include  "SHELL=CMD" "COMPILER=aarch64-none-elf-gcc" "ARCHIVER=aarch64-none-elf-ar" "COMPILER_FLAGS=  -O2 -c" "EXTRA_COMPILER_FLAGS=-g -Wall -Wextra"
"Running Make include in psu_cortexa53_0/libsrc/sdps_v3_6/src"
make -C psu_cortexa53_0/libsrc/sdps_v3_6/src -s include  "SHELL=CMD" "COMPILER=aarch64-none-elf-gcc" "ARCHIVER=aarch64-none-elf-ar" "COMPILER_FLAGS=  -O2 -c" "EXTRA_COMPILER_FLAGS=-g -Wall -Wextra"
"Running Make include in psu_cortexa53_0/libsrc/standalone_v6_8/src"
make -C psu_cortexa53_0/libsrc/standalone_v6_8/src -s include  "SHELL=CMD" "COMPILER=aarch64-none-elf-gcc" "ARCHIVER=aarch64-none-elf-ar" "COMPILER_FLAGS=  -O2 -c" "EXTRA_COMPILER_FLAGS=-g -Wall -Wextra"
"Running Make include in psu_cortexa53_0/libsrc/sysmonpsu_v2_5/src"
make -C psu_cortexa53_0/libsrc/sysmonpsu_v2_5/src -s include  "SHELL=CMD" "COMPILER=aarch64-none-elf-gcc" "ARCHIVER=aarch64-none-elf-ar" "COMPILER_FLAGS=  -O2 -c" "EXTRA_COMPILER_FLAGS=-g -Wall -Wextra"
"Running Make include in psu_cortexa53_0/libsrc/sysmon_v7_5/src"
make -C psu_cortexa53_0/libsrc/sysmon_v7_5/src -s include  "SHELL=CMD" "COMPILER=aarch64-none-elf-gcc" "ARCHIVER=aarch64-none-elf-ar" "COMPILER_FLAGS=  -O2 -c" "EXTRA_COMPILER_FLAGS=-g -Wall -Wextra"
"Running Make include in psu_cortexa53_0/libsrc/ttcps_v3_7/src"
make -C psu_cortexa53_0/libsrc/ttcps_v3_7/src -s include  "SHELL=CMD" "COMPILER=aarch64-none-elf-gcc" "ARCHIVER=aarch64-none-elf-ar" "COMPILER_FLAGS=  -O2 -c" "EXTRA_COMPILER_FLAGS=-g -Wall -Wextra"
"Running Make include in psu_cortexa53_0/libsrc/uartps_v3_7/src"
make -C psu_cortexa53_0/libsrc/uartps_v3_7/src -s include  "SHELL=CMD" "COMPILER=aarch64-none-elf-gcc" "ARCHIVER=aarch64-none-elf-ar" "COMPILER_FLAGS=  -O2 -c" "EXTRA_COMPILER_FLAGS=-g -Wall -Wextra"
"Running Make include in psu_cortexa53_0/libsrc/usbpsu_v1_4/src"
make -C psu_cortexa53_0/libsrc/usbpsu_v1_4/src -s include  "SHELL=CMD" "COMPILER=aarch64-none-elf-gcc" "ARCHIVER=aarch64-none-elf-ar" "COMPILER_FLAGS=  -O2 -c" "EXTRA_COMPILER_FLAGS=-g -Wall -Wextra"
"Running Make include in psu_cortexa53_0/libsrc/xilffs_v4_0/src"
make -C psu_cortexa53_0/libsrc/xilffs_v4_0/src -s include  "SHELL=CMD" "COMPILER=aarch64-none-elf-gcc" "ARCHIVER=aarch64-none-elf-ar" "COMPILER_FLAGS=  -O2 -c" "EXTRA_COMPILER_FLAGS=-g -Wall -Wextra"
"Running Make include in psu_cortexa53_0/libsrc/xilpm_v2_4/src"
make -C psu_cortexa53_0/libsrc/xilpm_v2_4/src -s include  "SHELL=CMD" "COMPILER=aarch64-none-elf-gcc" "ARCHIVER=aarch64-none-elf-ar" "COMPILER_FLAGS=  -O2 -c" "EXTRA_COMPILER_FLAGS=-g -Wall -Wextra"
"Include files for this library have already been copied."
"Running Make include in psu_cortexa53_0/libsrc/xilsecure_v3_2/src"
make -C psu_cortexa53_0/libsrc/xilsecure_v3_2/src -s include  "SHELL=CMD" "COMPILER=aarch64-none-elf-gcc" "ARCHIVER=aarch64-none-elf-ar" "COMPILER_FLAGS=  -O2 -c" "EXTRA_COMPILER_FLAGS=-g -Wall -Wextra"
"Running Make include in psu_cortexa53_0/libsrc/zdma_v1_6/src"
make -C psu_cortexa53_0/libsrc/zdma_v1_6/src -s include  "SHELL=CMD" "COMPILER=aarch64-none-elf-gcc" "ARCHIVER=aarch64-none-elf-ar" "COMPILER_FLAGS=  -O2 -c" "EXTRA_COMPILER_FLAGS=-g -Wall -Wextra"
"Running Make libs in psu_cortexa53_0/libsrc/axipmon_v6_7/src"
make -C psu_cortexa53_0/libsrc/axipmon_v6_7/src -s libs  "SHELL=CMD" "COMPILER=aarch64-none-elf-gcc" "ARCHIVER=aarch64-none-elf-ar" "COMPILER_FLAGS=  -O2 -c" "EXTRA_COMPILER_FLAGS=-g -Wall -Wextra"
"Compiling axipmon"
aarch64-none-elf-ar: creating ../../../lib/libxil.a
"Running Make libs in psu_cortexa53_0/libsrc/clockps_v1_0/src"
make -C psu_cortexa53_0/libsrc/clockps_v1_0/src -s libs  "SHELL=CMD" "COMPILER=aarch64-none-elf-gcc" "ARCHIVER=aarch64-none-elf-ar" "COMPILER_FLAGS=  -O2 -c" "EXTRA_COMPILER_FLAGS=-g -Wall -Wextra"
"Compiling clockps"
"Running Make libs in psu_cortexa53_0/libsrc/coresightps_dcc_v1_4/src"
make -C psu_cortexa53_0/libsrc/coresightps_dcc_v1_4/src -s libs  "SHELL=CMD" "COMPILER=aarch64-none-elf-gcc" "ARCHIVER=aarch64-none-elf-ar" "COMPILER_FLAGS=  -O2 -c" "EXTRA_COMPILER_FLAGS=-g -Wall -Wextra"
"Compiling coresightps_dcc"
"Running Make libs in psu_cortexa53_0/libsrc/cpu_cortexa53_v1_5/src"
make -C psu_cortexa53_0/libsrc/cpu_cortexa53_v1_5/src -s libs  "SHELL=CMD" "COMPILER=aarch64-none-elf-gcc" "ARCHIVER=aarch64-none-elf-ar" "COMPILER_FLAGS=  -O2 -c" "EXTRA_COMPILER_FLAGS=-g -Wall -Wextra"
"Compiling cpu_cortexa53"
"Running Make libs in psu_cortexa53_0/libsrc/csudma_v1_3/src"
make -C psu_cortexa53_0/libsrc/csudma_v1_3/src -s libs  "SHELL=CMD" "COMPILER=aarch64-none-elf-gcc" "ARCHIVER=aarch64-none-elf-ar" "COMPILER_FLAGS=  -O2 -c" "EXTRA_COMPILER_FLAGS=-g -Wall -Wextra"
"Compiling csudma"
"Running Make libs in psu_cortexa53_0/libsrc/ddrcpsu_v1_1/src"
make -C psu_cortexa53_0/libsrc/ddrcpsu_v1_1/src -s libs  "SHELL=CMD" "COMPILER=aarch64-none-elf-gcc" "ARCHIVER=aarch64-none-elf-ar" "COMPILER_FLAGS=  -O2 -c" "EXTRA_COMPILER_FLAGS=-g -Wall -Wextra"
"Compiling ddrcpsu"
"Running Make libs in psu_cortexa53_0/libsrc/emacps_v3_8/src"
make -C psu_cortexa53_0/libsrc/emacps_v3_8/src -s libs  "SHELL=CMD" "COMPILER=aarch64-none-elf-gcc" "ARCHIVER=aarch64-none-elf-ar" "COMPILER_FLAGS=  -O2 -c" "EXTRA_COMPILER_FLAGS=-g -Wall -Wextra"
"Compiling emacps"
"Running Make libs in psu_cortexa53_0/libsrc/gpiops_v3_4/src"
make -C psu_cortexa53_0/libsrc/gpiops_v3_4/src -s libs  "SHELL=CMD" "COMPILER=aarch64-none-elf-gcc" "ARCHIVER=aarch64-none-elf-ar" "COMPILER_FLAGS=  -O2 -c" "EXTRA_COMPILER_FLAGS=-g -Wall -Wextra"
"Compiling gpiops"
"Running Make libs in psu_cortexa53_0/libsrc/gpio_v4_3/src"
make -C psu_cortexa53_0/libsrc/gpio_v4_3/src -s libs  "SHELL=CMD" "COMPILER=aarch64-none-elf-gcc" "ARCHIVER=aarch64-none-elf-ar" "COMPILER_FLAGS=  -O2 -c" "EXTRA_COMPILER_FLAGS=-g -Wall -Wextra"
"Compiling gpio"
"Running Make libs in psu_cortexa53_0/libsrc/iicps_v3_8/src"
make -C psu_cortexa53_0/libsrc/iicps_v3_8/src -s libs  "SHELL=CMD" "COMPILER=aarch64-none-elf-gcc" "ARCHIVER=aarch64-none-elf-ar" "COMPILER_FLAGS=  -O2 -c" "EXTRA_COMPILER_FLAGS=-g -Wall -Wextra"
"Compiling iicps"
"Running Make libs in psu_cortexa53_0/libsrc/ipipsu_v2_4/src"
make -C psu_cortexa53_0/libsrc/ipipsu_v2_4/src -s libs  "SHELL=CMD" "COMPILER=aarch64-none-elf-gcc" "ARCHIVER=aarch64-none-elf-ar" "COMPILER_FLAGS=  -O2 -c" "EXTRA_COMPILER_FLAGS=-g -Wall -Wextra"
"Compiling ipipsu"
"Running Make libs in psu_cortexa53_0/libsrc/qspipsu_v1_8/src"
make -C psu_cortexa53_0/libsrc/qspipsu_v1_8/src -s libs  "SHELL=CMD" "COMPILER=aarch64-none-elf-gcc" "ARCHIVER=aarch64-none-elf-ar" "COMPILER_FLAGS=  -O2 -c" "EXTRA_COMPILER_FLAGS=-g -Wall -Wextra"
"Compiling qspipsu"
"Running Make libs in psu_cortexa53_0/libsrc/resetps_v1_2/src"
make -C psu_cortexa53_0/libsrc/resetps_v1_2/src -s libs  "SHELL=CMD" "COMPILER=aarch64-none-elf-gcc" "ARCHIVER=aarch64-none-elf-ar" "COMPILER_FLAGS=  -O2 -c" "EXTRA_COMPILER_FLAGS=-g -Wall -Wextra"
"Compiling resetps"
"Running Make libs in psu_cortexa53_0/libsrc/rtcpsu_v1_6/src"
make -C psu_cortexa53_0/libsrc/rtcpsu_v1_6/src -s libs  "SHELL=CMD" "COMPILER=aarch64-none-elf-gcc" "ARCHIVER=aarch64-none-elf-ar" "COMPILER_FLAGS=  -O2 -c" "EXTRA_COMPILER_FLAGS=-g -Wall -Wextra"
"Compiling rtcpsu"
"Running Make libs in psu_cortexa53_0/libsrc/scugic_v3_10/src"
make -C psu_cortexa53_0/libsrc/scugic_v3_10/src -s libs  "SHELL=CMD" "COMPILER=aarch64-none-elf-gcc" "ARCHIVER=aarch64-none-elf-ar" "COMPILER_FLAGS=  -O2 -c" "EXTRA_COMPILER_FLAGS=-g -Wall -Wextra"
"Compiling scugic"
"Running Make libs in psu_cortexa53_0/libsrc/sdps_v3_6/src"
make -C psu_cortexa53_0/libsrc/sdps_v3_6/src -s libs  "SHELL=CMD" "COMPILER=aarch64-none-elf-gcc" "ARCHIVER=aarch64-none-elf-ar" "COMPILER_FLAGS=  -O2 -c" "EXTRA_COMPILER_FLAGS=-g -Wall -Wextra"
"Compiling sdps"
"Running Make libs in psu_cortexa53_0/libsrc/standalone_v6_8/src"
make -C psu_cortexa53_0/libsrc/standalone_v6_8/src -s libs  "SHELL=CMD" "COMPILER=aarch64-none-elf-gcc" "ARCHIVER=aarch64-none-elf-ar" "COMPILER_FLAGS=  -O2 -c" "EXTRA_COMPILER_FLAGS=-g -Wall -Wextra"
"Compiling standalone A53"
In file included from xil_sleeptimer.c:51:0:
xtime_l.h:77:9: note: #pragma message: For the sleep routines, Global timer is being used
 #pragma message ("For the sleep routines, Global timer is being used")
         ^~~~~~~
In file included from xtime_l.c:52:0:
xtime_l.h:77:9: note: #pragma message: For the sleep routines, Global timer is being used
 #pragma message ("For the sleep routines, Global timer is being used")
         ^~~~~~~
In file included from sleep.c:59:0:
xtime_l.h:77:9: note: #pragma message: For the sleep routines, Global timer is being used
 #pragma message ("For the sleep routines, Global timer is being used")
         ^~~~~~~
translation_table.S:145:2: warning: #warning "There's no DDR_1 in the HW design. MMU translation table marks 32 GB DDR address space as undefined" [-Wcpp]
 #warning "There's no DDR_1 in the HW design. MMU translation table marks 32 GB DDR address space as undefined"
  ^~~~~~~
"Running Make libs in psu_cortexa53_0/libsrc/sysmonpsu_v2_5/src"
make -C psu_cortexa53_0/libsrc/sysmonpsu_v2_5/src -s libs  "SHELL=CMD" "COMPILER=aarch64-none-elf-gcc" "ARCHIVER=aarch64-none-elf-ar" "COMPILER_FLAGS=  -O2 -c" "EXTRA_COMPILER_FLAGS=-g -Wall -Wextra"
"Compiling sysmonpsu"
"Running Make libs in psu_cortexa53_0/libsrc/sysmon_v7_5/src"
make -C psu_cortexa53_0/libsrc/sysmon_v7_5/src -s libs  "SHELL=CMD" "COMPILER=aarch64-none-elf-gcc" "ARCHIVER=aarch64-none-elf-ar" "COMPILER_FLAGS=  -O2 -c" "EXTRA_COMPILER_FLAGS=-g -Wall -Wextra"
"Compiling sysmon"
"Running Make libs in psu_cortexa53_0/libsrc/ttcps_v3_7/src"
make -C psu_cortexa53_0/libsrc/ttcps_v3_7/src -s libs  "SHELL=CMD" "COMPILER=aarch64-none-elf-gcc" "ARCHIVER=aarch64-none-elf-ar" "COMPILER_FLAGS=  -O2 -c" "EXTRA_COMPILER_FLAGS=-g -Wall -Wextra"
"Compiling ttcps"
"Running Make libs in psu_cortexa53_0/libsrc/uartps_v3_7/src"
make -C psu_cortexa53_0/libsrc/uartps_v3_7/src -s libs  "SHELL=CMD" "COMPILER=aarch64-none-elf-gcc" "ARCHIVER=aarch64-none-elf-ar" "COMPILER_FLAGS=  -O2 -c" "EXTRA_COMPILER_FLAGS=-g -Wall -Wextra"
"Compiling uartps"
"Running Make libs in psu_cortexa53_0/libsrc/usbpsu_v1_4/src"
make -C psu_cortexa53_0/libsrc/usbpsu_v1_4/src -s libs  "SHELL=CMD" "COMPILER=aarch64-none-elf-gcc" "ARCHIVER=aarch64-none-elf-ar" "COMPILER_FLAGS=  -O2 -c" "EXTRA_COMPILER_FLAGS=-g -Wall -Wextra"
"Compiling usbpsu"
"Running Make libs in psu_cortexa53_0/libsrc/xilffs_v4_0/src"
make -C psu_cortexa53_0/libsrc/xilffs_v4_0/src -s libs  "SHELL=CMD" "COMPILER=aarch64-none-elf-gcc" "ARCHIVER=aarch64-none-elf-ar" "COMPILER_FLAGS=  -O2 -c" "EXTRA_COMPILER_FLAGS=-g -Wall -Wextra"
"Compiling XilFFs Library"
"Running Make libs in psu_cortexa53_0/libsrc/xilpm_v2_4/src"
make -C psu_cortexa53_0/libsrc/xilpm_v2_4/src -s libs  "SHELL=CMD" "COMPILER=aarch64-none-elf-gcc" "ARCHIVER=aarch64-none-elf-ar" "COMPILER_FLAGS=  -O2 -c" "EXTRA_COMPILER_FLAGS=-g -Wall -Wextra"
"Compiling xilpm library"
aarch64-none-elf-ar: creating ../../../lib/libxilpm.a
"Running Make libs in psu_cortexa53_0/libsrc/xilsecure_v3_2/src"
make -C psu_cortexa53_0/libsrc/xilsecure_v3_2/src -s libs  "SHELL=CMD" "COMPILER=aarch64-none-elf-gcc" "ARCHIVER=aarch64-none-elf-ar" "COMPILER_FLAGS=  -O2 -c" "EXTRA_COMPILER_FLAGS=-g -Wall -Wextra"
"Compiling XilSecure Library"
"Running Make libs in psu_cortexa53_0/libsrc/zdma_v1_6/src"
make -C psu_cortexa53_0/libsrc/zdma_v1_6/src -s libs  "SHELL=CMD" "COMPILER=aarch64-none-elf-gcc" "ARCHIVER=aarch64-none-elf-ar" "COMPILER_FLAGS=  -O2 -c" "EXTRA_COMPILER_FLAGS=-g -Wall -Wextra"
"Compiling zdma"
'Finished building libraries'
14:23:10 **** Build of configuration Debug for project fsbl ****
make all 
'Building file: C:/gitlab/NuPRISM/mercury_xu1_pmt/workspace/hw_platform_0/psu_init.c'
'Invoking: ARM v8 gcc compiler'
aarch64-none-elf-gcc -DARMA53_64 -Wall -O0 -g3 -I"C:\gitlab\NuPRISM\mercury_xu1_pmt\workspace\hw_platform_0" -c -fmessage-length=0 -MT"src/psu_init.o" -Os -flto -ffat-lto-objects -I../../standalone_bsp_0/psu_cortexa53_0/include -MMD -MP -MF"src/psu_init.d" -MT"src/psu_init.o" -o "src/psu_init.o" "C:/gitlab/NuPRISM/mercury_xu1_pmt/workspace/hw_platform_0/psu_init.c"
'Finished building: C:/gitlab/NuPRISM/mercury_xu1_pmt/workspace/hw_platform_0/psu_init.c'
' '
'Building file: ../src/xfsbl_authentication.c'
'Invoking: ARM v8 gcc compiler'
aarch64-none-elf-gcc -DARMA53_64 -Wall -O0 -g3 -I"C:\gitlab\NuPRISM\mercury_xu1_pmt\workspace\hw_platform_0" -c -fmessage-length=0 -MT"src/xfsbl_authentication.o" -Os -flto -ffat-lto-objects -I../../standalone_bsp_0/psu_cortexa53_0/include -MMD -MP -MF"src/xfsbl_authentication.d" -MT"src/xfsbl_authentication.o" -o "src/xfsbl_authentication.o" "../src/xfsbl_authentication.c"
In file included from ../src/xfsbl_main.h:63:0,
                 from ../src/xfsbl_bs.h:61,
                 from ../src/xfsbl_authentication.c:63:
../../standalone_bsp_0/psu_cortexa53_0/include/xtime_l.h:77:9: note: #pragma message: For the sleep routines, Global timer is being used
 #pragma message ("For the sleep routines, Global timer is being used")
         ^~~~~~~
'Finished building: ../src/xfsbl_authentication.c'
' '
'Building file: ../src/xfsbl_board.c'
'Invoking: ARM v8 gcc compiler'
aarch64-none-elf-gcc -DARMA53_64 -Wall -O0 -g3 -I"C:\gitlab\NuPRISM\mercury_xu1_pmt\workspace\hw_platform_0" -c -fmessage-length=0 -MT"src/xfsbl_board.o" -Os -flto -ffat-lto-objects -I../../standalone_bsp_0/psu_cortexa53_0/include -MMD -MP -MF"src/xfsbl_board.d" -MT"src/xfsbl_board.o" -o "src/xfsbl_board.o" "../src/xfsbl_board.c"
'Finished building: ../src/xfsbl_board.c'
' '
'Building file: ../src/xfsbl_bs.c'
'Invoking: ARM v8 gcc compiler'
aarch64-none-elf-gcc -DARMA53_64 -Wall -O0 -g3 -I"C:\gitlab\NuPRISM\mercury_xu1_pmt\workspace\hw_platform_0" -c -fmessage-length=0 -MT"src/xfsbl_bs.o" -Os -flto -ffat-lto-objects -I../../standalone_bsp_0/psu_cortexa53_0/include -MMD -MP -MF"src/xfsbl_bs.d" -MT"src/xfsbl_bs.o" -o "src/xfsbl_bs.o" "../src/xfsbl_bs.c"
In file included from ../src/xfsbl_main.h:63:0,
                 from ../src/xfsbl_bs.h:61,
                 from ../src/xfsbl_bs.c:55:
../../standalone_bsp_0/psu_cortexa53_0/include/xtime_l.h:77:9: note: #pragma message: For the sleep routines, Global timer is being used
 #pragma message ("For the sleep routines, Global timer is being used")
         ^~~~~~~
'Finished building: ../src/xfsbl_bs.c'
' '
'Building file: ../src/xfsbl_csu_dma.c'
'Invoking: ARM v8 gcc compiler'
aarch64-none-elf-gcc -DARMA53_64 -Wall -O0 -g3 -I"C:\gitlab\NuPRISM\mercury_xu1_pmt\workspace\hw_platform_0" -c -fmessage-length=0 -MT"src/xfsbl_csu_dma.o" -Os -flto -ffat-lto-objects -I../../standalone_bsp_0/psu_cortexa53_0/include -MMD -MP -MF"src/xfsbl_csu_dma.d" -MT"src/xfsbl_csu_dma.o" -o "src/xfsbl_csu_dma.o" "../src/xfsbl_csu_dma.c"
'Finished building: ../src/xfsbl_csu_dma.c'
' '
'Building file: ../src/xfsbl_ddr_init.c'
'Invoking: ARM v8 gcc compiler'
aarch64-none-elf-gcc -DARMA53_64 -Wall -O0 -g3 -I"C:\gitlab\NuPRISM\mercury_xu1_pmt\workspace\hw_platform_0" -c -fmessage-length=0 -MT"src/xfsbl_ddr_init.o" -Os -flto -ffat-lto-objects -I../../standalone_bsp_0/psu_cortexa53_0/include -MMD -MP -MF"src/xfsbl_ddr_init.d" -MT"src/xfsbl_ddr_init.o" -o "src/xfsbl_ddr_init.o" "../src/xfsbl_ddr_init.c"
'Finished building: ../src/xfsbl_ddr_init.c'
' '
'Building file: ../src/xfsbl_dfu_util.c'
'Invoking: ARM v8 gcc compiler'
aarch64-none-elf-gcc -DARMA53_64 -Wall -O0 -g3 -I"C:\gitlab\NuPRISM\mercury_xu1_pmt\workspace\hw_platform_0" -c -fmessage-length=0 -MT"src/xfsbl_dfu_util.o" -Os -flto -ffat-lto-objects -I../../standalone_bsp_0/psu_cortexa53_0/include -MMD -MP -MF"src/xfsbl_dfu_util.d" -MT"src/xfsbl_dfu_util.o" -o "src/xfsbl_dfu_util.o" "../src/xfsbl_dfu_util.c"
'Finished building: ../src/xfsbl_dfu_util.c'
' '
'Building file: ../src/xfsbl_exit.S'
'Invoking: ARM v8 gcc compiler'
aarch64-none-elf-gcc -DARMA53_64 -Wall -O0 -g3 -I"C:\gitlab\NuPRISM\mercury_xu1_pmt\workspace\hw_platform_0" -c -fmessage-length=0 -MT"src/xfsbl_exit.o" -Os -flto -ffat-lto-objects -I../../standalone_bsp_0/psu_cortexa53_0/include -MMD -MP -MF"src/xfsbl_exit.d" -MT"src/xfsbl_exit.o" -o "src/xfsbl_exit.o" "../src/xfsbl_exit.S"
'Finished building: ../src/xfsbl_exit.S'
' '
'Building file: ../src/xfsbl_handoff.c'
'Invoking: ARM v8 gcc compiler'
aarch64-none-elf-gcc -DARMA53_64 -Wall -O0 -g3 -I"C:\gitlab\NuPRISM\mercury_xu1_pmt\workspace\hw_platform_0" -c -fmessage-length=0 -MT"src/xfsbl_handoff.o" -Os -flto -ffat-lto-objects -I../../standalone_bsp_0/psu_cortexa53_0/include -MMD -MP -MF"src/xfsbl_handoff.d" -MT"src/xfsbl_handoff.o" -o "src/xfsbl_handoff.o" "../src/xfsbl_handoff.c"
In file included from ../src/xfsbl_main.h:63:0,
                 from ../src/xfsbl_handoff.c:59:
../../standalone_bsp_0/psu_cortexa53_0/include/xtime_l.h:77:9: note: #pragma message: For the sleep routines, Global timer is being used
 #pragma message ("For the sleep routines, Global timer is being used")
         ^~~~~~~
'Finished building: ../src/xfsbl_handoff.c'
' '
'Building file: ../src/xfsbl_hooks.c'
'Invoking: ARM v8 gcc compiler'
aarch64-none-elf-gcc -DARMA53_64 -Wall -O0 -g3 -I"C:\gitlab\NuPRISM\mercury_xu1_pmt\workspace\hw_platform_0" -c -fmessage-length=0 -MT"src/xfsbl_hooks.o" -Os -flto -ffat-lto-objects -I../../standalone_bsp_0/psu_cortexa53_0/include -MMD -MP -MF"src/xfsbl_hooks.d" -MT"src/xfsbl_hooks.o" -o "src/xfsbl_hooks.o" "../src/xfsbl_hooks.c"
'Finished building: ../src/xfsbl_hooks.c'
' '
'Building file: ../src/xfsbl_image_header.c'
'Invoking: ARM v8 gcc compiler'
aarch64-none-elf-gcc -DARMA53_64 -Wall -O0 -g3 -I"C:\gitlab\NuPRISM\mercury_xu1_pmt\workspace\hw_platform_0" -c -fmessage-length=0 -MT"src/xfsbl_image_header.o" -Os -flto -ffat-lto-objects -I../../standalone_bsp_0/psu_cortexa53_0/include -MMD -MP -MF"src/xfsbl_image_header.d" -MT"src/xfsbl_image_header.o" -o "src/xfsbl_image_header.o" "../src/xfsbl_image_header.c"
'Finished building: ../src/xfsbl_image_header.c'
' '
'Building file: ../src/xfsbl_initialization.c'
'Invoking: ARM v8 gcc compiler'
aarch64-none-elf-gcc -DARMA53_64 -Wall -O0 -g3 -I"C:\gitlab\NuPRISM\mercury_xu1_pmt\workspace\hw_platform_0" -c -fmessage-length=0 -MT"src/xfsbl_initialization.o" -Os -flto -ffat-lto-objects -I../../standalone_bsp_0/psu_cortexa53_0/include -MMD -MP -MF"src/xfsbl_initialization.d" -MT"src/xfsbl_initialization.o" -o "src/xfsbl_initialization.o" "../src/xfsbl_initialization.c"
In file included from ../src/xfsbl_main.h:63:0,
                 from ../src/xfsbl_initialization.c:69:
../../standalone_bsp_0/psu_cortexa53_0/include/xtime_l.h:77:9: note: #pragma message: For the sleep routines, Global timer is being used
 #pragma message ("For the sleep routines, Global timer is being used")
         ^~~~~~~
'Finished building: ../src/xfsbl_initialization.c'
' '
'Building file: ../src/xfsbl_main.c'
'Invoking: ARM v8 gcc compiler'
aarch64-none-elf-gcc -DARMA53_64 -Wall -O0 -g3 -I"C:\gitlab\NuPRISM\mercury_xu1_pmt\workspace\hw_platform_0" -c -fmessage-length=0 -MT"src/xfsbl_main.o" -Os -flto -ffat-lto-objects -I../../standalone_bsp_0/psu_cortexa53_0/include -MMD -MP -MF"src/xfsbl_main.d" -MT"src/xfsbl_main.o" -o "src/xfsbl_main.o" "../src/xfsbl_main.c"
In file included from ../src/xfsbl_main.h:63:0,
                 from ../src/xfsbl_main.c:54:
../../standalone_bsp_0/psu_cortexa53_0/include/xtime_l.h:77:9: note: #pragma message: For the sleep routines, Global timer is being used
 #pragma message ("For the sleep routines, Global timer is being used")
         ^~~~~~~
'Finished building: ../src/xfsbl_main.c'
' '
'Building file: ../src/xfsbl_misc.c'
'Invoking: ARM v8 gcc compiler'
aarch64-none-elf-gcc -DARMA53_64 -Wall -O0 -g3 -I"C:\gitlab\NuPRISM\mercury_xu1_pmt\workspace\hw_platform_0" -c -fmessage-length=0 -MT"src/xfsbl_misc.o" -Os -flto -ffat-lto-objects -I../../standalone_bsp_0/psu_cortexa53_0/include -MMD -MP -MF"src/xfsbl_misc.d" -MT"src/xfsbl_misc.o" -o "src/xfsbl_misc.o" "../src/xfsbl_misc.c"
In file included from ../src/xfsbl_main.h:63:0,
                 from ../src/xfsbl_misc.c:53:
../../standalone_bsp_0/psu_cortexa53_0/include/xtime_l.h:77:9: note: #pragma message: For the sleep routines, Global timer is being used
 #pragma message ("For the sleep routines, Global timer is being used")
         ^~~~~~~
'Finished building: ../src/xfsbl_misc.c'
' '
'Building file: ../src/xfsbl_misc_drivers.c'
'Invoking: ARM v8 gcc compiler'
aarch64-none-elf-gcc -DARMA53_64 -Wall -O0 -g3 -I"C:\gitlab\NuPRISM\mercury_xu1_pmt\workspace\hw_platform_0" -c -fmessage-length=0 -MT"src/xfsbl_misc_drivers.o" -Os -flto -ffat-lto-objects -I../../standalone_bsp_0/psu_cortexa53_0/include -MMD -MP -MF"src/xfsbl_misc_drivers.d" -MT"src/xfsbl_misc_drivers.o" -o "src/xfsbl_misc_drivers.o" "../src/xfsbl_misc_drivers.c"
'Finished building: ../src/xfsbl_misc_drivers.c'
' '
'Building file: ../src/xfsbl_nand.c'
'Invoking: ARM v8 gcc compiler'
aarch64-none-elf-gcc -DARMA53_64 -Wall -O0 -g3 -I"C:\gitlab\NuPRISM\mercury_xu1_pmt\workspace\hw_platform_0" -c -fmessage-length=0 -MT"src/xfsbl_nand.o" -Os -flto -ffat-lto-objects -I../../standalone_bsp_0/psu_cortexa53_0/include -MMD -MP -MF"src/xfsbl_nand.d" -MT"src/xfsbl_nand.o" -o "src/xfsbl_nand.o" "../src/xfsbl_nand.c"
'Finished building: ../src/xfsbl_nand.c'
' '
'Building file: ../src/xfsbl_partition_load.c'
'Invoking: ARM v8 gcc compiler'
aarch64-none-elf-gcc -DARMA53_64 -Wall -O0 -g3 -I"C:\gitlab\NuPRISM\mercury_xu1_pmt\workspace\hw_platform_0" -c -fmessage-length=0 -MT"src/xfsbl_partition_load.o" -Os -flto -ffat-lto-objects -I../../standalone_bsp_0/psu_cortexa53_0/include -MMD -MP -MF"src/xfsbl_partition_load.d" -MT"src/xfsbl_partition_load.o" -o "src/xfsbl_partition_load.o" "../src/xfsbl_partition_load.c"
In file included from ../src/xfsbl_main.h:63:0,
                 from ../src/xfsbl_partition_load.c:70:
../../standalone_bsp_0/psu_cortexa53_0/include/xtime_l.h:77:9: note: #pragma message: For the sleep routines, Global timer is being used
 #pragma message ("For the sleep routines, Global timer is being used")
         ^~~~~~~
'Finished building: ../src/xfsbl_partition_load.c'
' '
'Building file: ../src/xfsbl_plpartition_valid.c'
'Invoking: ARM v8 gcc compiler'
aarch64-none-elf-gcc -DARMA53_64 -Wall -O0 -g3 -I"C:\gitlab\NuPRISM\mercury_xu1_pmt\workspace\hw_platform_0" -c -fmessage-length=0 -MT"src/xfsbl_plpartition_valid.o" -Os -flto -ffat-lto-objects -I../../standalone_bsp_0/psu_cortexa53_0/include -MMD -MP -MF"src/xfsbl_plpartition_valid.d" -MT"src/xfsbl_plpartition_valid.o" -o "src/xfsbl_plpartition_valid.o" "../src/xfsbl_plpartition_valid.c"
In file included from ../src/xfsbl_main.h:63:0,
                 from ../src/xfsbl_authentication.h:64,
                 from ../src/xfsbl_plpartition_valid.h:58,
                 from ../src/xfsbl_plpartition_valid.c:73:
../../standalone_bsp_0/psu_cortexa53_0/include/xtime_l.h:77:9: note: #pragma message: For the sleep routines, Global timer is being used
 #pragma message ("For the sleep routines, Global timer is being used")
         ^~~~~~~
'Finished building: ../src/xfsbl_plpartition_valid.c'
' '
'Building file: ../src/xfsbl_qspi.c'
'Invoking: ARM v8 gcc compiler'
aarch64-none-elf-gcc -DARMA53_64 -Wall -O0 -g3 -I"C:\gitlab\NuPRISM\mercury_xu1_pmt\workspace\hw_platform_0" -c -fmessage-length=0 -MT"src/xfsbl_qspi.o" -Os -flto -ffat-lto-objects -I../../standalone_bsp_0/psu_cortexa53_0/include -MMD -MP -MF"src/xfsbl_qspi.d" -MT"src/xfsbl_qspi.o" -o "src/xfsbl_qspi.o" "../src/xfsbl_qspi.c"
'Finished building: ../src/xfsbl_qspi.c'
' '
'Building file: ../src/xfsbl_rsa_sha.c'
'Invoking: ARM v8 gcc compiler'
aarch64-none-elf-gcc -DARMA53_64 -Wall -O0 -g3 -I"C:\gitlab\NuPRISM\mercury_xu1_pmt\workspace\hw_platform_0" -c -fmessage-length=0 -MT"src/xfsbl_rsa_sha.o" -Os -flto -ffat-lto-objects -I../../standalone_bsp_0/psu_cortexa53_0/include -MMD -MP -MF"src/xfsbl_rsa_sha.d" -MT"src/xfsbl_rsa_sha.o" -o "src/xfsbl_rsa_sha.o" "../src/xfsbl_rsa_sha.c"
In file included from ../src/xfsbl_main.h:63:0,
                 from ../src/xfsbl_authentication.h:64,
                 from ../src/xfsbl_rsa_sha.c:54:
../../standalone_bsp_0/psu_cortexa53_0/include/xtime_l.h:77:9: note: #pragma message: For the sleep routines, Global timer is being used
 #pragma message ("For the sleep routines, Global timer is being used")
         ^~~~~~~
'Finished building: ../src/xfsbl_rsa_sha.c'
' '
'Building file: ../src/xfsbl_sd.c'
'Invoking: ARM v8 gcc compiler'
aarch64-none-elf-gcc -DARMA53_64 -Wall -O0 -g3 -I"C:\gitlab\NuPRISM\mercury_xu1_pmt\workspace\hw_platform_0" -c -fmessage-length=0 -MT"src/xfsbl_sd.o" -Os -flto -ffat-lto-objects -I../../standalone_bsp_0/psu_cortexa53_0/include -MMD -MP -MF"src/xfsbl_sd.d" -MT"src/xfsbl_sd.o" -o "src/xfsbl_sd.o" "../src/xfsbl_sd.c"
In file included from ../src/xfsbl_main.h:63:0,
                 from ../src/xfsbl_sd.c:51:
../../standalone_bsp_0/psu_cortexa53_0/include/xtime_l.h:77:9: note: #pragma message: For the sleep routines, Global timer is being used
 #pragma message ("For the sleep routines, Global timer is being used")
         ^~~~~~~
'Finished building: ../src/xfsbl_sd.c'
' '
'Building file: ../src/xfsbl_translation_table.S'
'Invoking: ARM v8 gcc compiler'
aarch64-none-elf-gcc -DARMA53_64 -Wall -O0 -g3 -I"C:\gitlab\NuPRISM\mercury_xu1_pmt\workspace\hw_platform_0" -c -fmessage-length=0 -MT"src/xfsbl_translation_table.o" -Os -flto -ffat-lto-objects -I../../standalone_bsp_0/psu_cortexa53_0/include -MMD -MP -MF"src/xfsbl_translation_table.d" -MT"src/xfsbl_translation_table.o" -o "src/xfsbl_translation_table.o" "../src/xfsbl_translation_table.S"
../src/xfsbl_translation_table.S:107:2: warning: #warning "There's no DDR_1 in the HW design. MMU translation table marks 32 GB DDR address space as undefined" [-Wcpp]
 #warning "There's no DDR_1 in the HW design. MMU translation table marks 32 GB DDR address space as undefined"
  ^~~~~~~
'Finished building: ../src/xfsbl_translation_table.S'
' '
'Building file: ../src/xfsbl_usb.c'
'Invoking: ARM v8 gcc compiler'
aarch64-none-elf-gcc -DARMA53_64 -Wall -O0 -g3 -I"C:\gitlab\NuPRISM\mercury_xu1_pmt\workspace\hw_platform_0" -c -fmessage-length=0 -MT"src/xfsbl_usb.o" -Os -flto -ffat-lto-objects -I../../standalone_bsp_0/psu_cortexa53_0/include -MMD -MP -MF"src/xfsbl_usb.d" -MT"src/xfsbl_usb.o" -o "src/xfsbl_usb.o" "../src/xfsbl_usb.c"
'Finished building: ../src/xfsbl_usb.c'
' '
'Building target: fsbl.elf'
'Invoking: ARM v8 gcc linker'
aarch64-none-elf-gcc -Wl,-T -Wl,../src/lscript.ld -L../../standalone_bsp_0/psu_cortexa53_0/lib -o "fsbl.elf"  ./src/psu_init.o ./src/xfsbl_authentication.o ./src/xfsbl_board.o ./src/xfsbl_bs.o ./src/xfsbl_csu_dma.o ./src/xfsbl_ddr_init.o ./src/xfsbl_dfu_util.o ./src/xfsbl_exit.o ./src/xfsbl_handoff.o ./src/xfsbl_hooks.o ./src/xfsbl_image_header.o ./src/xfsbl_initialization.o ./src/xfsbl_main.o ./src/xfsbl_misc.o ./src/xfsbl_misc_drivers.o ./src/xfsbl_nand.o ./src/xfsbl_partition_load.o ./src/xfsbl_plpartition_valid.o ./src/xfsbl_qspi.o ./src/xfsbl_rsa_sha.o ./src/xfsbl_sd.o ./src/xfsbl_translation_table.o ./src/xfsbl_usb.o   -Wl,--start-group,-lxil,-lgcc,-lc,--end-group -Wl,--start-group,-lxilffs,-lxil,-lgcc,-lc,--end-group -Wl,--start-group,-lxilpm,-lxil,-lgcc,-lc,--end-group -Wl,--start-group,-lxilsecure,-lxil,-lgcc,-lc,--end-group -n
'Finished building target: fsbl.elf'
' '
'Invoking: ARM v8 Print Size'
aarch64-none-elf-size fsbl.elf  |tee "fsbl.elf.size"
   text	   data	    bss	    dec	    hex	filename
 125292	   4848	  87480	 217620	  35214	fsbl.elf
'Finished building: fsbl.elf.size'
' '
14:23:19 **** Auto Build of configuration Debug for project fsbl ****
make all 
make: Nothing to be done for 'all'.
14:23:51 **** Build of configuration Debug for project i2c_example ****
make all 
'Building file: ../src/AtmelAtsha204a.c'
'Invoking: ARM v8 gcc compiler'
aarch64-none-elf-gcc -Wall -O0 -g3 -c -fmessage-length=0 -MT"src/AtmelAtsha204a.o" -I../../standalone_bsp_0/psu_cortexa53_0/include -MMD -MP -MF"src/AtmelAtsha204a.d" -MT"src/AtmelAtsha204a.o" -o "src/AtmelAtsha204a.o" "../src/AtmelAtsha204a.c"
In file included from ../src/AtmelAtsha204a.c:18:0:
../src/UtilityFunctions.h:39:12: warning: 'ConvertBinaryCodedDecimalToDecimal' defined but not used [-Wunused-function]
 static int ConvertBinaryCodedDecimalToDecimal(uint8_t bcd)
            ^~~~~~~~~~~~~~~~~~~~~~~~~~~~~~~~~~
'Finished building: ../src/AtmelAtsha204a.c'
' '
'Building file: ../src/CurrentMonitor.c'
'Invoking: ARM v8 gcc compiler'
aarch64-none-elf-gcc -Wall -O0 -g3 -c -fmessage-length=0 -MT"src/CurrentMonitor.o" -I../../standalone_bsp_0/psu_cortexa53_0/include -MMD -MP -MF"src/CurrentMonitor.d" -MT"src/CurrentMonitor.o" -o "src/CurrentMonitor.o" "../src/CurrentMonitor.c"
In file included from ../src/CurrentMonitor.c:14:0:
../src/UtilityFunctions.h:39:12: warning: 'ConvertBinaryCodedDecimalToDecimal' defined but not used [-Wunused-function]
 static int ConvertBinaryCodedDecimalToDecimal(uint8_t bcd)
            ^~~~~~~~~~~~~~~~~~~~~~~~~~~~~~~~~~
'Finished building: ../src/CurrentMonitor.c'
' '
'Building file: ../src/I2cExample.c'
'Invoking: ARM v8 gcc compiler'
aarch64-none-elf-gcc -Wall -O0 -g3 -c -fmessage-length=0 -MT"src/I2cExample.o" -I../../standalone_bsp_0/psu_cortexa53_0/include -MMD -MP -MF"src/I2cExample.d" -MT"src/I2cExample.o" -o "src/I2cExample.o" "../src/I2cExample.c"
'Finished building: ../src/I2cExample.c'
' '
'Building file: ../src/I2cInterface.c'
'Invoking: ARM v8 gcc compiler'
aarch64-none-elf-gcc -Wall -O0 -g3 -c -fmessage-length=0 -MT"src/I2cInterface.o" -I../../standalone_bsp_0/psu_cortexa53_0/include -MMD -MP -MF"src/I2cInterface.d" -MT"src/I2cInterface.o" -o "src/I2cInterface.o" "../src/I2cInterface.c"
In file included from ../src/I2cInterface.c:14:0:
../src/UtilityFunctions.h:39:12: warning: 'ConvertBinaryCodedDecimalToDecimal' defined but not used [-Wunused-function]
 static int ConvertBinaryCodedDecimalToDecimal(uint8_t bcd)
            ^~~~~~~~~~~~~~~~~~~~~~~~~~~~~~~~~~
'Finished building: ../src/I2cInterface.c'
' '
'Building file: ../src/InterruptController.c'
'Invoking: ARM v8 gcc compiler'
aarch64-none-elf-gcc -Wall -O0 -g3 -c -fmessage-length=0 -MT"src/InterruptController.o" -I../../standalone_bsp_0/psu_cortexa53_0/include -MMD -MP -MF"src/InterruptController.d" -MT"src/InterruptController.o" -o "src/InterruptController.o" "../src/InterruptController.c"
'Finished building: ../src/InterruptController.c'
' '
'Building file: ../src/ModuleConfigConstants.c'
'Invoking: ARM v8 gcc compiler'
aarch64-none-elf-gcc -Wall -O0 -g3 -c -fmessage-length=0 -MT"src/ModuleConfigConstants.o" -I../../standalone_bsp_0/psu_cortexa53_0/include -MMD -MP -MF"src/ModuleConfigConstants.d" -MT"src/ModuleConfigConstants.o" -o "src/ModuleConfigConstants.o" "../src/ModuleConfigConstants.c"
'Finished building: ../src/ModuleConfigConstants.c'
' '
'Building file: ../src/ModuleConfigValueKeys.c'
'Invoking: ARM v8 gcc compiler'
aarch64-none-elf-gcc -Wall -O0 -g3 -c -fmessage-length=0 -MT"src/ModuleConfigValueKeys.o" -I../../standalone_bsp_0/psu_cortexa53_0/include -MMD -MP -MF"src/ModuleConfigValueKeys.d" -MT"src/ModuleConfigValueKeys.o" -o "src/ModuleConfigValueKeys.o" "../src/ModuleConfigValueKeys.c"
'Finished building: ../src/ModuleConfigValueKeys.c'
' '
'Building file: ../src/ModuleEeprom.c'
'Invoking: ARM v8 gcc compiler'
aarch64-none-elf-gcc -Wall -O0 -g3 -c -fmessage-length=0 -MT"src/ModuleEeprom.o" -I../../standalone_bsp_0/psu_cortexa53_0/include -MMD -MP -MF"src/ModuleEeprom.d" -MT"src/ModuleEeprom.o" -o "src/ModuleEeprom.o" "../src/ModuleEeprom.c"
In file included from ../src/ModuleEeprom.c:15:0:
../src/UtilityFunctions.h:39:12: warning: 'ConvertBinaryCodedDecimalToDecimal' defined but not used [-Wunused-function]
 static int ConvertBinaryCodedDecimalToDecimal(uint8_t bcd)
            ^~~~~~~~~~~~~~~~~~~~~~~~~~~~~~~~~~
'Finished building: ../src/ModuleEeprom.c'
' '
'Building file: ../src/ReadSystemMonitor.c'
'Invoking: ARM v8 gcc compiler'
aarch64-none-elf-gcc -Wall -O0 -g3 -c -fmessage-length=0 -MT"src/ReadSystemMonitor.o" -I../../standalone_bsp_0/psu_cortexa53_0/include -MMD -MP -MF"src/ReadSystemMonitor.d" -MT"src/ReadSystemMonitor.o" -o "src/ReadSystemMonitor.o" "../src/ReadSystemMonitor.c"
In file included from ../src/ReadSystemMonitor.c:14:0:
../src/UtilityFunctions.h:39:12: warning: 'ConvertBinaryCodedDecimalToDecimal' defined but not used [-Wunused-function]
 static int ConvertBinaryCodedDecimalToDecimal(uint8_t bcd)
            ^~~~~~~~~~~~~~~~~~~~~~~~~~~~~~~~~~
'Finished building: ../src/ReadSystemMonitor.c'
' '
'Building file: ../src/RealtimeClock.c'
'Invoking: ARM v8 gcc compiler'
aarch64-none-elf-gcc -Wall -O0 -g3 -c -fmessage-length=0 -MT"src/RealtimeClock.o" -I../../standalone_bsp_0/psu_cortexa53_0/include -MMD -MP -MF"src/RealtimeClock.d" -MT"src/RealtimeClock.o" -o "src/RealtimeClock.o" "../src/RealtimeClock.c"
'Finished building: ../src/RealtimeClock.c'
' '
'Building file: ../src/SystemController.c'
'Invoking: ARM v8 gcc compiler'
aarch64-none-elf-gcc -Wall -O0 -g3 -c -fmessage-length=0 -MT"src/SystemController.o" -I../../standalone_bsp_0/psu_cortexa53_0/include -MMD -MP -MF"src/SystemController.d" -MT"src/SystemController.o" -o "src/SystemController.o" "../src/SystemController.c"
../src/SystemController.c: In function 'SystemController_SetVmonSel':
../src/SystemController.c:75:1: warning: control reaches end of non-void function [-Wreturn-type]
 }
 ^
In file included from ../src/SystemController.c:13:0:
At top level:
../src/UtilityFunctions.h:39:12: warning: 'ConvertBinaryCodedDecimalToDecimal' defined but not used [-Wunused-function]
 static int ConvertBinaryCodedDecimalToDecimal(uint8_t bcd)
            ^~~~~~~~~~~~~~~~~~~~~~~~~~~~~~~~~~
'Finished building: ../src/SystemController.c'
' '
'Building file: ../src/SystemMonitor.c'
'Invoking: ARM v8 gcc compiler'
aarch64-none-elf-gcc -Wall -O0 -g3 -c -fmessage-length=0 -MT"src/SystemMonitor.o" -I../../standalone_bsp_0/psu_cortexa53_0/include -MMD -MP -MF"src/SystemMonitor.d" -MT"src/SystemMonitor.o" -o "src/SystemMonitor.o" "../src/SystemMonitor.c"
In file included from ../src/SystemMonitor.c:13:0:
../src/UtilityFunctions.h:39:12: warning: 'ConvertBinaryCodedDecimalToDecimal' defined but not used [-Wunused-function]
 static int ConvertBinaryCodedDecimalToDecimal(uint8_t bcd)
            ^~~~~~~~~~~~~~~~~~~~~~~~~~~~~~~~~~
'Finished building: ../src/SystemMonitor.c'
' '
'Building file: ../src/TimerInterface.c'
'Invoking: ARM v8 gcc compiler'
aarch64-none-elf-gcc -Wall -O0 -g3 -c -fmessage-length=0 -MT"src/TimerInterface.o" -I../../standalone_bsp_0/psu_cortexa53_0/include -MMD -MP -MF"src/TimerInterface.d" -MT"src/TimerInterface.o" -o "src/TimerInterface.o" "../src/TimerInterface.c"
'Finished building: ../src/TimerInterface.c'
' '
'Building target: i2c_example.elf'
'Invoking: ARM v8 gcc linker'
aarch64-none-elf-gcc -Wl,-T -Wl,../src/lscript.ld -L../../standalone_bsp_0/psu_cortexa53_0/lib -o "i2c_example.elf"  ./src/AtmelAtsha204a.o ./src/CurrentMonitor.o ./src/I2cExample.o ./src/I2cInterface.o ./src/InterruptController.o ./src/ModuleConfigConstants.o ./src/ModuleConfigValueKeys.o ./src/ModuleEeprom.o ./src/ReadSystemMonitor.o ./src/RealtimeClock.o ./src/SystemController.o ./src/SystemMonitor.o ./src/TimerInterface.o   -Wl,--start-group,-lxil,-lgcc,-lc,--end-group -Wl,--start-group,-lxilffs,-lxil,-lgcc,-lc,--end-group -Wl,--start-group,-lxilpm,-lxil,-lgcc,-lc,--end-group -Wl,--start-group,-lxilsecure,-lxil,-lgcc,-lc,--end-group
'Finished building target: i2c_example.elf'
' '
'Invoking: ARM v8 Print Size'
aarch64-none-elf-size i2c_example.elf  |tee "i2c_example.elf.size"
   text	   data	    bss	    dec	    hex	filename
  61588	   6520	  20816	  88924	  15b5c	i2c_example.elf
'Finished building: i2c_example.elf.size'
' '
14:23:55 **** Auto Build of configuration Debug for project i2c_example ****
make all 
make: Nothing to be done for 'all'.
14:23:55 **** Build of configuration Debug for project MemoryTest ****
make all 
'Building file: ../src/ENC_memtester.c'
'Invoking: ARM v8 gcc compiler'
aarch64-none-elf-gcc -Wall -O0 -g3 -c -fmessage-length=0 -MT"src/ENC_memtester.o" -I../../standalone_bsp_0/psu_cortexa53_0/include -MMD -MP -MF"src/ENC_memtester.d" -MT"src/ENC_memtester.o" -o "src/ENC_memtester.o" "../src/ENC_memtester.c"
'Finished building: ../src/ENC_memtester.c'
' '
'Building file: ../src/main.c'
'Invoking: ARM v8 gcc compiler'
aarch64-none-elf-gcc -Wall -O0 -g3 -c -fmessage-length=0 -MT"src/main.o" -I../../standalone_bsp_0/psu_cortexa53_0/include -MMD -MP -MF"src/main.d" -MT"src/main.o" -o "src/main.o" "../src/main.c"
../src/main.c: In function 'main':
../src/main.c:49:6: warning: unused variable 'SdramSizePS2' [-Wunused-variable]
  int SdramSizePS2 = 0;
      ^~~~~~~~~~~~
'Finished building: ../src/main.c'
' '
'Building file: ../src/tests.c'
'Invoking: ARM v8 gcc compiler'
aarch64-none-elf-gcc -Wall -O0 -g3 -c -fmessage-length=0 -MT"src/tests.o" -I../../standalone_bsp_0/psu_cortexa53_0/include -MMD -MP -MF"src/tests.d" -MT"src/tests.o" -o "src/tests.o" "../src/tests.c"
'Finished building: ../src/tests.c'
' '
'Building target: MemoryTest.elf'
'Invoking: ARM v8 gcc linker'
aarch64-none-elf-gcc -Wl,-T -Wl,../src/lscript.ld -L../../standalone_bsp_0/psu_cortexa53_0/lib -o "MemoryTest.elf"  ./src/ENC_memtester.o ./src/main.o ./src/tests.o   -Wl,--start-group,-lxil,-lgcc,-lc,--end-group -Wl,--start-group,-lxilffs,-lxil,-lgcc,-lc,--end-group -Wl,--start-group,-lxilpm,-lxil,-lgcc,-lc,--end-group -Wl,--start-group,-lxilsecure,-lxil,-lgcc,-lc,--end-group
'Finished building target: MemoryTest.elf'
' '
'Invoking: ARM v8 Print Size'
aarch64-none-elf-size MemoryTest.elf  |tee "MemoryTest.elf.size"
   text	   data	    bss	    dec	    hex	filename
  49224	   4888	  20792	  74904	  12498	MemoryTest.elf
'Finished building: MemoryTest.elf.size'
' '
14:23:56 **** Build of configuration Debug for project HelloWorld ****
make all 
'Building file: ../src/main.c'
'Invoking: ARM v8 gcc compiler'
aarch64-none-elf-gcc -Wall -O0 -g3 -c -fmessage-length=0 -MT"src/main.o" -I../../standalone_bsp_0/psu_cortexa53_0/include -MMD -MP -MF"src/main.d" -MT"src/main.o" -o "src/main.o" "../src/main.c"
In file included from ../src/main.c:27:0:
../src/UtilityFunctions.h:39:12: warning: 'ConvertBinaryCodedDecimalToDecimal' defined but not used [-Wunused-function]
 static int ConvertBinaryCodedDecimalToDecimal(uint8_t bcd)
            ^~~~~~~~~~~~~~~~~~~~~~~~~~~~~~~~~~
'Finished building: ../src/main.c'
' '
'Building target: HelloWorld.elf'
'Invoking: ARM v8 gcc linker'
aarch64-none-elf-gcc -Wl,-T -Wl,../src/lscript.ld -L../../standalone_bsp_0/psu_cortexa53_0/lib -o "HelloWorld.elf"  ./src/main.o   -Wl,--start-group,-lxil,-lgcc,-lc,--end-group -Wl,--start-group,-lxilffs,-lxil,-lgcc,-lc,--end-group -Wl,--start-group,-lxilpm,-lxil,-lgcc,-lc,--end-group -Wl,--start-group,-lxilsecure,-lxil,-lgcc,-lc,--end-group
'Finished building target: HelloWorld.elf'
' '
'Invoking: ARM v8 Print Size'
aarch64-none-elf-size HelloWorld.elf  |tee "HelloWorld.elf.size"
   text	   data	    bss	    dec	    hex	filename
  33292	   2352	  20640	  56284	   dbdc	HelloWorld.elf
'Finished building: HelloWorld.elf.size'
' '
14:23:56 **** Auto Build of configuration Debug for project MemoryTest ****
make all 
make: Nothing to be done for 'all'.
14:23:57 **** Auto Build of configuration Debug for project HelloWorld ****
make all 
make: Nothing to be done for 'all'.
14:23:57 **** Build of configuration Debug for project FlashTest ****
make all 
'Building file: ../src/xqspipsu_generic_flash_interrupt_example.c'
'Invoking: ARM v8 gcc compiler'
aarch64-none-elf-gcc -Wall -O0 -g3 -c -fmessage-length=0 -MT"src/xqspipsu_generic_flash_interrupt_example.o" -I../../standalone_bsp_0/psu_cortexa53_0/include -MMD -MP -MF"src/xqspipsu_generic_flash_interrupt_example.d" -MT"src/xqspipsu_generic_flash_interrupt_example.o" -o "src/xqspipsu_generic_flash_interrupt_example.o" "../src/xqspipsu_generic_flash_interrupt_example.c"
'Finished building: ../src/xqspipsu_generic_flash_interrupt_example.c'
' '
'Building target: FlashTest.elf'
'Invoking: ARM v8 gcc linker'
aarch64-none-elf-gcc -Wl,-T -Wl,../src/lscript.ld -L../../standalone_bsp_0/psu_cortexa53_0/lib -o "FlashTest.elf"  ./src/xqspipsu_generic_flash_interrupt_example.o   -Wl,--start-group,-lxil,-lgcc,-lc,--end-group -Wl,--start-group,-lxilffs,-lxil,-lgcc,-lc,--end-group -Wl,--start-group,-lxilpm,-lxil,-lgcc,-lc,--end-group -Wl,--start-group,-lxilsecure,-lxil,-lgcc,-lc,--end-group
'Finished building target: FlashTest.elf'
' '
'Invoking: ARM v8 Print Size'
aarch64-none-elf-size FlashTest.elf  |tee "FlashTest.elf.size"
   text	   data	    bss	    dec	    hex	filename
  59364	   6384	  86856	 152604	  2541c	FlashTest.elf
'Finished building: FlashTest.elf.size'
' '
14:23:58 **** Auto Build of configuration Debug for project FlashTest ****
make all 
make: Nothing to be done for 'all'.
14:24:02 **** Incremental Build of configuration Debug for project i2c_example ****
make all 
make: Nothing to be done for 'all'.
14:24:02 **** Incremental Build of configuration Debug for project fsbl ****
make all 
make: Nothing to be done for 'all'.
14:24:03 **** Incremental Build of configuration Debug for project MemoryTest ****
make all 
make: Nothing to be done for 'all'.
14:24:03 **** Incremental Build of configuration Debug for project HelloWorld ****
make all 
make: Nothing to be done for 'all'.
14:24:03 **** Incremental Build of configuration Debug for project FlashTest ****
make all 
make: Nothing to be done for 'all'.
14:25:37 **** Auto Build of configuration Debug for project HelloWorld ****
make all 
'Building file: ../src/main.c'
'Invoking: ARM v8 gcc compiler'
aarch64-none-elf-gcc -Wall -O0 -g3 -c -fmessage-length=0 -MT"src/main.o" -I../../standalone_bsp_0/psu_cortexa53_0/include -MMD -MP -MF"src/main.d" -MT"src/main.o" -o "src/main.o" "../src/main.c"
In file included from ../src/main.c:27:0:
../src/UtilityFunctions.h:39:12: warning: 'ConvertBinaryCodedDecimalToDecimal' defined but not used [-Wunused-function]
 static int ConvertBinaryCodedDecimalToDecimal(uint8_t bcd)
            ^~~~~~~~~~~~~~~~~~~~~~~~~~~~~~~~~~
'Finished building: ../src/main.c'
' '
'Building target: HelloWorld.elf'
'Invoking: ARM v8 gcc linker'
aarch64-none-elf-gcc -Wl,-T -Wl,../src/lscript.ld -L../../standalone_bsp_0/psu_cortexa53_0/lib -o "HelloWorld.elf"  ./src/main.o   -Wl,--start-group,-lxil,-lgcc,-lc,--end-group -Wl,--start-group,-lxilffs,-lxil,-lgcc,-lc,--end-group -Wl,--start-group,-lxilpm,-lxil,-lgcc,-lc,--end-group -Wl,--start-group,-lxilsecure,-lxil,-lgcc,-lc,--end-group
'Finished building target: HelloWorld.elf'
' '
'Invoking: ARM v8 Print Size'
aarch64-none-elf-size HelloWorld.elf  |tee "HelloWorld.elf.size"
   text	   data	    bss	    dec	    hex	filename
  33276	   2352	  20656	  56284	   dbdc	HelloWorld.elf
'Finished building: HelloWorld.elf.size'
' '
14:26:02 **** Incremental Build of configuration Debug for project i2c_example ****
make all 
make: Nothing to be done for 'all'.
14:26:03 **** Incremental Build of configuration Debug for project fsbl ****
make all 
make: Nothing to be done for 'all'.
14:26:03 **** Incremental Build of configuration Debug for project MemoryTest ****
make all 
make: Nothing to be done for 'all'.
14:26:03 **** Incremental Build of configuration Debug for project HelloWorld ****
make all 
make: Nothing to be done for 'all'.
14:26:04 **** Incremental Build of configuration Debug for project FlashTest ****
make all 
make: Nothing to be done for 'all'.
14:29:20 **** Auto Build of configuration Debug for project HelloWorld ****
make all 
'Building file: ../src/main.c'
'Invoking: ARM v8 gcc compiler'
aarch64-none-elf-gcc -Wall -O0 -g3 -c -fmessage-length=0 -MT"src/main.o" -I../../standalone_bsp_0/psu_cortexa53_0/include -MMD -MP -MF"src/main.d" -MT"src/main.o" -o "src/main.o" "../src/main.c"
In file included from ../src/main.c:27:0:
../src/UtilityFunctions.h:39:12: warning: 'ConvertBinaryCodedDecimalToDecimal' defined but not used [-Wunused-function]
 static int ConvertBinaryCodedDecimalToDecimal(uint8_t bcd)
            ^~~~~~~~~~~~~~~~~~~~~~~~~~~~~~~~~~
'Finished building: ../src/main.c'
' '
'Building target: HelloWorld.elf'
'Invoking: ARM v8 gcc linker'
aarch64-none-elf-gcc -Wl,-T -Wl,../src/lscript.ld -L../../standalone_bsp_0/psu_cortexa53_0/lib -o "HelloWorld.elf"  ./src/main.o   -Wl,--start-group,-lxil,-lgcc,-lc,--end-group -Wl,--start-group,-lxilffs,-lxil,-lgcc,-lc,--end-group -Wl,--start-group,-lxilpm,-lxil,-lgcc,-lc,--end-group -Wl,--start-group,-lxilsecure,-lxil,-lgcc,-lc,--end-group
'Finished building target: HelloWorld.elf'
' '
'Invoking: ARM v8 Print Size'
aarch64-none-elf-size HelloWorld.elf  |tee "HelloWorld.elf.size"
   text	   data	    bss	    dec	    hex	filename
  33276	   2352	  20656	  56284	   dbdc	HelloWorld.elf
'Finished building: HelloWorld.elf.size'
' '
14:30:31 **** Auto Build of configuration Debug for project HelloWorld ****
make all 
'Building file: ../src/main.c'
'Invoking: ARM v8 gcc compiler'
aarch64-none-elf-gcc -Wall -O0 -g3 -c -fmessage-length=0 -MT"src/main.o" -I../../standalone_bsp_0/psu_cortexa53_0/include -MMD -MP -MF"src/main.d" -MT"src/main.o" -o "src/main.o" "../src/main.c"
../src/main.c: In function 'main':
../src/main.c:56:2: error: expected '=', ',', ';', 'asm' or '__attribute__' before 'while'
  while(1){
  ^~~~~
../src/main.c:57:8: error: 'i' undeclared (first use in this function)
   for (i=0; i<20; i++){
        ^
../src/main.c:57:8: note: each undeclared identifier is reported only once for each function it appears in
In file included from ../src/main.c:27:0:
At top level:
../src/UtilityFunctions.h:39:12: warning: 'ConvertBinaryCodedDecimalToDecimal' defined but not used [-Wunused-function]
 static int ConvertBinaryCodedDecimalToDecimal(uint8_t bcd)
            ^~~~~~~~~~~~~~~~~~~~~~~~~~~~~~~~~~
make: *** [src/subdir.mk:23: src/main.o] Error 1
14:30:35 **** Auto Build of configuration Debug for project HelloWorld ****
make all 
'Building file: ../src/main.c'
'Invoking: ARM v8 gcc compiler'
aarch64-none-elf-gcc -Wall -O0 -g3 -c -fmessage-length=0 -MT"src/main.o" -I../../standalone_bsp_0/psu_cortexa53_0/include -MMD -MP -MF"src/main.d" -MT"src/main.o" -o "src/main.o" "../src/main.c"
In file included from ../src/main.c:27:0:
../src/UtilityFunctions.h:39:12: warning: 'ConvertBinaryCodedDecimalToDecimal' defined but not used [-Wunused-function]
 static int ConvertBinaryCodedDecimalToDecimal(uint8_t bcd)
            ^~~~~~~~~~~~~~~~~~~~~~~~~~~~~~~~~~
'Finished building: ../src/main.c'
' '
'Building target: HelloWorld.elf'
'Invoking: ARM v8 gcc linker'
aarch64-none-elf-gcc -Wl,-T -Wl,../src/lscript.ld -L../../standalone_bsp_0/psu_cortexa53_0/lib -o "HelloWorld.elf"  ./src/main.o   -Wl,--start-group,-lxil,-lgcc,-lc,--end-group -Wl,--start-group,-lxilffs,-lxil,-lgcc,-lc,--end-group -Wl,--start-group,-lxilpm,-lxil,-lgcc,-lc,--end-group -Wl,--start-group,-lxilsecure,-lxil,-lgcc,-lc,--end-group
'Finished building target: HelloWorld.elf'
' '
'Invoking: ARM v8 Print Size'
aarch64-none-elf-size HelloWorld.elf  |tee "HelloWorld.elf.size"
   text	   data	    bss	    dec	    hex	filename
  33220	   2352	  20648	  56220	   db9c	HelloWorld.elf
'Finished building: HelloWorld.elf.size'
' '
14:33:40 **** Auto Build of configuration Debug for project HelloWorld ****
make all 
'Building file: ../src/main.c'
'Invoking: ARM v8 gcc compiler'
aarch64-none-elf-gcc -Wall -O0 -g3 -c -fmessage-length=0 -MT"src/main.o" -I../../standalone_bsp_0/psu_cortexa53_0/include -MMD -MP -MF"src/main.d" -MT"src/main.o" -o "src/main.o" "../src/main.c"
../src/main.c: In function 'main':
../src/main.c:54:10: warning: unused variable 'UART_SEL' [-Wunused-variable]
  XGpio * UART_SEL;
          ^~~~~~~~
In file included from ../src/main.c:27:0:
At top level:
../src/UtilityFunctions.h:39:12: warning: 'ConvertBinaryCodedDecimalToDecimal' defined but not used [-Wunused-function]
 static int ConvertBinaryCodedDecimalToDecimal(uint8_t bcd)
            ^~~~~~~~~~~~~~~~~~~~~~~~~~~~~~~~~~
'Finished building: ../src/main.c'
' '
'Building target: HelloWorld.elf'
'Invoking: ARM v8 gcc linker'
aarch64-none-elf-gcc -Wl,-T -Wl,../src/lscript.ld -L../../standalone_bsp_0/psu_cortexa53_0/lib -o "HelloWorld.elf"  ./src/main.o   -Wl,--start-group,-lxil,-lgcc,-lc,--end-group -Wl,--start-group,-lxilffs,-lxil,-lgcc,-lc,--end-group -Wl,--start-group,-lxilpm,-lxil,-lgcc,-lc,--end-group -Wl,--start-group,-lxilsecure,-lxil,-lgcc,-lc,--end-group
'Finished building target: HelloWorld.elf'
' '
'Invoking: ARM v8 Print Size'
aarch64-none-elf-size HelloWorld.elf  |tee "HelloWorld.elf.size"
   text	   data	    bss	    dec	    hex	filename
  33220	   2352	  20648	  56220	   db9c	HelloWorld.elf
'Finished building: HelloWorld.elf.size'
' '
14:34:42 **** Auto Build of configuration Debug for project HelloWorld ****
make all 
'Building file: ../src/main.c'
'Invoking: ARM v8 gcc compiler'
aarch64-none-elf-gcc -Wall -O0 -g3 -c -fmessage-length=0 -MT"src/main.o" -I../../standalone_bsp_0/psu_cortexa53_0/include -MMD -MP -MF"src/main.d" -MT"src/main.o" -o "src/main.o" "../src/main.c"
In file included from ../src/main.c:27:0:
../src/UtilityFunctions.h:39:12: warning: 'ConvertBinaryCodedDecimalToDecimal' defined but not used [-Wunused-function]
 static int ConvertBinaryCodedDecimalToDecimal(uint8_t bcd)
            ^~~~~~~~~~~~~~~~~~~~~~~~~~~~~~~~~~
../src/main.c: In function 'main':
../src/main.c:55:2: warning: 'UART_SEL' is used uninitialized in this function [-Wuninitialized]
  XGpio_Initialize(UART_SEL, XPAR_AXI_GPIO_1_DEVICE_ID);
  ^~~~~~~~~~~~~~~~~~~~~~~~~~~~~~~~~~~~~~~~~~~~~~~~~~~~~
'Finished building: ../src/main.c'
' '
'Building target: HelloWorld.elf'
'Invoking: ARM v8 gcc linker'
aarch64-none-elf-gcc -Wl,-T -Wl,../src/lscript.ld -L../../standalone_bsp_0/psu_cortexa53_0/lib -o "HelloWorld.elf"  ./src/main.o   -Wl,--start-group,-lxil,-lgcc,-lc,--end-group -Wl,--start-group,-lxilffs,-lxil,-lgcc,-lc,--end-group -Wl,--start-group,-lxilpm,-lxil,-lgcc,-lc,--end-group -Wl,--start-group,-lxilsecure,-lxil,-lgcc,-lc,--end-group
'Finished building target: HelloWorld.elf'
' '
'Invoking: ARM v8 Print Size'
aarch64-none-elf-size HelloWorld.elf  |tee "HelloWorld.elf.size"
   text	   data	    bss	    dec	    hex	filename
  34396	   2408	  20696	  57500	   e09c	HelloWorld.elf
'Finished building: HelloWorld.elf.size'
' '
14:35:12 **** Auto Build of configuration Debug for project HelloWorld ****
make all 
'Building file: ../src/main.c'
'Invoking: ARM v8 gcc compiler'
aarch64-none-elf-gcc -Wall -O0 -g3 -c -fmessage-length=0 -MT"src/main.o" -I../../standalone_bsp_0/psu_cortexa53_0/include -MMD -MP -MF"src/main.d" -MT"src/main.o" -o "src/main.o" "../src/main.c"
In file included from ../src/main.c:27:0:
../src/UtilityFunctions.h:39:12: warning: 'ConvertBinaryCodedDecimalToDecimal' defined but not used [-Wunused-function]
 static int ConvertBinaryCodedDecimalToDecimal(uint8_t bcd)
            ^~~~~~~~~~~~~~~~~~~~~~~~~~~~~~~~~~
../src/main.c: In function 'main':
../src/main.c:55:2: warning: 'UART_SEL' is used uninitialized in this function [-Wuninitialized]
  XGpio_Initialize(UART_SEL, XPAR_AXI_GPIO_1_DEVICE_ID);
  ^~~~~~~~~~~~~~~~~~~~~~~~~~~~~~~~~~~~~~~~~~~~~~~~~~~~~
'Finished building: ../src/main.c'
' '
'Building target: HelloWorld.elf'
'Invoking: ARM v8 gcc linker'
aarch64-none-elf-gcc -Wl,-T -Wl,../src/lscript.ld -L../../standalone_bsp_0/psu_cortexa53_0/lib -o "HelloWorld.elf"  ./src/main.o   -Wl,--start-group,-lxil,-lgcc,-lc,--end-group -Wl,--start-group,-lxilffs,-lxil,-lgcc,-lc,--end-group -Wl,--start-group,-lxilpm,-lxil,-lgcc,-lc,--end-group -Wl,--start-group,-lxilsecure,-lxil,-lgcc,-lc,--end-group
'Finished building target: HelloWorld.elf'
' '
'Invoking: ARM v8 Print Size'
aarch64-none-elf-size HelloWorld.elf  |tee "HelloWorld.elf.size"
   text	   data	    bss	    dec	    hex	filename
  34396	   2408	  20696	  57500	   e09c	HelloWorld.elf
'Finished building: HelloWorld.elf.size'
' '
14:38:16 **** Auto Build of configuration Debug for project HelloWorld ****
make all 
'Building file: ../src/main.c'
'Invoking: ARM v8 gcc compiler'
aarch64-none-elf-gcc -Wall -O0 -g3 -c -fmessage-length=0 -MT"src/main.o" -I../../standalone_bsp_0/psu_cortexa53_0/include -MMD -MP -MF"src/main.d" -MT"src/main.o" -o "src/main.o" "../src/main.c"
../src/main.c: In function 'main':
../src/main.c:59:2: error: expected expression before 'while'
  while(1){
  ^~~~~
../src/main.c:56:2: error: too few arguments to function 'XGpio_DiscreteWrite'
  XGpio_DiscreteWrite(uart_sel,
  ^~~~~~~~~~~~~~~~~~~
In file included from ../src/main.c:28:0:
../../standalone_bsp_0/psu_cortexa53_0/include/xgpio.h:180:6: note: declared here
 void XGpio_DiscreteWrite(XGpio *InstancePtr, unsigned Channel, u32 Mask);
      ^~~~~~~~~~~~~~~~~~~
../src/main.c:70:1: error: expected ';' before '}' token
 }
 ^
../src/main.c:53:6: warning: unused variable 'i' [-Wunused-variable]
  int i;
      ^
In file included from ../src/main.c:27:0:
At top level:
../src/UtilityFunctions.h:39:12: warning: 'ConvertBinaryCodedDecimalToDecimal' defined but not used [-Wunused-function]
 static int ConvertBinaryCodedDecimalToDecimal(uint8_t bcd)
            ^~~~~~~~~~~~~~~~~~~~~~~~~~~~~~~~~~
make: *** [src/subdir.mk:23: src/main.o] Error 1
14:44:35 **** Auto Build of configuration Debug for project HelloWorld ****
make all 
'Building file: ../src/main.c'
'Invoking: ARM v8 gcc compiler'
aarch64-none-elf-gcc -Wall -O0 -g3 -c -fmessage-length=0 -MT"src/main.o" -I../../standalone_bsp_0/psu_cortexa53_0/include -MMD -MP -MF"src/main.d" -MT"src/main.o" -o "src/main.o" "../src/main.c"
In file included from ../src/main.c:27:0:
../src/UtilityFunctions.h:39:12: warning: 'ConvertBinaryCodedDecimalToDecimal' defined but not used [-Wunused-function]
 static int ConvertBinaryCodedDecimalToDecimal(uint8_t bcd)
            ^~~~~~~~~~~~~~~~~~~~~~~~~~~~~~~~~~
../src/main.c: In function 'main':
../src/main.c:55:2: warning: 'uart_sel' is used uninitialized in this function [-Wuninitialized]
  XGpio_Initialize(uart_sel, XPAR_AXI_GPIO_1_DEVICE_ID);
  ^~~~~~~~~~~~~~~~~~~~~~~~~~~~~~~~~~~~~~~~~~~~~~~~~~~~~
'Finished building: ../src/main.c'
' '
'Building target: HelloWorld.elf'
'Invoking: ARM v8 gcc linker'
aarch64-none-elf-gcc -Wl,-T -Wl,../src/lscript.ld -L../../standalone_bsp_0/psu_cortexa53_0/lib -o "HelloWorld.elf"  ./src/main.o   -Wl,--start-group,-lxil,-lgcc,-lc,--end-group -Wl,--start-group,-lxilffs,-lxil,-lgcc,-lc,--end-group -Wl,--start-group,-lxilpm,-lxil,-lgcc,-lc,--end-group -Wl,--start-group,-lxilsecure,-lxil,-lgcc,-lc,--end-group
'Finished building target: HelloWorld.elf'
' '
'Invoking: ARM v8 Print Size'
aarch64-none-elf-size HelloWorld.elf  |tee "HelloWorld.elf.size"
   text	   data	    bss	    dec	    hex	filename
  34396	   2408	  20696	  57500	   e09c	HelloWorld.elf
'Finished building: HelloWorld.elf.size'
' '
14:45:40 **** Auto Build of configuration Debug for project HelloWorld ****
make all 
'Building file: ../src/main.c'
'Invoking: ARM v8 gcc compiler'
aarch64-none-elf-gcc -Wall -O0 -g3 -c -fmessage-length=0 -MT"src/main.o" -I../../standalone_bsp_0/psu_cortexa53_0/include -MMD -MP -MF"src/main.d" -MT"src/main.o" -o "src/main.o" "../src/main.c"
../src/main.c: In function 'main':
../src/main.c:53:6: warning: unused variable 'i' [-Wunused-variable]
  int i;
      ^
../src/main.c: At top level:
../src/main.c:68:15: error: expected declaration specifiers or '...' before string constant
     EN_PRINTF("\n\rGoodbye...\n\r");
               ^~~~~~~~~~~~~~~~~~~~
../src/main.c:70:2: error: expected identifier or '(' before 'while'
  while (1);
  ^~~~~
../src/main.c:71:5: error: expected identifier or '(' before 'return'
     return 0;
     ^~~~~~
../src/main.c:72:1: error: expected identifier or '(' before '}' token
 }
 ^
In file included from ../src/main.c:27:0:
../src/UtilityFunctions.h:39:12: warning: 'ConvertBinaryCodedDecimalToDecimal' defined but not used [-Wunused-function]
 static int ConvertBinaryCodedDecimalToDecimal(uint8_t bcd)
            ^~~~~~~~~~~~~~~~~~~~~~~~~~~~~~~~~~
make: *** [src/subdir.mk:23: src/main.o] Error 1
14:45:40 **** Incremental Build of configuration Debug for project i2c_example ****
make all 
make: Nothing to be done for 'all'.
14:45:40 **** Incremental Build of configuration Debug for project fsbl ****
make all 
make: Nothing to be done for 'all'.
14:45:41 **** Incremental Build of configuration Debug for project MemoryTest ****
make all 
make: Nothing to be done for 'all'.
14:45:41 **** Incremental Build of configuration Debug for project HelloWorld ****
make all 
'Building file: ../src/main.c'
'Invoking: ARM v8 gcc compiler'
aarch64-none-elf-gcc -Wall -O0 -g3 -c -fmessage-length=0 -MT"src/main.o" -I../../standalone_bsp_0/psu_cortexa53_0/include -MMD -MP -MF"src/main.d" -MT"src/main.o" -o "src/main.o" "../src/main.c"
../src/main.c: In function 'main':
../src/main.c:53:6: warning: unused variable 'i' [-Wunused-variable]
  int i;
      ^
../src/main.c: At top level:
../src/main.c:68:15: error: expected declaration specifiers or '...' before string constant
     EN_PRINTF("\n\rGoodbye...\n\r");
               ^~~~~~~~~~~~~~~~~~~~
../src/main.c:70:2: error: expected identifier or '(' before 'while'
  while (1);
  ^~~~~
../src/main.c:71:5: error: expected identifier or '(' before 'return'
     return 0;
     ^~~~~~
../src/main.c:72:1: error: expected identifier or '(' before '}' token
 }
 ^
In file included from ../src/main.c:27:0:
../src/UtilityFunctions.h:39:12: warning: 'ConvertBinaryCodedDecimalToDecimal' defined but not used [-Wunused-function]
 static int ConvertBinaryCodedDecimalToDecimal(uint8_t bcd)
            ^~~~~~~~~~~~~~~~~~~~~~~~~~~~~~~~~~
make: *** [src/subdir.mk:23: src/main.o] Error 1
14:45:41 **** Incremental Build of configuration Debug for project FlashTest ****
make all 
make: Nothing to be done for 'all'.
14:45:52 **** Auto Build of configuration Debug for project HelloWorld ****
make all 
'Building file: ../src/main.c'
'Invoking: ARM v8 gcc compiler'
aarch64-none-elf-gcc -Wall -O0 -g3 -c -fmessage-length=0 -MT"src/main.o" -I../../standalone_bsp_0/psu_cortexa53_0/include -MMD -MP -MF"src/main.d" -MT"src/main.o" -o "src/main.o" "../src/main.c"
../src/main.c: In function 'main':
../src/main.c:53:6: warning: unused variable 'i' [-Wunused-variable]
  int i;
      ^
In file included from ../src/main.c:27:0:
At top level:
../src/UtilityFunctions.h:39:12: warning: 'ConvertBinaryCodedDecimalToDecimal' defined but not used [-Wunused-function]
 static int ConvertBinaryCodedDecimalToDecimal(uint8_t bcd)
            ^~~~~~~~~~~~~~~~~~~~~~~~~~~~~~~~~~
../src/main.c: In function 'main':
../src/main.c:55:2: warning: 'uart_sel' is used uninitialized in this function [-Wuninitialized]
  XGpio_Initialize(uart_sel, XPAR_AXI_GPIO_1_DEVICE_ID);
  ^~~~~~~~~~~~~~~~~~~~~~~~~~~~~~~~~~~~~~~~~~~~~~~~~~~~~
'Finished building: ../src/main.c'
' '
'Building target: HelloWorld.elf'
'Invoking: ARM v8 gcc linker'
aarch64-none-elf-gcc -Wl,-T -Wl,../src/lscript.ld -L../../standalone_bsp_0/psu_cortexa53_0/lib -o "HelloWorld.elf"  ./src/main.o   -Wl,--start-group,-lxil,-lgcc,-lc,--end-group -Wl,--start-group,-lxilffs,-lxil,-lgcc,-lc,--end-group -Wl,--start-group,-lxilpm,-lxil,-lgcc,-lc,--end-group -Wl,--start-group,-lxilsecure,-lxil,-lgcc,-lc,--end-group
'Finished building target: HelloWorld.elf'
' '
'Invoking: ARM v8 Print Size'
aarch64-none-elf-size HelloWorld.elf  |tee "HelloWorld.elf.size"
   text	   data	    bss	    dec	    hex	filename
  34388	   2408	  20704	  57500	   e09c	HelloWorld.elf
'Finished building: HelloWorld.elf.size'
' '
14:45:52 **** Incremental Build of configuration Debug for project i2c_example ****
make all 
make: Nothing to be done for 'all'.
14:45:53 **** Incremental Build of configuration Debug for project fsbl ****
make all 
make: Nothing to be done for 'all'.
14:45:53 **** Incremental Build of configuration Debug for project MemoryTest ****
make all 
make: Nothing to be done for 'all'.
14:45:54 **** Incremental Build of configuration Debug for project HelloWorld ****
make all 
make: Nothing to be done for 'all'.
14:45:54 **** Incremental Build of configuration Debug for project FlashTest ****
make all 
make: Nothing to be done for 'all'.
14:46:32 **** Incremental Build of configuration Debug for project HelloWorld ****
make all 
make: Nothing to be done for 'all'.
14:49:42 **** Auto Build of configuration Debug for project HelloWorld ****
make all 
'Building file: ../src/main.c'
'Invoking: ARM v8 gcc compiler'
aarch64-none-elf-gcc -Wall -O0 -g3 -c -fmessage-length=0 -MT"src/main.o" -I../../standalone_bsp_0/psu_cortexa53_0/include -MMD -MP -MF"src/main.d" -MT"src/main.o" -o "src/main.o" "../src/main.c"
../src/main.c: In function 'main':
../src/main.c:53:6: warning: unused variable 'i' [-Wunused-variable]
  int i;
      ^
In file included from ../src/main.c:27:0:
At top level:
../src/UtilityFunctions.h:39:12: warning: 'ConvertBinaryCodedDecimalToDecimal' defined but not used [-Wunused-function]
 static int ConvertBinaryCodedDecimalToDecimal(uint8_t bcd)
            ^~~~~~~~~~~~~~~~~~~~~~~~~~~~~~~~~~
../src/main.c: In function 'main':
../src/main.c:55:2: warning: 'uart_sel' is used uninitialized in this function [-Wuninitialized]
  XGpio_Initialize(uart_sel, XPAR_AXI_GPIO_1_DEVICE_ID);
  ^~~~~~~~~~~~~~~~~~~~~~~~~~~~~~~~~~~~~~~~~~~~~~~~~~~~~
'Finished building: ../src/main.c'
' '
'Building target: HelloWorld.elf'
'Invoking: ARM v8 gcc linker'
aarch64-none-elf-gcc -Wl,-T -Wl,../src/lscript.ld -L../../standalone_bsp_0/psu_cortexa53_0/lib -o "HelloWorld.elf"  ./src/main.o   -Wl,--start-group,-lxil,-lgcc,-lc,--end-group -Wl,--start-group,-lxilffs,-lxil,-lgcc,-lc,--end-group -Wl,--start-group,-lxilpm,-lxil,-lgcc,-lc,--end-group -Wl,--start-group,-lxilsecure,-lxil,-lgcc,-lc,--end-group
'Finished building target: HelloWorld.elf'
' '
'Invoking: ARM v8 Print Size'
aarch64-none-elf-size HelloWorld.elf  |tee "HelloWorld.elf.size"
   text	   data	    bss	    dec	    hex	filename
  34388	   2408	  20704	  57500	   e09c	HelloWorld.elf
'Finished building: HelloWorld.elf.size'
' '
14:49:44 **** Incremental Build of configuration Debug for project i2c_example ****
make all 
make: Nothing to be done for 'all'.
14:49:44 **** Incremental Build of configuration Debug for project fsbl ****
make all 
make: Nothing to be done for 'all'.
14:49:45 **** Incremental Build of configuration Debug for project MemoryTest ****
make all 
make: Nothing to be done for 'all'.
14:49:45 **** Incremental Build of configuration Debug for project HelloWorld ****
make all 
make: Nothing to be done for 'all'.
14:49:45 **** Incremental Build of configuration Debug for project FlashTest ****
make all 
make: Nothing to be done for 'all'.
14:49:56 **** Incremental Build of configuration Debug for project HelloWorld ****
make all 
make: Nothing to be done for 'all'.
14:52:51 **** Auto Build of project standalone_bsp_0 ****
make -k all 
"Running Make include in psu_cortexa53_0/libsrc/axipmon_v6_7/src"
make -C psu_cortexa53_0/libsrc/axipmon_v6_7/src -s include  "SHELL=CMD" "COMPILER=aarch64-none-elf-gcc" "ARCHIVER=aarch64-none-elf-ar" "COMPILER_FLAGS=  -O2 -c" "EXTRA_COMPILER_FLAGS=-g -Wall -Wextra"
"Running Make include in psu_cortexa53_0/libsrc/clockps_v1_0/src"
make -C psu_cortexa53_0/libsrc/clockps_v1_0/src -s include  "SHELL=CMD" "COMPILER=aarch64-none-elf-gcc" "ARCHIVER=aarch64-none-elf-ar" "COMPILER_FLAGS=  -O2 -c" "EXTRA_COMPILER_FLAGS=-g -Wall -Wextra"
"Running Make include in psu_cortexa53_0/libsrc/coresightps_dcc_v1_4/src"
make -C psu_cortexa53_0/libsrc/coresightps_dcc_v1_4/src -s include  "SHELL=CMD" "COMPILER=aarch64-none-elf-gcc" "ARCHIVER=aarch64-none-elf-ar" "COMPILER_FLAGS=  -O2 -c" "EXTRA_COMPILER_FLAGS=-g -Wall -Wextra"
"Running Make include in psu_cortexa53_0/libsrc/cpu_cortexa53_v1_5/src"
make -C psu_cortexa53_0/libsrc/cpu_cortexa53_v1_5/src -s include  "SHELL=CMD" "COMPILER=aarch64-none-elf-gcc" "ARCHIVER=aarch64-none-elf-ar" "COMPILER_FLAGS=  -O2 -c" "EXTRA_COMPILER_FLAGS=-g -Wall -Wextra"
"Running Make include in psu_cortexa53_0/libsrc/csudma_v1_3/src"
make -C psu_cortexa53_0/libsrc/csudma_v1_3/src -s include  "SHELL=CMD" "COMPILER=aarch64-none-elf-gcc" "ARCHIVER=aarch64-none-elf-ar" "COMPILER_FLAGS=  -O2 -c" "EXTRA_COMPILER_FLAGS=-g -Wall -Wextra"
"Running Make include in psu_cortexa53_0/libsrc/ddrcpsu_v1_1/src"
make -C psu_cortexa53_0/libsrc/ddrcpsu_v1_1/src -s include  "SHELL=CMD" "COMPILER=aarch64-none-elf-gcc" "ARCHIVER=aarch64-none-elf-ar" "COMPILER_FLAGS=  -O2 -c" "EXTRA_COMPILER_FLAGS=-g -Wall -Wextra"
"Running Make include in psu_cortexa53_0/libsrc/emacps_v3_8/src"
make -C psu_cortexa53_0/libsrc/emacps_v3_8/src -s include  "SHELL=CMD" "COMPILER=aarch64-none-elf-gcc" "ARCHIVER=aarch64-none-elf-ar" "COMPILER_FLAGS=  -O2 -c" "EXTRA_COMPILER_FLAGS=-g -Wall -Wextra"
"Running Make include in psu_cortexa53_0/libsrc/gpiops_v3_4/src"
make -C psu_cortexa53_0/libsrc/gpiops_v3_4/src -s include  "SHELL=CMD" "COMPILER=aarch64-none-elf-gcc" "ARCHIVER=aarch64-none-elf-ar" "COMPILER_FLAGS=  -O2 -c" "EXTRA_COMPILER_FLAGS=-g -Wall -Wextra"
"Running Make include in psu_cortexa53_0/libsrc/gpio_v4_3/src"
make -C psu_cortexa53_0/libsrc/gpio_v4_3/src -s include  "SHELL=CMD" "COMPILER=aarch64-none-elf-gcc" "ARCHIVER=aarch64-none-elf-ar" "COMPILER_FLAGS=  -O2 -c" "EXTRA_COMPILER_FLAGS=-g -Wall -Wextra"
"Running Make include in psu_cortexa53_0/libsrc/iicps_v3_8/src"
make -C psu_cortexa53_0/libsrc/iicps_v3_8/src -s include  "SHELL=CMD" "COMPILER=aarch64-none-elf-gcc" "ARCHIVER=aarch64-none-elf-ar" "COMPILER_FLAGS=  -O2 -c" "EXTRA_COMPILER_FLAGS=-g -Wall -Wextra"
"Running Make include in psu_cortexa53_0/libsrc/ipipsu_v2_4/src"
make -C psu_cortexa53_0/libsrc/ipipsu_v2_4/src -s include  "SHELL=CMD" "COMPILER=aarch64-none-elf-gcc" "ARCHIVER=aarch64-none-elf-ar" "COMPILER_FLAGS=  -O2 -c" "EXTRA_COMPILER_FLAGS=-g -Wall -Wextra"
"Running Make include in psu_cortexa53_0/libsrc/qspipsu_v1_8/src"
make -C psu_cortexa53_0/libsrc/qspipsu_v1_8/src -s include  "SHELL=CMD" "COMPILER=aarch64-none-elf-gcc" "ARCHIVER=aarch64-none-elf-ar" "COMPILER_FLAGS=  -O2 -c" "EXTRA_COMPILER_FLAGS=-g -Wall -Wextra"
"Running Make include in psu_cortexa53_0/libsrc/resetps_v1_2/src"
make -C psu_cortexa53_0/libsrc/resetps_v1_2/src -s include  "SHELL=CMD" "COMPILER=aarch64-none-elf-gcc" "ARCHIVER=aarch64-none-elf-ar" "COMPILER_FLAGS=  -O2 -c" "EXTRA_COMPILER_FLAGS=-g -Wall -Wextra"
"Running Make include in psu_cortexa53_0/libsrc/rtcpsu_v1_6/src"
make -C psu_cortexa53_0/libsrc/rtcpsu_v1_6/src -s include  "SHELL=CMD" "COMPILER=aarch64-none-elf-gcc" "ARCHIVER=aarch64-none-elf-ar" "COMPILER_FLAGS=  -O2 -c" "EXTRA_COMPILER_FLAGS=-g -Wall -Wextra"
"Running Make include in psu_cortexa53_0/libsrc/scugic_v3_10/src"
make -C psu_cortexa53_0/libsrc/scugic_v3_10/src -s include  "SHELL=CMD" "COMPILER=aarch64-none-elf-gcc" "ARCHIVER=aarch64-none-elf-ar" "COMPILER_FLAGS=  -O2 -c" "EXTRA_COMPILER_FLAGS=-g -Wall -Wextra"
"Running Make include in psu_cortexa53_0/libsrc/sdps_v3_6/src"
make -C psu_cortexa53_0/libsrc/sdps_v3_6/src -s include  "SHELL=CMD" "COMPILER=aarch64-none-elf-gcc" "ARCHIVER=aarch64-none-elf-ar" "COMPILER_FLAGS=  -O2 -c" "EXTRA_COMPILER_FLAGS=-g -Wall -Wextra"
"Running Make include in psu_cortexa53_0/libsrc/standalone_v6_8/src"
make -C psu_cortexa53_0/libsrc/standalone_v6_8/src -s include  "SHELL=CMD" "COMPILER=aarch64-none-elf-gcc" "ARCHIVER=aarch64-none-elf-ar" "COMPILER_FLAGS=  -O2 -c" "EXTRA_COMPILER_FLAGS=-g -Wall -Wextra"
"Running Make include in psu_cortexa53_0/libsrc/sysmonpsu_v2_5/src"
make -C psu_cortexa53_0/libsrc/sysmonpsu_v2_5/src -s include  "SHELL=CMD" "COMPILER=aarch64-none-elf-gcc" "ARCHIVER=aarch64-none-elf-ar" "COMPILER_FLAGS=  -O2 -c" "EXTRA_COMPILER_FLAGS=-g -Wall -Wextra"
"Running Make include in psu_cortexa53_0/libsrc/sysmon_v7_5/src"
make -C psu_cortexa53_0/libsrc/sysmon_v7_5/src -s include  "SHELL=CMD" "COMPILER=aarch64-none-elf-gcc" "ARCHIVER=aarch64-none-elf-ar" "COMPILER_FLAGS=  -O2 -c" "EXTRA_COMPILER_FLAGS=-g -Wall -Wextra"
"Running Make include in psu_cortexa53_0/libsrc/ttcps_v3_7/src"
make -C psu_cortexa53_0/libsrc/ttcps_v3_7/src -s include  "SHELL=CMD" "COMPILER=aarch64-none-elf-gcc" "ARCHIVER=aarch64-none-elf-ar" "COMPILER_FLAGS=  -O2 -c" "EXTRA_COMPILER_FLAGS=-g -Wall -Wextra"
"Running Make include in psu_cortexa53_0/libsrc/uartps_v3_7/src"
make -C psu_cortexa53_0/libsrc/uartps_v3_7/src -s include  "SHELL=CMD" "COMPILER=aarch64-none-elf-gcc" "ARCHIVER=aarch64-none-elf-ar" "COMPILER_FLAGS=  -O2 -c" "EXTRA_COMPILER_FLAGS=-g -Wall -Wextra"
"Running Make include in psu_cortexa53_0/libsrc/usbpsu_v1_4/src"
make -C psu_cortexa53_0/libsrc/usbpsu_v1_4/src -s include  "SHELL=CMD" "COMPILER=aarch64-none-elf-gcc" "ARCHIVER=aarch64-none-elf-ar" "COMPILER_FLAGS=  -O2 -c" "EXTRA_COMPILER_FLAGS=-g -Wall -Wextra"
"Running Make include in psu_cortexa53_0/libsrc/xilffs_v4_0/src"
make -C psu_cortexa53_0/libsrc/xilffs_v4_0/src -s include  "SHELL=CMD" "COMPILER=aarch64-none-elf-gcc" "ARCHIVER=aarch64-none-elf-ar" "COMPILER_FLAGS=  -O2 -c" "EXTRA_COMPILER_FLAGS=-g -Wall -Wextra"
"Running Make include in psu_cortexa53_0/libsrc/xilpm_v2_4/src"
make -C psu_cortexa53_0/libsrc/xilpm_v2_4/src -s include  "SHELL=CMD" "COMPILER=aarch64-none-elf-gcc" "ARCHIVER=aarch64-none-elf-ar" "COMPILER_FLAGS=  -O2 -c" "EXTRA_COMPILER_FLAGS=-g -Wall -Wextra"
"Include files for this library have already been copied."
"Running Make include in psu_cortexa53_0/libsrc/xilsecure_v3_2/src"
make -C psu_cortexa53_0/libsrc/xilsecure_v3_2/src -s include  "SHELL=CMD" "COMPILER=aarch64-none-elf-gcc" "ARCHIVER=aarch64-none-elf-ar" "COMPILER_FLAGS=  -O2 -c" "EXTRA_COMPILER_FLAGS=-g -Wall -Wextra"
"Running Make include in psu_cortexa53_0/libsrc/zdma_v1_6/src"
make -C psu_cortexa53_0/libsrc/zdma_v1_6/src -s include  "SHELL=CMD" "COMPILER=aarch64-none-elf-gcc" "ARCHIVER=aarch64-none-elf-ar" "COMPILER_FLAGS=  -O2 -c" "EXTRA_COMPILER_FLAGS=-g -Wall -Wextra"
"Running Make libs in psu_cortexa53_0/libsrc/axipmon_v6_7/src"
make -C psu_cortexa53_0/libsrc/axipmon_v6_7/src -s libs  "SHELL=CMD" "COMPILER=aarch64-none-elf-gcc" "ARCHIVER=aarch64-none-elf-ar" "COMPILER_FLAGS=  -O2 -c" "EXTRA_COMPILER_FLAGS=-g -Wall -Wextra"
"Compiling axipmon"
aarch64-none-elf-ar: creating ../../../lib/libxil.a
"Running Make libs in psu_cortexa53_0/libsrc/clockps_v1_0/src"
make -C psu_cortexa53_0/libsrc/clockps_v1_0/src -s libs  "SHELL=CMD" "COMPILER=aarch64-none-elf-gcc" "ARCHIVER=aarch64-none-elf-ar" "COMPILER_FLAGS=  -O2 -c" "EXTRA_COMPILER_FLAGS=-g -Wall -Wextra"
"Compiling clockps"
"Running Make libs in psu_cortexa53_0/libsrc/coresightps_dcc_v1_4/src"
make -C psu_cortexa53_0/libsrc/coresightps_dcc_v1_4/src -s libs  "SHELL=CMD" "COMPILER=aarch64-none-elf-gcc" "ARCHIVER=aarch64-none-elf-ar" "COMPILER_FLAGS=  -O2 -c" "EXTRA_COMPILER_FLAGS=-g -Wall -Wextra"
"Compiling coresightps_dcc"
"Running Make libs in psu_cortexa53_0/libsrc/cpu_cortexa53_v1_5/src"
make -C psu_cortexa53_0/libsrc/cpu_cortexa53_v1_5/src -s libs  "SHELL=CMD" "COMPILER=aarch64-none-elf-gcc" "ARCHIVER=aarch64-none-elf-ar" "COMPILER_FLAGS=  -O2 -c" "EXTRA_COMPILER_FLAGS=-g -Wall -Wextra"
"Compiling cpu_cortexa53"
"Running Make libs in psu_cortexa53_0/libsrc/csudma_v1_3/src"
make -C psu_cortexa53_0/libsrc/csudma_v1_3/src -s libs  "SHELL=CMD" "COMPILER=aarch64-none-elf-gcc" "ARCHIVER=aarch64-none-elf-ar" "COMPILER_FLAGS=  -O2 -c" "EXTRA_COMPILER_FLAGS=-g -Wall -Wextra"
"Compiling csudma"
"Running Make libs in psu_cortexa53_0/libsrc/ddrcpsu_v1_1/src"
make -C psu_cortexa53_0/libsrc/ddrcpsu_v1_1/src -s libs  "SHELL=CMD" "COMPILER=aarch64-none-elf-gcc" "ARCHIVER=aarch64-none-elf-ar" "COMPILER_FLAGS=  -O2 -c" "EXTRA_COMPILER_FLAGS=-g -Wall -Wextra"
"Compiling ddrcpsu"
"Running Make libs in psu_cortexa53_0/libsrc/emacps_v3_8/src"
make -C psu_cortexa53_0/libsrc/emacps_v3_8/src -s libs  "SHELL=CMD" "COMPILER=aarch64-none-elf-gcc" "ARCHIVER=aarch64-none-elf-ar" "COMPILER_FLAGS=  -O2 -c" "EXTRA_COMPILER_FLAGS=-g -Wall -Wextra"
"Compiling emacps"
"Running Make libs in psu_cortexa53_0/libsrc/gpiops_v3_4/src"
make -C psu_cortexa53_0/libsrc/gpiops_v3_4/src -s libs  "SHELL=CMD" "COMPILER=aarch64-none-elf-gcc" "ARCHIVER=aarch64-none-elf-ar" "COMPILER_FLAGS=  -O2 -c" "EXTRA_COMPILER_FLAGS=-g -Wall -Wextra"
"Compiling gpiops"
"Running Make libs in psu_cortexa53_0/libsrc/gpio_v4_3/src"
make -C psu_cortexa53_0/libsrc/gpio_v4_3/src -s libs  "SHELL=CMD" "COMPILER=aarch64-none-elf-gcc" "ARCHIVER=aarch64-none-elf-ar" "COMPILER_FLAGS=  -O2 -c" "EXTRA_COMPILER_FLAGS=-g -Wall -Wextra"
"Compiling gpio"
"Running Make libs in psu_cortexa53_0/libsrc/iicps_v3_8/src"
make -C psu_cortexa53_0/libsrc/iicps_v3_8/src -s libs  "SHELL=CMD" "COMPILER=aarch64-none-elf-gcc" "ARCHIVER=aarch64-none-elf-ar" "COMPILER_FLAGS=  -O2 -c" "EXTRA_COMPILER_FLAGS=-g -Wall -Wextra"
"Compiling iicps"
"Running Make libs in psu_cortexa53_0/libsrc/ipipsu_v2_4/src"
make -C psu_cortexa53_0/libsrc/ipipsu_v2_4/src -s libs  "SHELL=CMD" "COMPILER=aarch64-none-elf-gcc" "ARCHIVER=aarch64-none-elf-ar" "COMPILER_FLAGS=  -O2 -c" "EXTRA_COMPILER_FLAGS=-g -Wall -Wextra"
"Compiling ipipsu"
"Running Make libs in psu_cortexa53_0/libsrc/qspipsu_v1_8/src"
make -C psu_cortexa53_0/libsrc/qspipsu_v1_8/src -s libs  "SHELL=CMD" "COMPILER=aarch64-none-elf-gcc" "ARCHIVER=aarch64-none-elf-ar" "COMPILER_FLAGS=  -O2 -c" "EXTRA_COMPILER_FLAGS=-g -Wall -Wextra"
"Compiling qspipsu"
"Running Make libs in psu_cortexa53_0/libsrc/resetps_v1_2/src"
make -C psu_cortexa53_0/libsrc/resetps_v1_2/src -s libs  "SHELL=CMD" "COMPILER=aarch64-none-elf-gcc" "ARCHIVER=aarch64-none-elf-ar" "COMPILER_FLAGS=  -O2 -c" "EXTRA_COMPILER_FLAGS=-g -Wall -Wextra"
"Compiling resetps"
"Running Make libs in psu_cortexa53_0/libsrc/rtcpsu_v1_6/src"
make -C psu_cortexa53_0/libsrc/rtcpsu_v1_6/src -s libs  "SHELL=CMD" "COMPILER=aarch64-none-elf-gcc" "ARCHIVER=aarch64-none-elf-ar" "COMPILER_FLAGS=  -O2 -c" "EXTRA_COMPILER_FLAGS=-g -Wall -Wextra"
"Compiling rtcpsu"
"Running Make libs in psu_cortexa53_0/libsrc/scugic_v3_10/src"
make -C psu_cortexa53_0/libsrc/scugic_v3_10/src -s libs  "SHELL=CMD" "COMPILER=aarch64-none-elf-gcc" "ARCHIVER=aarch64-none-elf-ar" "COMPILER_FLAGS=  -O2 -c" "EXTRA_COMPILER_FLAGS=-g -Wall -Wextra"
"Compiling scugic"
"Running Make libs in psu_cortexa53_0/libsrc/sdps_v3_6/src"
make -C psu_cortexa53_0/libsrc/sdps_v3_6/src -s libs  "SHELL=CMD" "COMPILER=aarch64-none-elf-gcc" "ARCHIVER=aarch64-none-elf-ar" "COMPILER_FLAGS=  -O2 -c" "EXTRA_COMPILER_FLAGS=-g -Wall -Wextra"
"Compiling sdps"
"Running Make libs in psu_cortexa53_0/libsrc/standalone_v6_8/src"
make -C psu_cortexa53_0/libsrc/standalone_v6_8/src -s libs  "SHELL=CMD" "COMPILER=aarch64-none-elf-gcc" "ARCHIVER=aarch64-none-elf-ar" "COMPILER_FLAGS=  -O2 -c" "EXTRA_COMPILER_FLAGS=-g -Wall -Wextra"
"Compiling standalone A53"
In file included from xil_sleeptimer.c:51:0:
xtime_l.h:77:9: note: #pragma message: For the sleep routines, Global timer is being used
 #pragma message ("For the sleep routines, Global timer is being used")
         ^~~~~~~
In file included from xtime_l.c:52:0:
xtime_l.h:77:9: note: #pragma message: For the sleep routines, Global timer is being used
 #pragma message ("For the sleep routines, Global timer is being used")
         ^~~~~~~
In file included from sleep.c:59:0:
xtime_l.h:77:9: note: #pragma message: For the sleep routines, Global timer is being used
 #pragma message ("For the sleep routines, Global timer is being used")
         ^~~~~~~
translation_table.S:145:2: warning: #warning "There's no DDR_1 in the HW design. MMU translation table marks 32 GB DDR address space as undefined" [-Wcpp]
 #warning "There's no DDR_1 in the HW design. MMU translation table marks 32 GB DDR address space as undefined"
  ^~~~~~~
"Running Make libs in psu_cortexa53_0/libsrc/sysmonpsu_v2_5/src"
make -C psu_cortexa53_0/libsrc/sysmonpsu_v2_5/src -s libs  "SHELL=CMD" "COMPILER=aarch64-none-elf-gcc" "ARCHIVER=aarch64-none-elf-ar" "COMPILER_FLAGS=  -O2 -c" "EXTRA_COMPILER_FLAGS=-g -Wall -Wextra"
"Compiling sysmonpsu"
"Running Make libs in psu_cortexa53_0/libsrc/sysmon_v7_5/src"
[...]
14:57:57 **** Auto Build of configuration Debug for project HelloWorld ****
make all 
'Building file: ../src/main.c'
'Invoking: ARM v8 gcc compiler'
aarch64-none-elf-gcc -Wall -O0 -g3 -c -fmessage-length=0 -MT"src/main.o" -I../../standalone_bsp_0/psu_cortexa53_0/include -MMD -MP -MF"src/main.d" -MT"src/main.o" -o "src/main.o" "../src/main.c"
../src/main.c: In function 'main':
../src/main.c:56:30: warning: large integer implicitly truncated to unsigned type [-Woverflow]
 #define USER_UART_RX_TIMEOUT 20000
                              ^
../src/main.c:76:34: note: in expansion of macro 'USER_UART_RX_TIMEOUT'
  XUartPs_SetRecvTimeout(&uart_0, USER_UART_RX_TIMEOUT);
                                  ^~~~~~~~~~~~~~~~~~~~
../src/main.c:82:6: warning: unused variable 'i' [-Wunused-variable]
  u32 i = 0;
      ^
../src/main.c: In function 'send_pmt_uart_command':
../src/main.c:146:23: warning: pointer targets in passing argument 2 of 'XUartPs_Send' differ in signedness [-Wpointer-sign]
  XUartPs_Send(&uart_0,cmd,strlen(cmd));
                       ^~~
In file included from ../src/main.c:32:0:
../../standalone_bsp_0/psu_cortexa53_0/include/xuartps.h:462:5: note: expected 'u8 * {aka unsigned char *}' but argument is of type 'char *'
 u32 XUartPs_Send(XUartPs *InstancePtr,u8 *BufferPtr,
     ^~~~~~~~~~~~
../src/main.c: In function 'uart_rx_packet':
../src/main.c:167:35: warning: pointer targets in passing argument 2 of 'XUartPs_Recv' differ in signedness [-Wpointer-sign]
   num_rec = XUartPs_Recv(&uart_0, &packet[packet_index], 1);
                                   ^
In file included from ../src/main.c:32:0:
../../standalone_bsp_0/psu_cortexa53_0/include/xuartps.h:465:5: note: expected 'u8 * {aka unsigned char *}' but argument is of type 'char *'
 u32 XUartPs_Recv(XUartPs *InstancePtr,u8 *BufferPtr,
     ^~~~~~~~~~~~
In file included from ../src/main.c:27:0:
At top level:
../src/UtilityFunctions.h:39:12: warning: 'ConvertBinaryCodedDecimalToDecimal' defined but not used [-Wunused-function]
 static int ConvertBinaryCodedDecimalToDecimal(uint8_t bcd)
            ^~~~~~~~~~~~~~~~~~~~~~~~~~~~~~~~~~
'Finished building: ../src/main.c'
' '
'Building target: HelloWorld.elf'
'Invoking: ARM v8 gcc linker'
aarch64-none-elf-gcc -Wl,-T -Wl,../src/lscript.ld -L../../standalone_bsp_0/psu_cortexa53_0/lib -o "HelloWorld.elf"  ./src/main.o ./src/nuprism_cmd.o   -Wl,--start-group,-lxil,-lgcc,-lc,--end-group -Wl,--start-group,-lxilffs,-lxil,-lgcc,-lc,--end-group -Wl,--start-group,-lxilpm,-lxil,-lgcc,-lc,--end-group -Wl,--start-group,-lxilsecure,-lxil,-lgcc,-lc,--end-group
./src/main.o: In function `main':
C:\triumf\max\xu1-max10-testing\XU1\workspace\HelloWorld\Debug/../src/main.c:91: undefined reference to `do_command'
collect2.exe: error: ld returned 1 exit status
make: *** [makefile:38: HelloWorld.elf] Error 1
14:58:13 **** Clean-only build of configuration Debug for project HelloWorld ****
make clean 
rm -rf  ./src/main.o ./src/nuprism_cmd.o  ./src/main.d ./src/nuprism_cmd.d  HelloWorld.elf.size  HelloWorld.elf
' '
14:58:13 **** Build of configuration Debug for project HelloWorld ****
make all 
'Building file: ../src/main.c'
'Invoking: ARM v8 gcc compiler'
aarch64-none-elf-gcc -Wall -O0 -g3 -c -fmessage-length=0 -MT"src/main.o" -I../../standalone_bsp_0/psu_cortexa53_0/include -MMD -MP -MF"src/main.d" -MT"src/main.o" -o "src/main.o" "../src/main.c"
../src/main.c: In function 'main':
../src/main.c:56:30: warning: large integer implicitly truncated to unsigned type [-Woverflow]
 #define USER_UART_RX_TIMEOUT 20000
                              ^
../src/main.c:76:34: note: in expansion of macro 'USER_UART_RX_TIMEOUT'
  XUartPs_SetRecvTimeout(&uart_0, USER_UART_RX_TIMEOUT);
                                  ^~~~~~~~~~~~~~~~~~~~
../src/main.c:82:6: warning: unused variable 'i' [-Wunused-variable]
  u32 i = 0;
      ^
../src/main.c: In function 'send_pmt_uart_command':
../src/main.c:146:23: warning: pointer targets in passing argument 2 of 'XUartPs_Send' differ in signedness [-Wpointer-sign]
  XUartPs_Send(&uart_0,cmd,strlen(cmd));
                       ^~~
In file included from ../src/main.c:32:0:
../../standalone_bsp_0/psu_cortexa53_0/include/xuartps.h:462:5: note: expected 'u8 * {aka unsigned char *}' but argument is of type 'char *'
 u32 XUartPs_Send(XUartPs *InstancePtr,u8 *BufferPtr,
     ^~~~~~~~~~~~
../src/main.c: In function 'uart_rx_packet':
../src/main.c:167:35: warning: pointer targets in passing argument 2 of 'XUartPs_Recv' differ in signedness [-Wpointer-sign]
   num_rec = XUartPs_Recv(&uart_0, &packet[packet_index], 1);
                                   ^
In file included from ../src/main.c:32:0:
../../standalone_bsp_0/psu_cortexa53_0/include/xuartps.h:465:5: note: expected 'u8 * {aka unsigned char *}' but argument is of type 'char *'
 u32 XUartPs_Recv(XUartPs *InstancePtr,u8 *BufferPtr,
     ^~~~~~~~~~~~
In file included from ../src/main.c:27:0:
At top level:
../src/UtilityFunctions.h:39:12: warning: 'ConvertBinaryCodedDecimalToDecimal' defined but not used [-Wunused-function]
 static int ConvertBinaryCodedDecimalToDecimal(uint8_t bcd)
            ^~~~~~~~~~~~~~~~~~~~~~~~~~~~~~~~~~
'Finished building: ../src/main.c'
' '
'Building file: ../src/nuprism_cmd.c'
'Invoking: ARM v8 gcc compiler'
aarch64-none-elf-gcc -Wall -O0 -g3 -c -fmessage-length=0 -MT"src/nuprism_cmd.o" -I../../standalone_bsp_0/psu_cortexa53_0/include -MMD -MP -MF"src/nuprism_cmd.d" -MT"src/nuprism_cmd.o" -o "src/nuprism_cmd.o" "../src/nuprism_cmd.c"
In file included from ../src/nuprism_cmd.c:10:0:
../src/UtilityFunctions.h:39:12: warning: 'ConvertBinaryCodedDecimalToDecimal' defined but not used [-Wunused-function]
 static int ConvertBinaryCodedDecimalToDecimal(uint8_t bcd)
            ^~~~~~~~~~~~~~~~~~~~~~~~~~~~~~~~~~
'Finished building: ../src/nuprism_cmd.c'
' '
'Building target: HelloWorld.elf'
'Invoking: ARM v8 gcc linker'
aarch64-none-elf-gcc -Wl,-T -Wl,../src/lscript.ld -L../../standalone_bsp_0/psu_cortexa53_0/lib -o "HelloWorld.elf"  ./src/main.o ./src/nuprism_cmd.o   -Wl,--start-group,-lxil,-lgcc,-lc,--end-group -Wl,--start-group,-lxilffs,-lxil,-lgcc,-lc,--end-group -Wl,--start-group,-lxilpm,-lxil,-lgcc,-lc,--end-group -Wl,--start-group,-lxilsecure,-lxil,-lgcc,-lc,--end-group
./src/main.o: In function `main':
C:\triumf\max\xu1-max10-testing\XU1\workspace\HelloWorld\Debug/../src/main.c:91: undefined reference to `do_command'
collect2.exe: error: ld returned 1 exit status
make: *** [makefile:38: HelloWorld.elf] Error 1
14:58:19 **** Incremental Build of configuration Debug for project i2c_example ****
make all 
make: Nothing to be done for 'all'.
14:58:20 **** Incremental Build of configuration Debug for project fsbl ****
make all 
make: Nothing to be done for 'all'.
14:58:21 **** Incremental Build of configuration Debug for project MemoryTest ****
make all 
make: Nothing to be done for 'all'.
14:58:21 **** Incremental Build of configuration Debug for project HelloWorld ****
make all 
'Building target: HelloWorld.elf'
'Invoking: ARM v8 gcc linker'
aarch64-none-elf-gcc -Wl,-T -Wl,../src/lscript.ld -L../../standalone_bsp_0/psu_cortexa53_0/lib -o "HelloWorld.elf"  ./src/main.o ./src/nuprism_cmd.o   -Wl,--start-group,-lxil,-lgcc,-lc,--end-group -Wl,--start-group,-lxilffs,-lxil,-lgcc,-lc,--end-group -Wl,--start-group,-lxilpm,-lxil,-lgcc,-lc,--end-group -Wl,--start-group,-lxilsecure,-lxil,-lgcc,-lc,--end-group
./src/main.o: In function `main':
C:\triumf\max\xu1-max10-testing\XU1\workspace\HelloWorld\Debug/../src/main.c:91: undefined reference to `do_command'
collect2.exe: error: ld returned 1 exit status
make: *** [makefile:38: HelloWorld.elf] Error 1
14:58:22 **** Incremental Build of configuration Debug for project FlashTest ****
make all 
make: Nothing to be done for 'all'.
14:59:01 **** Auto Build of configuration Debug for project HelloWorld ****
make all 
'Building file: ../src/main.c'
'Invoking: ARM v8 gcc compiler'
aarch64-none-elf-gcc -Wall -O0 -g3 -c -fmessage-length=0 -MT"src/main.o" -I../../standalone_bsp_0/psu_cortexa53_0/include -MMD -MP -MF"src/main.d" -MT"src/main.o" -o "src/main.o" "../src/main.c"
../src/main.c: In function 'main':
../src/main.c:56:30: warning: large integer implicitly truncated to unsigned type [-Woverflow]
 #define USER_UART_RX_TIMEOUT 20000
                              ^
../src/main.c:76:34: note: in expansion of macro 'USER_UART_RX_TIMEOUT'
  XUartPs_SetRecvTimeout(&uart_0, USER_UART_RX_TIMEOUT);
                                  ^~~~~~~~~~~~~~~~~~~~
../src/main.c:91:3: warning: implicit declaration of function 'do_command'; did you mean '_howmany'? [-Wimplicit-function-declaration]
   do_command(buf);
   ^~~~~~~~~~
   _howmany
../src/main.c:82:6: warning: unused variable 'i' [-Wunused-variable]
  u32 i = 0;
      ^
../src/main.c: In function 'send_pmt_uart_command':
../src/main.c:146:23: warning: pointer targets in passing argument 2 of 'XUartPs_Send' differ in signedness [-Wpointer-sign]
  XUartPs_Send(&uart_0,cmd,strlen(cmd));
                       ^~~
In file included from ../src/main.c:32:0:
../../standalone_bsp_0/psu_cortexa53_0/include/xuartps.h:462:5: note: expected 'u8 * {aka unsigned char *}' but argument is of type 'char *'
 u32 XUartPs_Send(XUartPs *InstancePtr,u8 *BufferPtr,
     ^~~~~~~~~~~~
../src/main.c: In function 'uart_rx_packet':
../src/main.c:167:35: warning: pointer targets in passing argument 2 of 'XUartPs_Recv' differ in signedness [-Wpointer-sign]
   num_rec = XUartPs_Recv(&uart_0, &packet[packet_index], 1);
                                   ^
In file included from ../src/main.c:32:0:
../../standalone_bsp_0/psu_cortexa53_0/include/xuartps.h:465:5: note: expected 'u8 * {aka unsigned char *}' but argument is of type 'char *'
 u32 XUartPs_Recv(XUartPs *InstancePtr,u8 *BufferPtr,
     ^~~~~~~~~~~~
In file included from ../src/main.c:27:0:
At top level:
../src/UtilityFunctions.h:39:12: warning: 'ConvertBinaryCodedDecimalToDecimal' defined but not used [-Wunused-function]
 static int ConvertBinaryCodedDecimalToDecimal(uint8_t bcd)
            ^~~~~~~~~~~~~~~~~~~~~~~~~~~~~~~~~~
'Finished building: ../src/main.c'
' '
'Building file: ../src/nuprism_cmd.c'
'Invoking: ARM v8 gcc compiler'
aarch64-none-elf-gcc -Wall -O0 -g3 -c -fmessage-length=0 -MT"src/nuprism_cmd.o" -I../../standalone_bsp_0/psu_cortexa53_0/include -MMD -MP -MF"src/nuprism_cmd.d" -MT"src/nuprism_cmd.o" -o "src/nuprism_cmd.o" "../src/nuprism_cmd.c"
In file included from ../src/nuprism_cmd.c:10:0:
../src/UtilityFunctions.h:39:12: warning: 'ConvertBinaryCodedDecimalToDecimal' defined but not used [-Wunused-function]
 static int ConvertBinaryCodedDecimalToDecimal(uint8_t bcd)
            ^~~~~~~~~~~~~~~~~~~~~~~~~~~~~~~~~~
'Finished building: ../src/nuprism_cmd.c'
' '
'Building target: HelloWorld.elf'
'Invoking: ARM v8 gcc linker'
aarch64-none-elf-gcc -Wl,-T -Wl,../src/lscript.ld -L../../standalone_bsp_0/psu_cortexa53_0/lib -o "HelloWorld.elf"  ./src/main.o ./src/nuprism_cmd.o   -Wl,--start-group,-lxil,-lgcc,-lc,--end-group -Wl,--start-group,-lxilffs,-lxil,-lgcc,-lc,--end-group -Wl,--start-group,-lxilpm,-lxil,-lgcc,-lc,--end-group -Wl,--start-group,-lxilsecure,-lxil,-lgcc,-lc,--end-group
./src/main.o: In function `main':
C:\triumf\max\xu1-max10-testing\XU1\workspace\HelloWorld\Debug/../src/main.c:91: undefined reference to `do_command'
collect2.exe: error: ld returned 1 exit status
make: *** [makefile:38: HelloWorld.elf] Error 1
14:59:08 **** Auto Build of configuration Debug for project HelloWorld ****
make all 
'Building file: ../src/main.c'
'Invoking: ARM v8 gcc compiler'
aarch64-none-elf-gcc -Wall -O0 -g3 -c -fmessage-length=0 -MT"src/main.o" -I../../standalone_bsp_0/psu_cortexa53_0/include -MMD -MP -MF"src/main.d" -MT"src/main.o" -o "src/main.o" "../src/main.c"
../src/main.c: In function 'main':
../src/main.c:56:30: warning: large integer implicitly truncated to unsigned type [-Woverflow]
 #define USER_UART_RX_TIMEOUT 20000
                              ^
../src/main.c:76:34: note: in expansion of macro 'USER_UART_RX_TIMEOUT'
  XUartPs_SetRecvTimeout(&uart_0, USER_UART_RX_TIMEOUT);
                                  ^~~~~~~~~~~~~~~~~~~~
../src/main.c:82:6: warning: unused variable 'i' [-Wunused-variable]
  u32 i = 0;
      ^
../src/main.c: In function 'send_pmt_uart_command':
../src/main.c:146:23: warning: pointer targets in passing argument 2 of 'XUartPs_Send' differ in signedness [-Wpointer-sign]
  XUartPs_Send(&uart_0,cmd,strlen(cmd));
                       ^~~
In file included from ../src/main.c:32:0:
../../standalone_bsp_0/psu_cortexa53_0/include/xuartps.h:462:5: note: expected 'u8 * {aka unsigned char *}' but argument is of type 'char *'
 u32 XUartPs_Send(XUartPs *InstancePtr,u8 *BufferPtr,
     ^~~~~~~~~~~~
../src/main.c: In function 'uart_rx_packet':
../src/main.c:167:35: warning: pointer targets in passing argument 2 of 'XUartPs_Recv' differ in signedness [-Wpointer-sign]
   num_rec = XUartPs_Recv(&uart_0, &packet[packet_index], 1);
                                   ^
In file included from ../src/main.c:32:0:
../../standalone_bsp_0/psu_cortexa53_0/include/xuartps.h:465:5: note: expected 'u8 * {aka unsigned char *}' but argument is of type 'char *'
 u32 XUartPs_Recv(XUartPs *InstancePtr,u8 *BufferPtr,
     ^~~~~~~~~~~~
In file included from ../src/main.c:27:0:
At top level:
../src/UtilityFunctions.h:39:12: warning: 'ConvertBinaryCodedDecimalToDecimal' defined but not used [-Wunused-function]
 static int ConvertBinaryCodedDecimalToDecimal(uint8_t bcd)
            ^~~~~~~~~~~~~~~~~~~~~~~~~~~~~~~~~~
'Finished building: ../src/main.c'
' '
'Building target: HelloWorld.elf'
'Invoking: ARM v8 gcc linker'
aarch64-none-elf-gcc -Wl,-T -Wl,../src/lscript.ld -L../../standalone_bsp_0/psu_cortexa53_0/lib -o "HelloWorld.elf"  ./src/main.o ./src/nuprism_cmd.o   -Wl,--start-group,-lxil,-lgcc,-lc,--end-group -Wl,--start-group,-lxilffs,-lxil,-lgcc,-lc,--end-group -Wl,--start-group,-lxilpm,-lxil,-lgcc,-lc,--end-group -Wl,--start-group,-lxilsecure,-lxil,-lgcc,-lc,--end-group
'Finished building target: HelloWorld.elf'
' '
'Invoking: ARM v8 Print Size'
aarch64-none-elf-size HelloWorld.elf  |tee "HelloWorld.elf.size"
   text	   data	    bss	    dec	    hex	filename
  56456	   4504	  20912	  81872	  13fd0	HelloWorld.elf
'Finished building: HelloWorld.elf.size'
' '
14:59:09 **** Incremental Build of configuration Debug for project i2c_example ****
make all 
make: Nothing to be done for 'all'.
14:59:10 **** Incremental Build of configuration Debug for project fsbl ****
make all 
make: Nothing to be done for 'all'.
14:59:10 **** Incremental Build of configuration Debug for project MemoryTest ****
make all 
make: Nothing to be done for 'all'.
14:59:11 **** Incremental Build of configuration Debug for project HelloWorld ****
make all 
make: Nothing to be done for 'all'.
14:59:11 **** Incremental Build of configuration Debug for project FlashTest ****
make all 
make: Nothing to be done for 'all'.
14:59:29 **** Incremental Build of configuration Debug for project HelloWorld ****
make all 
make: Nothing to be done for 'all'.
09:21:04 **** Incremental Build of configuration Debug for project i2c_example ****
make all 
make: Nothing to be done for 'all'.
09:21:07 **** Incremental Build of configuration Debug for project fsbl ****
make all 
make: Nothing to be done for 'all'.
09:21:08 **** Incremental Build of configuration Debug for project MemoryTest ****
make all 
make: Nothing to be done for 'all'.
09:21:09 **** Incremental Build of configuration Debug for project HelloWorld ****
make all 
make: Nothing to be done for 'all'.
09:21:10 **** Incremental Build of configuration Debug for project FlashTest ****
make all 
make: Nothing to be done for 'all'.
09:21:34 **** Auto Build of configuration Debug for project HelloWorld ****
make all 
'Building file: ../src/main.c'
'Invoking: ARM v8 gcc compiler'
aarch64-none-elf-gcc -Wall -O0 -g3 -c -fmessage-length=0 -MT"src/main.o" -I../../standalone_bsp_0/psu_cortexa53_0/include -MMD -MP -MF"src/main.d" -MT"src/main.o" -o "src/main.o" "../src/main.c"
../src/main.c: In function 'main':
../src/main.c:56:30: warning: large integer implicitly truncated to unsigned type [-Woverflow]
 #define USER_UART_RX_TIMEOUT 20000
                              ^
../src/main.c:76:34: note: in expansion of macro 'USER_UART_RX_TIMEOUT'
  XUartPs_SetRecvTimeout(&uart_0, USER_UART_RX_TIMEOUT);
                                  ^~~~~~~~~~~~~~~~~~~~
../src/main.c:82:6: warning: unused variable 'i' [-Wunused-variable]
  u32 i = 0;
      ^
../src/main.c: In function 'send_pmt_uart_command':
../src/main.c:146:23: warning: pointer targets in passing argument 2 of 'XUartPs_Send' differ in signedness [-Wpointer-sign]
  XUartPs_Send(&uart_0,cmd,strlen(cmd));
                       ^~~
In file included from ../src/main.c:32:0:
../../standalone_bsp_0/psu_cortexa53_0/include/xuartps.h:462:5: note: expected 'u8 * {aka unsigned char *}' but argument is of type 'char *'
 u32 XUartPs_Send(XUartPs *InstancePtr,u8 *BufferPtr,
     ^~~~~~~~~~~~
../src/main.c: In function 'uart_rx_packet':
../src/main.c:167:35: warning: pointer targets in passing argument 2 of 'XUartPs_Recv' differ in signedness [-Wpointer-sign]
   num_rec = XUartPs_Recv(&uart_0, &packet[packet_index], 1);
                                   ^
In file included from ../src/main.c:32:0:
../../standalone_bsp_0/psu_cortexa53_0/include/xuartps.h:465:5: note: expected 'u8 * {aka unsigned char *}' but argument is of type 'char *'
 u32 XUartPs_Recv(XUartPs *InstancePtr,u8 *BufferPtr,
     ^~~~~~~~~~~~
In file included from ../src/main.c:27:0:
At top level:
../src/UtilityFunctions.h:39:12: warning: 'ConvertBinaryCodedDecimalToDecimal' defined but not used [-Wunused-function]
 static int ConvertBinaryCodedDecimalToDecimal(uint8_t bcd)
            ^~~~~~~~~~~~~~~~~~~~~~~~~~~~~~~~~~
'Finished building: ../src/main.c'
' '
'Building target: HelloWorld.elf'
'Invoking: ARM v8 gcc linker'
aarch64-none-elf-gcc -Wl,-T -Wl,../src/lscript.ld -L../../standalone_bsp_0/psu_cortexa53_0/lib -o "HelloWorld.elf"  ./src/main.o ./src/nuprism_cmd.o   -Wl,--start-group,-lxil,-lgcc,-lc,--end-group -Wl,--start-group,-lxilffs,-lxil,-lgcc,-lc,--end-group -Wl,--start-group,-lxilpm,-lxil,-lgcc,-lc,--end-group -Wl,--start-group,-lxilsecure,-lxil,-lgcc,-lc,--end-group
'Finished building target: HelloWorld.elf'
' '
'Invoking: ARM v8 Print Size'
aarch64-none-elf-size HelloWorld.elf  |tee "HelloWorld.elf.size"
   text	   data	    bss	    dec	    hex	filename
  56456	   4504	  20912	  81872	  13fd0	HelloWorld.elf
'Finished building: HelloWorld.elf.size'
' '
09:21:39 **** Incremental Build of configuration Debug for project i2c_example ****
make all 
make: Nothing to be done for 'all'.
09:21:40 **** Incremental Build of configuration Debug for project fsbl ****
make all 
make: Nothing to be done for 'all'.
09:21:41 **** Incremental Build of configuration Debug for project MemoryTest ****
make all 
make: Nothing to be done for 'all'.
09:21:42 **** Incremental Build of configuration Debug for project HelloWorld ****
make all 
make: Nothing to be done for 'all'.
09:21:42 **** Incremental Build of configuration Debug for project FlashTest ****
make all 
make: Nothing to be done for 'all'.
09:22:19 **** Incremental Build of configuration Debug for project HelloWorld ****
make all 
make: Nothing to be done for 'all'.
09:22:56 **** Incremental Build of configuration Debug for project HelloWorld ****
make all 
make: Nothing to be done for 'all'.
09:24:34 **** Incremental Build of configuration Debug for project HelloWorld ****
make all 
make: Nothing to be done for 'all'.
09:27:30 **** Incremental Build of configuration Debug for project HelloWorld ****
make all 
make: Nothing to be done for 'all'.
09:27:58 **** Incremental Build of configuration Debug for project HelloWorld ****
make all 
make: Nothing to be done for 'all'.
09:28:44 **** Incremental Build of configuration Debug for project HelloWorld ****
make all 
make: Nothing to be done for 'all'.
